{"logTime": "0314/222428", "correlationVector":"5eXvrDYFbbX7N1PZbAy07c.1","action":"SyncServerConnectionManagerRequest", "result":"SYNC_SERVER_OK", "context":{"environment":"Prod_eastus2_prod-s01-050-nam-eastus2", "migrationStage":"NotStarted", "server":"akswtt112000000"}}
{"logTime": "0314/222428", "correlationVector":"5eXvrDYFbbX7N1PZbAy07c.2","action":"ProcessGetUpdates", "result":"Done", "context":{"dataType":"Encryption Keys", "deleted":"0", "process_failed_to_decrypt":"0", "process_pending_decryption":"0", "process_success":"1", "total":"1"}}
{"logTime": "0314/222429", "correlationVector":"SM7B4hewQoeV2FMWGATqWK","action":"SyncServerConnectionManagerRequest", "result":"SYNC_SERVER_OK", "context":{"environment":"", "migrationStage":"", "server":""}}
{"logTime": "0314/222429", "correlationVector":"SM7B4hewQoeV2FMWGATqWK.0","action":"EncryptionKeysFetcher.DownloadKeys:", "result":"Success", "context":Key count: 8, Last key timestamp: 2025-10-04T00:12:20Z}
{"logTime": "0314/222429", "correlationVector":"SM7B4hewQoeV2FMWGATqWK.1","action":"EncryptionKeysManager::SetEncryptionKeys:", "result":"Success", "context":Key names[8]:[EGGXjE+PVM5EwzV+pvoeYDKA/EDltoLnaZjx2zSq7oNcy3yNfn8sRPLfjaojio9kPWbO7rcWM9NVERTAPGGhMQ==][UklVCDxPptGIyLS7AW0orLS+2hIB06c3lGCBeOad1p1xF1m2ikZS8b5ZJr3jjhOhojfyRaxgftmUDDyWDmSKRg==][oIgWGLrOS2JgcAWyBj57QO99j2LBr9of7jZk42gNj2OJltJxV2i5S6uLmSoAhIt6Ll24ztRhm+V62560x2qYPg==][TCt2UFQ/mFxVvSRYVWGLVhrS8SGifDjaXLqg3rcO+Gi/kW/q1jSEaAKAvBmhKDr55bI2xb38NO2eqdg8sF0vmA==][yoKob5OdnZAht7sB4FnDWzDjoVV6vv0iaeCwX2a7eOfywj1Yocq4o7Z1+SJoBE8EMTjSdhW6zwPrA1FutePcwQ==][opYAj9MfCHRTCKrgcvPwENa7im2iV63JCmhgUUau9FWwnnF6mXL4wTckS3DtzAnsq40Rtf8sYvEj6DF6LInb6w==][KPX76tQV0TJM88kL6K77Q396h5trXAKd1Q6ZQdBzTiCHpToi5yb4cesDjT1Koc+LFd7Fr1jJN2Sho59vOmSziw==][gN76FAe4IcyP1pfFz9B98izgaDDJ3PjB5bM2g0vWMzCJ6KEkQ6YHTHGo52jLOG0cmngiFMkt0r3kObo56DrFkw==]}
{"logTime": "0314/222429", "correlationVector":"SM7B4hewQoeV2FMWGATqWK.2","action":"EncryptionKeysManager::SetEncryptionKeysWithTimestamps:", "result":"Success", "context":Key timestamps[8]:[2021-05-02T17:43:11Z][2021-10-29T23:36:16Z][2022-05-29T23:03:52Z][2023-07-08T13:30:27Z][2024-01-04T15:15:01Z][2024-07-03T03:00:17Z][2025-04-04T20:00:32Z][2025-10-04T00:12:20Z]}
{"logTime": "0314/222429", "correlationVector":"5eXvrDYFbbX7N1PZbAy07c","action":"Initial GetUpdates", "result":"", "context":Reason: NEW_CLIENT. cV=5eXvrDYFbbX7N1PZbAy07c}
{"logTime": "0314/222429", "correlationVector":"5eXvrDYFbbX7N1PZbAy07c.3","action":"GetUpdates Response", "result":"Success", "context":Received 1 update(s). cV=5eXvrDYFbbX7N1PZbAy07c.0;server=akswtt112000000;cloudType=Consumer;environment=Prod_eastus2_prod-s01-050-nam-eastus2;migrationStage=NotStarted}
{"logTime": "0314/222429", "correlationVector":"YteSZs2Aj1EtBXT8TqcCeb","action":"Initial GetUpdates", "result":"", "context":Reason: NEWLY_SUPPORTED_DATATYPE. cV=YteSZs2Aj1EtBXT8TqcCeb}
{"logTime": "0314/222429", "correlationVector":"YteSZs2Aj1EtBXT8TqcCeb.1","action":"SyncServerConnectionManagerRequest", "result":"SYNC_SERVER_OK", "context":{"environment":"Prod_eastus2_prod-s01-050-nam-eastus2", "migrationStage":"NotStarted", "server":"akswtt112000011"}}
{"logTime": "0314/222430", "correlationVector":"YteSZs2Aj1EtBXT8TqcCeb.2","action":"ProcessGetUpdates", "result":"Done", "context":{"dataType":"Preferences", "deleted":"1", "process_failed_to_decrypt":"0", "process_pending_decryption":"0", "process_success":"95", "total":"95"}}
{"logTime": "0314/222430", "correlationVector":"YteSZs2Aj1EtBXT8TqcCeb.3","action":"ProcessGetUpdates", "result":"Done", "context":{"dataType":"Passwords", "deleted":"0", "process_failed_to_decrypt":"0", "process_pending_decryption":"0", "process_success":"54", "total":"54"}}
{"logTime": "0314/222430", "correlationVector":"YteSZs2Aj1EtBXT8TqcCeb.4","action":"ProcessGetUpdates", "result":"Done", "context":{"dataType":"Device Info", "deleted":"0", "process_failed_to_decrypt":"0", "process_pending_decryption":"0", "process_success":"27", "total":"27"}}
{"logTime": "0314/222430", "correlationVector":"YteSZs2Aj1EtBXT8TqcCeb.5","action":"GetUpdates Response", "result":"Success", "context":Received 176 update(s). cV=YteSZs2Aj1EtBXT8TqcCeb.0;server=akswtt112000011;cloudType=Consumer;environment=Prod_eastus2_prod-s01-050-nam-eastus2;migrationStage=NotStarted}
{"logTime": "0314/222430", "correlationVector":"FhQ5ENgwc8i3IJ+UiluAqe","action":"Initial GetUpdates", "result":"", "context":Reason: NEWLY_SUPPORTED_DATATYPE. cV=FhQ5ENgwc8i3IJ+UiluAqe}
{"logTime": "0314/222430", "correlationVector":"FhQ5ENgwc8i3IJ+UiluAqe.1","action":"SyncServerConnectionManagerRequest", "result":"SYNC_SERVER_OK", "context":{"environment":"Prod_eastus2_prod-s01-050-nam-eastus2", "migrationStage":"NotStarted", "server":"akswtt112000000"}}
{"logTime": "0314/222430", "correlationVector":"FhQ5ENgwc8i3IJ+UiluAqe.2","action":"ProcessGetUpdates", "result":"Done", "context":{"dataType":"Bookmarks", "deleted":"0", "process_failed_to_decrypt":"0", "process_pending_decryption":"0", "process_success":"15", "total":"15"}}
{"logTime": "0314/222430", "correlationVector":"FhQ5ENgwc8i3IJ+UiluAqe.3","action":"GetUpdates Response", "result":"Success", "context":Received 15 update(s). cV=FhQ5ENgwc8i3IJ+UiluAqe.0;server=akswtt112000000;cloudType=Consumer;environment=Prod_eastus2_prod-s01-050-nam-eastus2;migrationStage=NotStarted}
{"logTime": "0314/222430", "correlationVector":"bdGBgNN7Easvi4d5/sb43G","action":"Initial GetUpdates", "result":"", "context":Reason: NEWLY_SUPPORTED_DATATYPE. cV=bdGBgNN7Easvi4d5/sb43G}
{"logTime": "0314/222430", "correlationVector":"bdGBgNN7Easvi4d5/sb43G.1","action":"SyncServerConnectionManagerRequest", "result":"SYNC_SERVER_OK", "context":{"environment":"Prod_eastus2_prod-s01-050-nam-eastus2", "migrationStage":"NotStarted", "server":"akswtt11200000c"}}
{"logTime": "0314/222430", "correlationVector":"bdGBgNN7Easvi4d5/sb43G.2","action":"ProcessGetUpdates", "result":"Done", "context":{"dataType":"Autofill", "deleted":"0", "process_failed_to_decrypt":"0", "process_pending_decryption":"0", "process_success":"99", "total":"99"}}
{"logTime": "0314/222430", "correlationVector":"bdGBgNN7Easvi4d5/sb43G.3","action":"ProcessGetUpdates", "result":"Done", "context":{"dataType":"Extensions", "deleted":"0", "process_failed_to_decrypt":"0", "process_pending_decryption":"0", "process_success":"1", "total":"1"}}
{"logTime": "0314/222430", "correlationVector":"bdGBgNN7Easvi4d5/sb43G.4","action":"ProcessGetUpdates", "result":"Done", "context":{"dataType":"Sessions", "deleted":"140", "process_failed_to_decrypt":"0", "process_pending_decryption":"0", "process_success":"140", "total":"140"}}
{"logTime": "0314/222430", "correlationVector":"bdGBgNN7Easvi4d5/sb43G.5","action":"ProcessGetUpdates", "result":"Done", "context":{"dataType":"Collection", "deleted":"0", "process_failed_to_decrypt":"0", "process_pending_decryption":"0", "process_success":"3", "total":"3"}}
{"logTime": "0314/222430", "correlationVector":"bdGBgNN7Easvi4d5/sb43G.6","action":"ProcessGetUpdates", "result":"Done", "context":{"dataType":"Edge Hub App Usage", "deleted":"3", "process_failed_to_decrypt":"0", "process_pending_decryption":"0", "process_success":"7", "total":"7"}}
{"logTime": "0314/222430", "correlationVector":"bdGBgNN7Easvi4d5/sb43G.7","action":"GetUpdates Response", "result":"Success", "context":Received 250 update(s). cV=bdGBgNN7Easvi4d5/sb43G.0;server=akswtt11200000c;cloudType=Consumer;environment=Prod_eastus2_prod-s01-050-nam-eastus2;migrationStage=NotStarted Some updates remain.}
{"logTime": "0314/222430", "correlationVector":"Qc3aYsmw9Z5RxzbeFSjdVt","action":"Initial GetUpdates", "result":"", "context":Reason: NEWLY_SUPPORTED_DATATYPE. cV=Qc3aYsmw9Z5RxzbeFSjdVt}
{"logTime": "0314/222431", "correlationVector":"Qc3aYsmw9Z5RxzbeFSjdVt.1","action":"SyncServerConnectionManagerRequest", "result":"SYNC_SERVER_OK", "context":{"environment":"Prod_eastus2_prod-s01-050-nam-eastus2", "migrationStage":"NotStarted", "server":"akswtt11200000a"}}
{"logTime": "0314/222431", "correlationVector":"Qc3aYsmw9Z5RxzbeFSjdVt.2","action":"ProcessGetUpdates", "result":"Done", "context":{"dataType":"Autofill", "deleted":"0", "process_failed_to_decrypt":"0", "process_pending_decryption":"0", "process_success":"27", "total":"27"}}
{"logTime": "0314/222431", "correlationVector":"Qc3aYsmw9Z5RxzbeFSjdVt.3","action":"ProcessGetUpdates", "result":"Done", "context":{"dataType":"Extensions", "deleted":"0", "process_failed_to_decrypt":"0", "process_pending_decryption":"0", "process_success":"2", "total":"2"}}
{"logTime": "0314/222431", "correlationVector":"Qc3aYsmw9Z5RxzbeFSjdVt.4","action":"ProcessGetUpdates", "result":"Done", "context":{"dataType":"Sessions", "deleted":"200", "process_failed_to_decrypt":"0", "process_pending_decryption":"0", "process_success":"216", "total":"216"}}
{"logTime": "0314/222431", "correlationVector":"Qc3aYsmw9Z5RxzbeFSjdVt.5","action":"ProcessGetUpdates", "result":"Done", "context":{"dataType":"Edge Hub App Usage", "deleted":"0", "process_failed_to_decrypt":"0", "process_pending_decryption":"0", "process_success":"5", "total":"5"}}
{"logTime": "0314/222431", "correlationVector":"Qc3aYsmw9Z5RxzbeFSjdVt.6","action":"GetUpdates Response", "result":"Success", "context":Received 250 update(s). cV=Qc3aYsmw9Z5RxzbeFSjdVt.0;server=akswtt11200000a;cloudType=Consumer;environment=Prod_eastus2_prod-s01-050-nam-eastus2;migrationStage=NotStarted Some updates remain.}
{"logTime": "0314/222431", "correlationVector":"Hkooi28wG0+JkxSJNKrxK/","action":"Initial GetUpdates", "result":"", "context":Reason: NEWLY_SUPPORTED_DATATYPE. cV=Hkooi28wG0+JkxSJNKrxK/}
{"logTime": "0314/222431", "correlationVector":"Hkooi28wG0+JkxSJNKrxK/.1","action":"SyncServerConnectionManagerRequest", "result":"SYNC_SERVER_OK", "context":{"environment":"Prod_eastus2_prod-s01-050-nam-eastus2", "migrationStage":"NotStarted", "server":"akswtt11200000b"}}
{"logTime": "0314/222431", "correlationVector":"Hkooi28wG0+JkxSJNKrxK/.2","action":"ProcessGetUpdates", "result":"Done", "context":{"dataType":"Autofill", "deleted":"0", "process_failed_to_decrypt":"0", "process_pending_decryption":"0", "process_success":"3", "total":"3"}}
{"logTime": "0314/222431", "correlationVector":"Hkooi28wG0+JkxSJNKrxK/.3","action":"ProcessGetUpdates", "result":"Done", "context":{"dataType":"Extensions", "deleted":"0", "process_failed_to_decrypt":"0", "process_pending_decryption":"0", "process_success":"1", "total":"1"}}
{"logTime": "0314/222431", "correlationVector":"Hkooi28wG0+JkxSJNKrxK/.4","action":"ProcessGetUpdates", "result":"Done", "context":{"dataType":"Sessions", "deleted":"7", "process_failed_to_decrypt":"0", "process_pending_decryption":"0", "process_success":"11", "total":"11"}}
{"logTime": "0314/222431", "correlationVector":"Hkooi28wG0+JkxSJNKrxK/.5","action":"GetUpdates Response", "result":"Success", "context":Received 15 update(s). cV=Hkooi28wG0+JkxSJNKrxK/.0;server=akswtt11200000b;cloudType=Consumer;environment=Prod_eastus2_prod-s01-050-nam-eastus2;migrationStage=NotStarted}
{"logTime": "0314/222431", "correlationVector":"8o4TLdVSbDET0KutWmBaF5","action":"Initial GetUpdates", "result":"", "context":Reason: NEWLY_SUPPORTED_DATATYPE. cV=8o4TLdVSbDET0KutWmBaF5}
{"logTime": "0314/222432", "correlationVector":"8o4TLdVSbDET0KutWmBaF5.1","action":"SyncServerConnectionManagerRequest", "result":"SYNC_SERVER_OK", "context":{"environment":"Prod_eastus2_prod-s01-050-nam-eastus2", "migrationStage":"NotStarted", "server":"akswtt11200000f"}}
{"logTime": "0314/222432", "correlationVector":"8o4TLdVSbDET0KutWmBaF5.2","action":"ProcessGetUpdates", "result":"Done", "context":{"dataType":"History", "deleted":"0", "process_failed_to_decrypt":"0", "process_pending_decryption":"0", "process_success":"250", "total":"250"}}
{"logTime": "0314/222432", "correlationVector":"8o4TLdVSbDET0KutWmBaF5.3","action":"GetUpdates Response", "result":"Success", "context":Received 250 update(s). cV=8o4TLdVSbDET0KutWmBaF5.0;server=akswtt11200000f;cloudType=Consumer;environment=Prod_eastus2_prod-s01-050-nam-eastus2;migrationStage=NotStarted Some updates remain.}
{"logTime": "0314/222432", "correlationVector":"OChdUTQaMbn9TGjrJsMbD7","action":"Initial GetUpdates", "result":"", "context":Reason: NEWLY_SUPPORTED_DATATYPE. cV=OChdUTQaMbn9TGjrJsMbD7}
{"logTime": "0314/222433", "correlationVector":"OChdUTQaMbn9TGjrJsMbD7.1","action":"SyncServerConnectionManagerRequest", "result":"SYNC_SERVER_OK", "context":{"environment":"Prod_eastus2_prod-s01-050-nam-eastus2", "migrationStage":"NotStarted", "server":"akswtt11200000i"}}
{"logTime": "0314/222433", "correlationVector":"OChdUTQaMbn9TGjrJsMbD7.2","action":"ProcessGetUpdates", "result":"Done", "context":{"dataType":"History", "deleted":"0", "process_failed_to_decrypt":"0", "process_pending_decryption":"0", "process_success":"250", "total":"250"}}
{"logTime": "0314/222433", "correlationVector":"OChdUTQaMbn9TGjrJsMbD7.3","action":"GetUpdates Response", "result":"Success", "context":Received 250 update(s). cV=OChdUTQaMbn9TGjrJsMbD7.0;server=akswtt11200000i;cloudType=Consumer;environment=Prod_eastus2_prod-s01-050-nam-eastus2;migrationStage=NotStarted Some updates remain.}
{"logTime": "0314/222433", "correlationVector":"UZcwG04smR/uHXZTkuudGF","action":"Initial GetUpdates", "result":"", "context":Reason: NEWLY_SUPPORTED_DATATYPE. cV=UZcwG04smR/uHXZTkuudGF}
{"logTime": "0314/222433", "correlationVector":"UZcwG04smR/uHXZTkuudGF.1","action":"SyncServerConnectionManagerRequest", "result":"SYNC_SERVER_OK", "context":{"environment":"Prod_eastus2_prod-s01-050-nam-eastus2", "migrationStage":"NotStarted", "server":"akswtt11200000g"}}
{"logTime": "0314/222433", "correlationVector":"UZcwG04smR/uHXZTkuudGF.2","action":"ProcessGetUpdates", "result":"Done", "context":{"dataType":"History", "deleted":"0", "process_failed_to_decrypt":"0", "process_pending_decryption":"0", "process_success":"250", "total":"250"}}
{"logTime": "0314/222433", "correlationVector":"UZcwG04smR/uHXZTkuudGF.3","action":"GetUpdates Response", "result":"Success", "context":Received 250 update(s). cV=UZcwG04smR/uHXZTkuudGF.0;server=akswtt11200000g;cloudType=Consumer;environment=Prod_eastus2_prod-s01-050-nam-eastus2;migrationStage=NotStarted Some updates remain.}
{"logTime": "0314/222433", "correlationVector":"ZVObdEGPV4KZuumj5ESiHA","action":"Initial GetUpdates", "result":"", "context":Reason: NEWLY_SUPPORTED_DATATYPE. cV=ZVObdEGPV4KZuumj5ESiHA}
{"logTime": "0314/222434", "correlationVector":"ZVObdEGPV4KZuumj5ESiHA.1","action":"SyncServerConnectionManagerRequest", "result":"SYNC_SERVER_OK", "context":{"environment":"Prod_eastus2_prod-s01-050-nam-eastus2", "migrationStage":"NotStarted", "server":"akswtt11200000i"}}
{"logTime": "0314/222434", "correlationVector":"ZVObdEGPV4KZuumj5ESiHA.2","action":"ProcessGetUpdates", "result":"Done", "context":{"dataType":"History", "deleted":"0", "process_failed_to_decrypt":"0", "process_pending_decryption":"0", "process_success":"250", "total":"250"}}
{"logTime": "0314/222434", "correlationVector":"ZVObdEGPV4KZuumj5ESiHA.3","action":"GetUpdates Response", "result":"Success", "context":Received 250 update(s). cV=ZVObdEGPV4KZuumj5ESiHA.0;server=akswtt11200000i;cloudType=Consumer;environment=Prod_eastus2_prod-s01-050-nam-eastus2;migrationStage=NotStarted Some updates remain.}
{"logTime": "0314/222434", "correlationVector":"s37Ly71PKfU2viegGaP4+r","action":"Initial GetUpdates", "result":"", "context":Reason: NEWLY_SUPPORTED_DATATYPE. cV=s37Ly71PKfU2viegGaP4+r}
{"logTime": "0314/222435", "correlationVector":"s37Ly71PKfU2viegGaP4+r.1","action":"SyncServerConnectionManagerRequest", "result":"SYNC_SERVER_OK", "context":{"environment":"Prod_eastus2_prod-s01-050-nam-eastus2", "migrationStage":"NotStarted", "server":"akswtt112000016"}}
{"logTime": "0314/222435", "correlationVector":"s37Ly71PKfU2viegGaP4+r.2","action":"ProcessGetUpdates", "result":"Done", "context":{"dataType":"History", "deleted":"0", "process_failed_to_decrypt":"0", "process_pending_decryption":"0", "process_success":"250", "total":"250"}}
{"logTime": "0314/222435", "correlationVector":"s37Ly71PKfU2viegGaP4+r.3","action":"GetUpdates Response", "result":"Success", "context":Received 250 update(s). cV=s37Ly71PKfU2viegGaP4+r.0;server=akswtt112000016;cloudType=Consumer;environment=Prod_eastus2_prod-s01-050-nam-eastus2;migrationStage=NotStarted Some updates remain.}
{"logTime": "0314/222435", "correlationVector":"AQ4LFNaSjgLdZxSQxBycSM","action":"Initial GetUpdates", "result":"", "context":Reason: NEWLY_SUPPORTED_DATATYPE. cV=AQ4LFNaSjgLdZxSQxBycSM}
{"logTime": "0314/222435", "correlationVector":"AQ4LFNaSjgLdZxSQxBycSM.1","action":"SyncServerConnectionManagerRequest", "result":"SYNC_SERVER_OK", "context":{"environment":"Prod_eastus2_prod-s01-050-nam-eastus2", "migrationStage":"NotStarted", "server":"akswtt112000006"}}
{"logTime": "0314/222435", "correlationVector":"AQ4LFNaSjgLdZxSQxBycSM.2","action":"ProcessGetUpdates", "result":"Done", "context":{"dataType":"History", "deleted":"0", "process_failed_to_decrypt":"0", "process_pending_decryption":"0", "process_success":"250", "total":"250"}}
{"logTime": "0314/222435", "correlationVector":"AQ4LFNaSjgLdZxSQxBycSM.3","action":"GetUpdates Response", "result":"Success", "context":Received 250 update(s). cV=AQ4LFNaSjgLdZxSQxBycSM.0;server=akswtt112000006;cloudType=Consumer;environment=Prod_eastus2_prod-s01-050-nam-eastus2;migrationStage=NotStarted Some updates remain.}
{"logTime": "0314/222435", "correlationVector":"EgAYYvAVz+GvxI9T5Mi/SU","action":"Initial GetUpdates", "result":"", "context":Reason: NEWLY_SUPPORTED_DATATYPE. cV=EgAYYvAVz+GvxI9T5Mi/SU}
{"logTime": "0314/222436", "correlationVector":"EgAYYvAVz+GvxI9T5Mi/SU.1","action":"SyncServerConnectionManagerRequest", "result":"SYNC_SERVER_OK", "context":{"environment":"Prod_eastus2_prod-s01-050-nam-eastus2", "migrationStage":"NotStarted", "server":"akswtt11200001d"}}
{"logTime": "0314/222436", "correlationVector":"EgAYYvAVz+GvxI9T5Mi/SU.2","action":"ProcessGetUpdates", "result":"Done", "context":{"dataType":"History", "deleted":"0", "process_failed_to_decrypt":"0", "process_pending_decryption":"0", "process_success":"19", "total":"19"}}
{"logTime": "0314/222436", "correlationVector":"EgAYYvAVz+GvxI9T5Mi/SU.3","action":"GetUpdates Response", "result":"Success", "context":Received 19 update(s). cV=EgAYYvAVz+GvxI9T5Mi/SU.0;server=akswtt11200001d;cloudType=Consumer;environment=Prod_eastus2_prod-s01-050-nam-eastus2;migrationStage=NotStarted}
{"logTime": "0314/222436", "correlationVector":"H68sj/GU3ud00A/++4/TFt","action":"Normal GetUpdate request", "result":"", "context":cV=H68sj/GU3ud00A/++4/TFt
Nudged types: Preferences, Passwords, Sessions, Device Info, User Consents, History
Refresh requested types: Bookmarks, Preferences, Passwords, Autofill Profiles, Autofill, Extensions, Sessions, Extension settings, History Delete Directives, Device Info, User Consents, Send Tab To Self, Web Apps, History, Saved Tab Group, WebAuthn Credentials, Collection, Edge E Drop, Edge Hub App Usage, Edge Wallet, Edge Workspace, Encryption Keys}
{"logTime": "0314/222436", "correlationVector":"H68sj/GU3ud00A/++4/TFt.1","action":"SyncServerConnectionManagerRequest", "result":"SYNC_SERVER_OK", "context":{"environment":"Prod_eastus2_prod-s01-050-nam-eastus2", "migrationStage":"NotStarted", "server":"akswtt11200000i"}}
{"logTime": "0314/222436", "correlationVector":"H68sj/GU3ud00A/++4/TFt.2","action":"GetUpdates Response", "result":"Success", "context":Received 0 update(s). cV=H68sj/GU3ud00A/++4/TFt.0;server=akswtt11200000i;cloudType=Consumer;environment=Prod_eastus2_prod-s01-050-nam-eastus2;migrationStage=NotStarted}
{"logTime": "0314/222436", "correlationVector":"QyGshfaWS9Cn1ePc9WIa4s","action":"Commit Request", "result":"", "context":Item count: 40
Contributing types: Preferences, Passwords, Sessions, Device Info}
{"logTime": "0314/222438", "correlationVector":"QyGshfaWS9Cn1ePc9WIa4s.1","action":"SyncServerConnectionManagerRequest", "result":"SYNC_SERVER_OK", "context":{"environment":"Prod_eastus2_prod-s01-050-nam-eastus2", "migrationStage":"NotStarted", "server":"akswtt11200001d"}}
{"logTime": "0314/222438", "correlationVector":"QyGshfaWS9Cn1ePc9WIa4s.2","action":"Commit Response", "result":"Success", "context":Result: Success. cV=QyGshfaWS9Cn1ePc9WIa4s.0;server=akswtt11200001d;cloudType=Consumer;environment=Prod_eastus2_prod-s01-050-nam-eastus2;migrationStage=NotStarted}
{"logTime": "0314/222438", "correlationVector":"MvWuYoauBXanGzH/po+lor","action":"Commit Request", "result":"", "context":Item count: 4
Contributing types: Sessions, User Consents, History}
{"logTime": "0314/222438", "correlationVector":"MvWuYoauBXanGzH/po+lor.1","action":"SyncServerConnectionManagerRequest", "result":"SYNC_SERVER_OK", "context":{"environment":"Prod_eastus2_prod-s01-050-nam-eastus2", "migrationStage":"NotStarted", "server":"akswtt112000002"}}
{"logTime": "0314/222438", "correlationVector":"MvWuYoauBXanGzH/po+lor.2","action":"Commit Response", "result":"Success", "context":Result: Success. cV=MvWuYoauBXanGzH/po+lor.0;server=akswtt112000002;cloudType=Consumer;environment=Prod_eastus2_prod-s01-050-nam-eastus2;migrationStage=NotStarted}
{"logTime": "0314/222525", "correlationVector":"At0ujyZHtxHmHH5mQWAYiI","action":"Commit Request", "result":"", "context":Item count: 40
Contributing types: Passwords, History}
{"logTime": "0314/222526", "correlationVector":"At0ujyZHtxHmHH5mQWAYiI.1","action":"SyncServerConnectionManagerRequest", "result":"SYNC_SERVER_OK", "context":{"environment":"Prod_eastus2_prod-s01-050-nam-eastus2", "migrationStage":"NotStarted", "server":"akswtt112000011"}}
{"logTime": "0314/222526", "correlationVector":"At0ujyZHtxHmHH5mQWAYiI.2","action":"Commit Response", "result":"Success", "context":Result: Success. cV=At0ujyZHtxHmHH5mQWAYiI.0;server=akswtt112000011;cloudType=Consumer;environment=Prod_eastus2_prod-s01-050-nam-eastus2;migrationStage=NotStarted}
{"logTime": "0314/222641", "correlationVector":"MLF7uJmOZ5LgmtD/Fb04nk","action":"Commit Request", "result":"", "context":Item count: 1
Contributing types: Sessions}
{"logTime": "0314/222641", "correlationVector":"MLF7uJmOZ5LgmtD/Fb04nk.1","action":"SyncServerConnectionManagerRequest", "result":"SYNC_SERVER_OK", "context":{"environment":"Prod_eastus2_prod-s01-050-nam-eastus2", "migrationStage":"NotStarted", "server":"akswtt112000016"}}
{"logTime": "0314/222641", "correlationVector":"MLF7uJmOZ5LgmtD/Fb04nk.2","action":"Commit Response", "result":"Success", "context":Result: Success. cV=MLF7uJmOZ5LgmtD/Fb04nk.0;server=akswtt112000016;cloudType=Consumer;environment=Prod_eastus2_prod-s01-050-nam-eastus2;migrationStage=NotStarted}
{"logTime": "0314/222718", "correlationVector":"R601IO4UJBQMx7IUrSvdFC","action":"Commit Request", "result":"", "context":Item count: 4
Contributing types: Preferences, Sessions, History}
{"logTime": "0314/222719", "correlationVector":"R601IO4UJBQMx7IUrSvdFC.1","action":"SyncServerConnectionManagerRequest", "result":"SYNC_SERVER_OK", "context":{"environment":"Prod_eastus2_prod-s01-050-nam-eastus2", "migrationStage":"NotStarted", "server":"akswtt11200000w"}}
{"logTime": "0314/222719", "correlationVector":"R601IO4UJBQMx7IUrSvdFC.2","action":"Commit Response", "result":"Success", "context":Result: Success. cV=R601IO4UJBQMx7IUrSvdFC.0;server=akswtt11200000w;cloudType=Consumer;environment=Prod_eastus2_prod-s01-050-nam-eastus2;migrationStage=NotStarted}
{"logTime": "0314/222820", "correlationVector":"SHv5pSMFuc7Lws0oOsTTyt","action":"Commit Request", "result":"", "context":Item count: 2
Contributing types: Sessions, History}
{"logTime": "0314/222820", "correlationVector":"SHv5pSMFuc7Lws0oOsTTyt.1","action":"SyncServerConnectionManagerRequest", "result":"SYNC_SERVER_OK", "context":{"environment":"Prod_eastus2_prod-s01-050-nam-eastus2", "migrationStage":"NotStarted", "server":"akswtt112000008"}}
{"logTime": "0314/222820", "correlationVector":"SHv5pSMFuc7Lws0oOsTTyt.2","action":"Commit Response", "result":"Success", "context":Result: Success. cV=SHv5pSMFuc7Lws0oOsTTyt.0;server=akswtt112000008;cloudType=Consumer;environment=Prod_eastus2_prod-s01-050-nam-eastus2;migrationStage=NotStarted}
{"logTime": "0314/223756", "correlationVector":"XhwRmpF8rQVd+1FX8QcA74","action":"Commit Request", "result":"", "context":Item count: 1
Contributing types: Sessions}
{"logTime": "0314/223756", "correlationVector":"XhwRmpF8rQVd+1FX8QcA74.1","action":"SyncServerConnectionManagerRequest", "result":"SYNC_SERVER_OK", "context":{"environment":"Prod_eastus2_prod-s01-050-nam-eastus2", "migrationStage":"NotStarted", "server":"akswtt11200000a"}}
{"logTime": "0314/223756", "correlationVector":"XhwRmpF8rQVd+1FX8QcA74.2","action":"Commit Response", "result":"Success", "context":Result: Success. cV=XhwRmpF8rQVd+1FX8QcA74.0;server=akswtt11200000a;cloudType=Consumer;environment=Prod_eastus2_prod-s01-050-nam-eastus2;migrationStage=NotStarted}
{"logTime": "0314/225425", "correlationVector":"f06Pt7JSzByQVxaTLgipji","action":"Commit Request", "result":"", "context":Item count: 1
Contributing types: Sessions}
{"logTime": "0314/225426", "correlationVector":"f06Pt7JSzByQVxaTLgipji.1","action":"SyncServerConnectionManagerRequest", "result":"SYNC_SERVER_OK", "context":{"environment":"Prod_eastus2_prod-s01-050-nam-eastus2", "migrationStage":"NotStarted", "server":"akswtt11200000t"}}
{"logTime": "0314/225426", "correlationVector":"f06Pt7JSzByQVxaTLgipji.2","action":"Commit Response", "result":"Success", "context":Result: Success. cV=f06Pt7JSzByQVxaTLgipji.0;server=akswtt11200000t;cloudType=Consumer;environment=Prod_eastus2_prod-s01-050-nam-eastus2;migrationStage=NotStarted}
{"logTime": "0314/231001", "correlationVector":"LdDGqIeaFXFGl9dvR0rcfg","action":"Commit Request", "result":"", "context":Item count: 1
Contributing types: Sessions}
{"logTime": "0314/231001", "correlationVector":"LdDGqIeaFXFGl9dvR0rcfg.1","action":"SyncServerConnectionManagerRequest", "result":"SYNC_SERVER_OK", "context":{"environment":"Prod_eastus2_prod-s01-050-nam-eastus2", "migrationStage":"NotStarted", "server":"akswtt11200000g"}}
{"logTime": "0314/231001", "correlationVector":"LdDGqIeaFXFGl9dvR0rcfg.2","action":"Commit Response", "result":"Success", "context":Result: Success. cV=LdDGqIeaFXFGl9dvR0rcfg.0;server=akswtt11200000g;cloudType=Consumer;environment=Prod_eastus2_prod-s01-050-nam-eastus2;migrationStage=NotStarted}
{"logTime": "0314/232924", "correlationVector":"0vMcYtublSIoajEaIAjdvW","action":"Commit Request", "result":"", "context":Item count: 1
Contributing types: Sessions}
{"logTime": "0314/232925", "correlationVector":"0vMcYtublSIoajEaIAjdvW.1","action":"SyncServerConnectionManagerRequest", "result":"SYNC_SERVER_OK", "context":{"environment":"Prod_eastus2_prod-s01-050-nam-eastus2", "migrationStage":"NotStarted", "server":"akswtt11200000n"}}
{"logTime": "0314/232925", "correlationVector":"0vMcYtublSIoajEaIAjdvW.2","action":"Commit Response", "result":"Success", "context":Result: Success. cV=0vMcYtublSIoajEaIAjdvW.0;server=akswtt11200000n;cloudType=Consumer;environment=Prod_eastus2_prod-s01-050-nam-eastus2;migrationStage=NotStarted}
{"logTime": "0314/234403", "correlationVector":"2Dk2B7MIOO0hHFLe4JTWMG","action":"Normal GetUpdate request", "result":"", "context":cV=2Dk2B7MIOO0hHFLe4JTWMG
Nudged types: Sessions
Notified types: Preferences, Passwords, Device Info}
{"logTime": "0314/234403", "correlationVector":"2Dk2B7MIOO0hHFLe4JTWMG.1","action":"SyncServerConnectionManagerRequest", "result":"SYNC_SERVER_OK", "context":{"environment":"Prod_eastus2_prod-s01-050-nam-eastus2", "migrationStage":"NotStarted", "server":"akswtt11200000j"}}
{"logTime": "0314/234403", "correlationVector":"2Dk2B7MIOO0hHFLe4JTWMG.2","action":"ProcessGetUpdates", "result":"Done", "context":{"dataType":"Preferences", "deleted":"0", "process_failed_to_decrypt":"0", "process_pending_decryption":"0", "process_success":"2", "total":"2"}}
{"logTime": "0314/234403", "correlationVector":"2Dk2B7MIOO0hHFLe4JTWMG.3","action":"ProcessGetUpdates", "result":"Done", "context":{"dataType":"Passwords", "deleted":"0", "process_failed_to_decrypt":"0", "process_pending_decryption":"0", "process_success":"41", "total":"41"}}
{"logTime": "0314/234403", "correlationVector":"2Dk2B7MIOO0hHFLe4JTWMG.4","action":"ProcessGetUpdates", "result":"Done", "context":{"dataType":"Sessions", "deleted":"0", "process_failed_to_decrypt":"0", "process_pending_decryption":"0", "process_success":"3", "total":"3"}}
{"logTime": "0314/234403", "correlationVector":"2Dk2B7MIOO0hHFLe4JTWMG.5","action":"ProcessGetUpdates", "result":"Done", "context":{"dataType":"Device Info", "deleted":"0", "process_failed_to_decrypt":"0", "process_pending_decryption":"0", "process_success":"2", "total":"2"}}
{"logTime": "0314/234403", "correlationVector":"2Dk2B7MIOO0hHFLe4JTWMG.6","action":"ProcessGetUpdates", "result":"Done", "context":{"dataType":"History", "deleted":"0", "process_failed_to_decrypt":"0", "process_pending_decryption":"0", "process_success":"2", "total":"2"}}
{"logTime": "0314/234403", "correlationVector":"2Dk2B7MIOO0hHFLe4JTWMG.7","action":"GetUpdates Response", "result":"Success", "context":Received 50 update(s). cV=2Dk2B7MIOO0hHFLe4JTWMG.0;server=akswtt11200000j;cloudType=Consumer;environment=Prod_eastus2_prod-s01-050-nam-eastus2;migrationStage=NotStarted}
{"logTime": "0314/234404", "correlationVector":"j6j4bcscDy74ASTfffo1Nh","action":"DoCompareDataConsistency requsted types: ", "result":"Bookmarks, Preferences, Passwords, Extensions, Extension settings, History Delete Directives, Send Tab To Self, Web Apps, History, Saved Tab Group, WebAuthn Credentials, Collection, Edge E Drop, Edge Wallet, Edge Workspace, Encryption Keys"}
{"logTime": "0314/234404", "correlationVector":"j6j4bcscDy74ASTfffo1Nh.0","action":"CompareDataConsistency result: ", "result":"Compare result: Encryption Keys is consistent. local entities count is: 1 local entities hash is: 4tqDdolXC1GrqGPVTx7mwNx8Ktg="}
{"logTime": "0314/234404", "correlationVector":"j6j4bcscDy74ASTfffo1Nh.1","action":"CompareDataConsistency result: ", "result":"Compare result: Bookmarks is consistent. local entities count is: 9 local entities hash is: ETKtJGb+MHwlDwhlvsxdqGwJhnc="}
{"logTime": "0314/234404", "correlationVector":"j6j4bcscDy74ASTfffo1Nh.2","action":"CompareDataConsistency result: ", "result":"Compare result: Preferences is consistent. local entities count is: 94 local entities hash is: CFm4cjEWqX1gyAe/1cKrjeNrSvs="}
{"logTime": "0314/234404", "correlationVector":"j6j4bcscDy74ASTfffo1Nh.3","action":"CompareDataConsistency result: ", "result":"Compare result: Extensions is consistent. local entities count is: 4 local entities hash is: 88lfOPkxwVFnCtjfGS76maGY0aE="}
{"logTime": "0314/234404", "correlationVector":"j6j4bcscDy74ASTfffo1Nh.4","action":"CompareDataConsistency result: ", "result":"Compare result: Extension settings is consistent. local entities count is: 0 local entities hash is: "}
{"logTime": "0314/234404", "correlationVector":"j6j4bcscDy74ASTfffo1Nh.5","action":"CompareDataConsistency result: ", "result":"Compare result: History Delete Directives is consistent. local entities count is: 0 local entities hash is: "}
{"logTime": "0314/234404", "correlationVector":"j6j4bcscDy74ASTfffo1Nh.6","action":"CompareDataConsistency result: ", "result":"Server did not send this Send Tab To Self local entities count is: 0 local entities hash is: "}
{"logTime": "0314/234404", "correlationVector":"j6j4bcscDy74ASTfffo1Nh.7","action":"CompareDataConsistency result: ", "result":"Compare result: Web Apps is consistent. local entities count is: 0 local entities hash is: "}
{"logTime": "0314/234404", "correlationVector":"j6j4bcscDy74ASTfffo1Nh.8","action":"CompareDataConsistency result: ", "result":"Server did not send this History local entities count is: 0 local entities hash is: "}
{"logTime": "0314/234404", "correlationVector":"j6j4bcscDy74ASTfffo1Nh.9","action":"CompareDataConsistency result: ", "result":"Compare result: Saved Tab Group is consistent. local entities count is: 0 local entities hash is: "}
{"logTime": "0314/234404", "correlationVector":"j6j4bcscDy74ASTfffo1Nh.10","action":"CompareDataConsistency result: ", "result":"Server did not send this WebAuthn Credentials local entities count is: 0 local entities hash is: "}
{"logTime": "0314/234404", "correlationVector":"j6j4bcscDy74ASTfffo1Nh.11","action":"CompareDataConsistency result: ", "result":"Compare result: Collection is consistent. local entities count is: 3 local entities hash is: THUBeVdDxl7vcpewlzmJsnGfUbs="}
{"logTime": "0314/234404", "correlationVector":"j6j4bcscDy74ASTfffo1Nh.12","action":"CompareDataConsistency result: ", "result":"Compare result: Edge E Drop is consistent. local entities count is: 0 local entities hash is: "}
{"logTime": "0314/234404", "correlationVector":"j6j4bcscDy74ASTfffo1Nh.13","action":"CompareDataConsistency result: ", "result":"Compare result: Edge Wallet is consistent. local entities count is: 0 local entities hash is: "}
{"logTime": "0314/234404", "correlationVector":"j6j4bcscDy74ASTfffo1Nh.14","action":"CompareDataConsistency result: ", "result":"Server did not send this Edge Workspace local entities count is: 0 local entities hash is: "}
{"logTime": "0314/234404", "correlationVector":"j6j4bcscDy74ASTfffo1Nh.15","action":"CompareDataConsistency result: ", "result":"Compare result: Passwords is consistent. local entities count is: 54 local entities hash is: xe3RDyPV6RxFOdwI69Ke881pMO0="}
{"logTime": "0314/234404", "correlationVector":"HpVmOhITjkWcgzzHHI1Wz6","action":"Commit Request", "result":"", "context":Item count: 1
Contributing types: Sessions}
{"logTime": "0314/234404", "correlationVector":"HpVmOhITjkWcgzzHHI1Wz6.1","action":"SyncServerConnectionManagerRequest", "result":"SYNC_SERVER_OK", "context":{"environment":"Prod_eastus2_prod-s01-050-nam-eastus2", "migrationStage":"NotStarted", "server":"akswtt11200000m"}}
{"logTime": "0314/234404", "correlationVector":"HpVmOhITjkWcgzzHHI1Wz6.2","action":"Commit Response", "result":"Success", "context":Result: Success. cV=HpVmOhITjkWcgzzHHI1Wz6.0;server=akswtt11200000m;cloudType=Consumer;environment=Prod_eastus2_prod-s01-050-nam-eastus2;migrationStage=NotStarted}
{"logTime": "0314/234404", "correlationVector":"","action":"DIAGNOSTIC_REQUEST|v1/diagnosticData/Diagnostic.SendCheckResult()|SUCCESS", "result":""}
{"logTime": "0315/000927", "correlationVector":"6TnC5nUpYr0I/vFr6Fau+8.1","action":"SyncServerConnectionManagerRequest", "result":"SYNC_SERVER_OK", "context":{"environment":"Prod_eastus2_prod-s01-050-nam-eastus2", "migrationStage":"NotStarted", "server":"akswtt11200000b"}}
{"logTime": "0315/000927", "correlationVector":"6TnC5nUpYr0I/vFr6Fau+8.2","action":"ProcessGetUpdates", "result":"Done", "context":{"dataType":"Encryption Keys", "deleted":"0", "process_failed_to_decrypt":"0", "process_pending_decryption":"0", "process_success":"1", "total":"1"}}
{"logTime": "0315/000928", "correlationVector":"aoEEU0TEq7sQyYjTDjOerB","action":"SyncServerConnectionManagerRequest", "result":"SYNC_SERVER_OK", "context":{"environment":"", "migrationStage":"", "server":""}}
{"logTime": "0315/000928", "correlationVector":"aoEEU0TEq7sQyYjTDjOerB.0","action":"EncryptionKeysFetcher.DownloadKeys:", "result":"Success", "context":Key count: 8, Last key timestamp: 2025-10-04T00:12:20Z}
{"logTime": "0315/000928", "correlationVector":"aoEEU0TEq7sQyYjTDjOerB.1","action":"EncryptionKeysManager::SetEncryptionKeys:", "result":"Success", "context":Key names[8]:[EGGXjE+PVM5EwzV+pvoeYDKA/EDltoLnaZjx2zSq7oNcy3yNfn8sRPLfjaojio9kPWbO7rcWM9NVERTAPGGhMQ==][UklVCDxPptGIyLS7AW0orLS+2hIB06c3lGCBeOad1p1xF1m2ikZS8b5ZJr3jjhOhojfyRaxgftmUDDyWDmSKRg==][oIgWGLrOS2JgcAWyBj57QO99j2LBr9of7jZk42gNj2OJltJxV2i5S6uLmSoAhIt6Ll24ztRhm+V62560x2qYPg==][TCt2UFQ/mFxVvSRYVWGLVhrS8SGifDjaXLqg3rcO+Gi/kW/q1jSEaAKAvBmhKDr55bI2xb38NO2eqdg8sF0vmA==][yoKob5OdnZAht7sB4FnDWzDjoVV6vv0iaeCwX2a7eOfywj1Yocq4o7Z1+SJoBE8EMTjSdhW6zwPrA1FutePcwQ==][opYAj9MfCHRTCKrgcvPwENa7im2iV63JCmhgUUau9FWwnnF6mXL4wTckS3DtzAnsq40Rtf8sYvEj6DF6LInb6w==][KPX76tQV0TJM88kL6K77Q396h5trXAKd1Q6ZQdBzTiCHpToi5yb4cesDjT1Koc+LFd7Fr1jJN2Sho59vOmSziw==][gN76FAe4IcyP1pfFz9B98izgaDDJ3PjB5bM2g0vWMzCJ6KEkQ6YHTHGo52jLOG0cmngiFMkt0r3kObo56DrFkw==]}
{"logTime": "0315/000928", "correlationVector":"aoEEU0TEq7sQyYjTDjOerB.2","action":"EncryptionKeysManager::SetEncryptionKeysWithTimestamps:", "result":"Success", "context":Key timestamps[8]:[2021-05-02T17:43:11Z][2021-10-29T23:36:16Z][2022-05-29T23:03:52Z][2023-07-08T13:30:27Z][2024-01-04T15:15:01Z][2024-07-03T03:00:17Z][2025-04-04T20:00:32Z][2025-10-04T00:12:20Z]}
{"logTime": "0315/000928", "correlationVector":"6TnC5nUpYr0I/vFr6Fau+8","action":"Initial GetUpdates", "result":"", "context":Reason: NEW_CLIENT. cV=6TnC5nUpYr0I/vFr6Fau+8}
{"logTime": "0315/000928", "correlationVector":"6TnC5nUpYr0I/vFr6Fau+8.3","action":"GetUpdates Response", "result":"Success", "context":Received 1 update(s). cV=6TnC5nUpYr0I/vFr6Fau+8.0;server=akswtt11200000b;cloudType=Consumer;environment=Prod_eastus2_prod-s01-050-nam-eastus2;migrationStage=NotStarted}
{"logTime": "0315/000928", "correlationVector":"BQkOov8UGaLZHqfPwZHSAv","action":"Initial GetUpdates", "result":"", "context":Reason: NEWLY_SUPPORTED_DATATYPE. cV=BQkOov8UGaLZHqfPwZHSAv}
{"logTime": "0315/000928", "correlationVector":"BQkOov8UGaLZHqfPwZHSAv.1","action":"SyncServerConnectionManagerRequest", "result":"SYNC_SERVER_OK", "context":{"environment":"Prod_eastus2_prod-s01-050-nam-eastus2", "migrationStage":"NotStarted", "server":"akswtt11200001e"}}
{"logTime": "0315/000928", "correlationVector":"BQkOov8UGaLZHqfPwZHSAv.2","action":"ProcessGetUpdates", "result":"Done", "context":{"dataType":"Passwords", "deleted":"0", "process_failed_to_decrypt":"0", "process_pending_decryption":"0", "process_success":"54", "total":"54"}}
{"logTime": "0315/000928", "correlationVector":"BQkOov8UGaLZHqfPwZHSAv.3","action":"GetUpdates Response", "result":"Success", "context":Received 54 update(s). cV=BQkOov8UGaLZHqfPwZHSAv.0;server=akswtt11200001e;cloudType=Consumer;environment=Prod_eastus2_prod-s01-050-nam-eastus2;migrationStage=NotStarted}
{"logTime": "0315/000928", "correlationVector":"KAP9U/ZYe8HlFUYILxvHkI","action":"Normal GetUpdate request", "result":"", "context":cV=KAP9U/ZYe8HlFUYILxvHkI
Nudged types: Sessions, Device Info, History
Refresh requested types: Bookmarks, Preferences, Passwords, Autofill Profiles, Autofill, Extensions, Sessions, Extension settings, History Delete Directives, Device Info, User Consents, Send Tab To Self, Web Apps, History, Saved Tab Group, WebAuthn Credentials, Collection, Edge E Drop, Edge Hub App Usage, Edge Wallet, Edge Workspace, Encryption Keys}
{"logTime": "0315/000928", "correlationVector":"KAP9U/ZYe8HlFUYILxvHkI.1","action":"SyncServerConnectionManagerRequest", "result":"SYNC_SERVER_OK", "context":{"environment":"Prod_eastus2_prod-s01-050-nam-eastus2", "migrationStage":"NotStarted", "server":"akswtt11200001b"}}
{"logTime": "0315/000928", "correlationVector":"KAP9U/ZYe8HlFUYILxvHkI.2","action":"ProcessGetUpdates", "result":"Done", "context":{"dataType":"Sessions", "deleted":"0", "process_failed_to_decrypt":"0", "process_pending_decryption":"0", "process_success":"1", "total":"1"}}
{"logTime": "0315/000928", "correlationVector":"KAP9U/ZYe8HlFUYILxvHkI.3","action":"GetUpdates Response", "result":"Success", "context":Received 1 update(s). cV=KAP9U/ZYe8HlFUYILxvHkI.0;server=akswtt11200001b;cloudType=Consumer;environment=Prod_eastus2_prod-s01-050-nam-eastus2;migrationStage=NotStarted}
{"logTime": "0315/000928", "correlationVector":"/lEiI+UY6HBUvh+vBDJlf8","action":"Commit Request", "result":"", "context":Item count: 5
Contributing types: Sessions, Device Info, History}
{"logTime": "0315/000929", "correlationVector":"/lEiI+UY6HBUvh+vBDJlf8.1","action":"SyncServerConnectionManagerRequest", "result":"SYNC_SERVER_OK", "context":{"environment":"Prod_eastus2_prod-s01-050-nam-eastus2", "migrationStage":"NotStarted", "server":"akswtt11200000n"}}
{"logTime": "0315/000929", "correlationVector":"/lEiI+UY6HBUvh+vBDJlf8.3","action":"Commit.Sessions", "result":"Success", "context":{"id":"fa0df3a1-b145-41cb-b265-1ae1fa0d2fd7", "isDeleted":"true", "size":"0", "version":"1773531843606"}}
{"logTime": "0315/000929", "correlationVector":"/lEiI+UY6HBUvh+vBDJlf8.2","action":"Commit Response", "result":"Success", "context":Result: Success. cV=/lEiI+UY6HBUvh+vBDJlf8.0;server=akswtt11200000n;cloudType=Consumer;environment=Prod_eastus2_prod-s01-050-nam-eastus2;migrationStage=NotStarted}
{"logTime": "0315/000931", "correlationVector":"8f2v6stIvmdRapSlOrtzAt","action":"Commit Request", "result":"", "context":Item count: 40
Contributing types: Preferences, Passwords, Sessions, History}
{"logTime": "0315/000933", "correlationVector":"8f2v6stIvmdRapSlOrtzAt.1","action":"SyncServerConnectionManagerRequest", "result":"SYNC_SERVER_OK", "context":{"environment":"Prod_eastus2_prod-s01-050-nam-eastus2", "migrationStage":"NotStarted", "server":"akswtt11200000g"}}
{"logTime": "0315/000933", "correlationVector":"8f2v6stIvmdRapSlOrtzAt.2","action":"Commit Response", "result":"Success", "context":Result: Success. cV=8f2v6stIvmdRapSlOrtzAt.0;server=akswtt11200000g;cloudType=Consumer;environment=Prod_eastus2_prod-s01-050-nam-eastus2;migrationStage=NotStarted}
{"logTime": "0315/001023", "correlationVector":"qMQ0UZ79YNvIxokI2/SSfm","action":"Commit Request", "result":"", "context":Item count: 1
Contributing types: History}
{"logTime": "0315/001024", "correlationVector":"qMQ0UZ79YNvIxokI2/SSfm.1","action":"SyncServerConnectionManagerRequest", "result":"SYNC_SERVER_OK", "context":{"environment":"Prod_eastus2_prod-s01-050-nam-eastus2", "migrationStage":"NotStarted", "server":"akswtt112000017"}}
{"logTime": "0315/001024", "correlationVector":"qMQ0UZ79YNvIxokI2/SSfm.2","action":"Commit Response", "result":"Success", "context":Result: Success. cV=qMQ0UZ79YNvIxokI2/SSfm.0;server=akswtt112000017;cloudType=Consumer;environment=Prod_eastus2_prod-s01-050-nam-eastus2;migrationStage=NotStarted}
{"logTime": "0315/002341", "correlationVector":"Llkm3HqtdaTdUbQtzWvdBG.1","action":"SyncServerConnectionManagerRequest", "result":"SYNC_SERVER_OK", "context":{"environment":"Prod_eastus2_prod-s01-050-nam-eastus2", "migrationStage":"NotStarted", "server":"akswtt11200000h"}}
{"logTime": "0315/002341", "correlationVector":"Llkm3HqtdaTdUbQtzWvdBG.2","action":"ProcessGetUpdates", "result":"Done", "context":{"dataType":"Encryption Keys", "deleted":"0", "process_failed_to_decrypt":"0", "process_pending_decryption":"0", "process_success":"1", "total":"1"}}
{"logTime": "0315/002342", "correlationVector":"kTpufEbynC8KTC2OoIjIhM","action":"SyncServerConnectionManagerRequest", "result":"SYNC_SERVER_OK", "context":{"environment":"", "migrationStage":"", "server":""}}
{"logTime": "0315/002342", "correlationVector":"kTpufEbynC8KTC2OoIjIhM.0","action":"EncryptionKeysFetcher.DownloadKeys:", "result":"Success", "context":Key count: 8, Last key timestamp: 2025-10-04T00:12:20Z}
{"logTime": "0315/002342", "correlationVector":"kTpufEbynC8KTC2OoIjIhM.1","action":"EncryptionKeysManager::SetEncryptionKeys:", "result":"Success", "context":Key names[8]:[EGGXjE+PVM5EwzV+pvoeYDKA/EDltoLnaZjx2zSq7oNcy3yNfn8sRPLfjaojio9kPWbO7rcWM9NVERTAPGGhMQ==][UklVCDxPptGIyLS7AW0orLS+2hIB06c3lGCBeOad1p1xF1m2ikZS8b5ZJr3jjhOhojfyRaxgftmUDDyWDmSKRg==][oIgWGLrOS2JgcAWyBj57QO99j2LBr9of7jZk42gNj2OJltJxV2i5S6uLmSoAhIt6Ll24ztRhm+V62560x2qYPg==][TCt2UFQ/mFxVvSRYVWGLVhrS8SGifDjaXLqg3rcO+Gi/kW/q1jSEaAKAvBmhKDr55bI2xb38NO2eqdg8sF0vmA==][yoKob5OdnZAht7sB4FnDWzDjoVV6vv0iaeCwX2a7eOfywj1Yocq4o7Z1+SJoBE8EMTjSdhW6zwPrA1FutePcwQ==][opYAj9MfCHRTCKrgcvPwENa7im2iV63JCmhgUUau9FWwnnF6mXL4wTckS3DtzAnsq40Rtf8sYvEj6DF6LInb6w==][KPX76tQV0TJM88kL6K77Q396h5trXAKd1Q6ZQdBzTiCHpToi5yb4cesDjT1Koc+LFd7Fr1jJN2Sho59vOmSziw==][gN76FAe4IcyP1pfFz9B98izgaDDJ3PjB5bM2g0vWMzCJ6KEkQ6YHTHGo52jLOG0cmngiFMkt0r3kObo56DrFkw==]}
{"logTime": "0315/002342", "correlationVector":"kTpufEbynC8KTC2OoIjIhM.2","action":"EncryptionKeysManager::SetEncryptionKeysWithTimestamps:", "result":"Success", "context":Key timestamps[8]:[2021-05-02T17:43:11Z][2021-10-29T23:36:16Z][2022-05-29T23:03:52Z][2023-07-08T13:30:27Z][2024-01-04T15:15:01Z][2024-07-03T03:00:17Z][2025-04-04T20:00:32Z][2025-10-04T00:12:20Z]}
{"logTime": "0315/002342", "correlationVector":"Llkm3HqtdaTdUbQtzWvdBG","action":"Initial GetUpdates", "result":"", "context":Reason: NEW_CLIENT. cV=Llkm3HqtdaTdUbQtzWvdBG}
{"logTime": "0315/002342", "correlationVector":"Llkm3HqtdaTdUbQtzWvdBG.3","action":"GetUpdates Response", "result":"Success", "context":Received 1 update(s). cV=Llkm3HqtdaTdUbQtzWvdBG.0;server=akswtt11200000h;cloudType=Consumer;environment=Prod_eastus2_prod-s01-050-nam-eastus2;migrationStage=NotStarted}
{"logTime": "0315/002342", "correlationVector":"T4M8cBfYXlZTRss7IG4zUO","action":"Initial GetUpdates", "result":"", "context":Reason: NEWLY_SUPPORTED_DATATYPE. cV=T4M8cBfYXlZTRss7IG4zUO}
{"logTime": "0315/002342", "correlationVector":"T4M8cBfYXlZTRss7IG4zUO.1","action":"SyncServerConnectionManagerRequest", "result":"SYNC_SERVER_OK", "context":{"environment":"Prod_eastus2_prod-s01-050-nam-eastus2", "migrationStage":"NotStarted", "server":"akswtt112000019"}}
{"logTime": "0315/002342", "correlationVector":"T4M8cBfYXlZTRss7IG4zUO.2","action":"ProcessGetUpdates", "result":"Done", "context":{"dataType":"Preferences", "deleted":"1", "process_failed_to_decrypt":"0", "process_pending_decryption":"0", "process_success":"95", "total":"95"}}
{"logTime": "0315/002342", "correlationVector":"T4M8cBfYXlZTRss7IG4zUO.3","action":"ProcessGetUpdates", "result":"Done", "context":{"dataType":"Passwords", "deleted":"0", "process_failed_to_decrypt":"0", "process_pending_decryption":"0", "process_success":"54", "total":"54"}}
{"logTime": "0315/002342", "correlationVector":"T4M8cBfYXlZTRss7IG4zUO.4","action":"ProcessGetUpdates", "result":"Done", "context":{"dataType":"Device Info", "deleted":"0", "process_failed_to_decrypt":"0", "process_pending_decryption":"0", "process_success":"29", "total":"29"}}
{"logTime": "0315/002342", "correlationVector":"T4M8cBfYXlZTRss7IG4zUO.5","action":"GetUpdates Response", "result":"Success", "context":Received 178 update(s). cV=T4M8cBfYXlZTRss7IG4zUO.0;server=akswtt112000019;cloudType=Consumer;environment=Prod_eastus2_prod-s01-050-nam-eastus2;migrationStage=NotStarted}
{"logTime": "0315/002342", "correlationVector":"5iER/kvyzHMq4LtV0RlGQN","action":"Initial GetUpdates", "result":"", "context":Reason: NEWLY_SUPPORTED_DATATYPE. cV=5iER/kvyzHMq4LtV0RlGQN}
{"logTime": "0315/002342", "correlationVector":"5iER/kvyzHMq4LtV0RlGQN.1","action":"SyncServerConnectionManagerRequest", "result":"SYNC_SERVER_OK", "context":{"environment":"Prod_eastus2_prod-s01-050-nam-eastus2", "migrationStage":"NotStarted", "server":"akswtt11200000n"}}
{"logTime": "0315/002342", "correlationVector":"5iER/kvyzHMq4LtV0RlGQN.2","action":"ProcessGetUpdates", "result":"Done", "context":{"dataType":"Bookmarks", "deleted":"0", "process_failed_to_decrypt":"0", "process_pending_decryption":"0", "process_success":"15", "total":"15"}}
{"logTime": "0315/002342", "correlationVector":"5iER/kvyzHMq4LtV0RlGQN.3","action":"GetUpdates Response", "result":"Success", "context":Received 15 update(s). cV=5iER/kvyzHMq4LtV0RlGQN.0;server=akswtt11200000n;cloudType=Consumer;environment=Prod_eastus2_prod-s01-050-nam-eastus2;migrationStage=NotStarted}
{"logTime": "0315/002342", "correlationVector":"tEkov/bUKsgJPVG19oMCgX","action":"Initial GetUpdates", "result":"", "context":Reason: NEWLY_SUPPORTED_DATATYPE. cV=tEkov/bUKsgJPVG19oMCgX}
{"logTime": "0315/002343", "correlationVector":"tEkov/bUKsgJPVG19oMCgX.1","action":"SyncServerConnectionManagerRequest", "result":"SYNC_SERVER_OK", "context":{"environment":"Prod_eastus2_prod-s01-050-nam-eastus2", "migrationStage":"NotStarted", "server":"akswtt112000011"}}
{"logTime": "0315/002343", "correlationVector":"tEkov/bUKsgJPVG19oMCgX.2","action":"ProcessGetUpdates", "result":"Done", "context":{"dataType":"Autofill", "deleted":"0", "process_failed_to_decrypt":"0", "process_pending_decryption":"0", "process_success":"99", "total":"99"}}
{"logTime": "0315/002343", "correlationVector":"tEkov/bUKsgJPVG19oMCgX.3","action":"ProcessGetUpdates", "result":"Done", "context":{"dataType":"Extensions", "deleted":"0", "process_failed_to_decrypt":"0", "process_pending_decryption":"0", "process_success":"1", "total":"1"}}
{"logTime": "0315/002343", "correlationVector":"tEkov/bUKsgJPVG19oMCgX.4","action":"ProcessGetUpdates", "result":"Done", "context":{"dataType":"Sessions", "deleted":"140", "process_failed_to_decrypt":"0", "process_pending_decryption":"0", "process_success":"140", "total":"140"}}
{"logTime": "0315/002343", "correlationVector":"tEkov/bUKsgJPVG19oMCgX.5","action":"ProcessGetUpdates", "result":"Done", "context":{"dataType":"Collection", "deleted":"0", "process_failed_to_decrypt":"0", "process_pending_decryption":"0", "process_success":"3", "total":"3"}}
{"logTime": "0315/002343", "correlationVector":"tEkov/bUKsgJPVG19oMCgX.6","action":"ProcessGetUpdates", "result":"Done", "context":{"dataType":"Edge Hub App Usage", "deleted":"3", "process_failed_to_decrypt":"0", "process_pending_decryption":"0", "process_success":"7", "total":"7"}}
{"logTime": "0315/002343", "correlationVector":"tEkov/bUKsgJPVG19oMCgX.7","action":"GetUpdates Response", "result":"Success", "context":Received 250 update(s). cV=tEkov/bUKsgJPVG19oMCgX.0;server=akswtt112000011;cloudType=Consumer;environment=Prod_eastus2_prod-s01-050-nam-eastus2;migrationStage=NotStarted Some updates remain.}
{"logTime": "0315/002343", "correlationVector":"ragUvQqx6GcCAqxYU5tJfG","action":"Initial GetUpdates", "result":"", "context":Reason: NEWLY_SUPPORTED_DATATYPE. cV=ragUvQqx6GcCAqxYU5tJfG}
{"logTime": "0315/002343", "correlationVector":"ragUvQqx6GcCAqxYU5tJfG.1","action":"SyncServerConnectionManagerRequest", "result":"SYNC_SERVER_OK", "context":{"environment":"Prod_eastus2_prod-s01-050-nam-eastus2", "migrationStage":"NotStarted", "server":"akswtt112000019"}}
{"logTime": "0315/002343", "correlationVector":"ragUvQqx6GcCAqxYU5tJfG.2","action":"ProcessGetUpdates", "result":"Done", "context":{"dataType":"Autofill", "deleted":"0", "process_failed_to_decrypt":"0", "process_pending_decryption":"0", "process_success":"27", "total":"27"}}
{"logTime": "0315/002343", "correlationVector":"ragUvQqx6GcCAqxYU5tJfG.3","action":"ProcessGetUpdates", "result":"Done", "context":{"dataType":"Extensions", "deleted":"0", "process_failed_to_decrypt":"0", "process_pending_decryption":"0", "process_success":"2", "total":"2"}}
{"logTime": "0315/002343", "correlationVector":"ragUvQqx6GcCAqxYU5tJfG.4","action":"ProcessGetUpdates", "result":"Done", "context":{"dataType":"Sessions", "deleted":"200", "process_failed_to_decrypt":"0", "process_pending_decryption":"0", "process_success":"216", "total":"216"}}
{"logTime": "0315/002343", "correlationVector":"ragUvQqx6GcCAqxYU5tJfG.5","action":"ProcessGetUpdates", "result":"Done", "context":{"dataType":"Edge Hub App Usage", "deleted":"0", "process_failed_to_decrypt":"0", "process_pending_decryption":"0", "process_success":"5", "total":"5"}}
{"logTime": "0315/002343", "correlationVector":"ragUvQqx6GcCAqxYU5tJfG.6","action":"GetUpdates Response", "result":"Success", "context":Received 250 update(s). cV=ragUvQqx6GcCAqxYU5tJfG.0;server=akswtt112000019;cloudType=Consumer;environment=Prod_eastus2_prod-s01-050-nam-eastus2;migrationStage=NotStarted Some updates remain.}
{"logTime": "0315/002343", "correlationVector":"qAXqdueZspZ4u1fefXh24C","action":"Initial GetUpdates", "result":"", "context":Reason: NEWLY_SUPPORTED_DATATYPE. cV=qAXqdueZspZ4u1fefXh24C}
{"logTime": "0315/002343", "correlationVector":"qAXqdueZspZ4u1fefXh24C.1","action":"SyncServerConnectionManagerRequest", "result":"SYNC_SERVER_OK", "context":{"environment":"Prod_eastus2_prod-s01-050-nam-eastus2", "migrationStage":"NotStarted", "server":"akswtt112000012"}}
{"logTime": "0315/002343", "correlationVector":"qAXqdueZspZ4u1fefXh24C.2","action":"ProcessGetUpdates", "result":"Done", "context":{"dataType":"Autofill", "deleted":"0", "process_failed_to_decrypt":"0", "process_pending_decryption":"0", "process_success":"3", "total":"3"}}
{"logTime": "0315/002343", "correlationVector":"qAXqdueZspZ4u1fefXh24C.3","action":"ProcessGetUpdates", "result":"Done", "context":{"dataType":"Extensions", "deleted":"0", "process_failed_to_decrypt":"0", "process_pending_decryption":"0", "process_success":"1", "total":"1"}}
{"logTime": "0315/002343", "correlationVector":"qAXqdueZspZ4u1fefXh24C.4","action":"ProcessGetUpdates", "result":"Done", "context":{"dataType":"Sessions", "deleted":"8", "process_failed_to_decrypt":"0", "process_pending_decryption":"0", "process_success":"15", "total":"15"}}
{"logTime": "0315/002343", "correlationVector":"qAXqdueZspZ4u1fefXh24C.5","action":"GetUpdates Response", "result":"Success", "context":Received 19 update(s). cV=qAXqdueZspZ4u1fefXh24C.0;server=akswtt112000012;cloudType=Consumer;environment=Prod_eastus2_prod-s01-050-nam-eastus2;migrationStage=NotStarted}
{"logTime": "0315/002344", "correlationVector":"EyW4WzNCAwaR2Ov8/sZspA","action":"Initial GetUpdates", "result":"", "context":Reason: NEWLY_SUPPORTED_DATATYPE. cV=EyW4WzNCAwaR2Ov8/sZspA}
{"logTime": "0315/002344", "correlationVector":"EyW4WzNCAwaR2Ov8/sZspA.1","action":"SyncServerConnectionManagerRequest", "result":"SYNC_SERVER_OK", "context":{"environment":"Prod_eastus2_prod-s01-050-nam-eastus2", "migrationStage":"NotStarted", "server":"akswtt112000019"}}
{"logTime": "0315/002344", "correlationVector":"EyW4WzNCAwaR2Ov8/sZspA.2","action":"ProcessGetUpdates", "result":"Done", "context":{"dataType":"History", "deleted":"0", "process_failed_to_decrypt":"0", "process_pending_decryption":"0", "process_success":"250", "total":"250"}}
{"logTime": "0315/002344", "correlationVector":"EyW4WzNCAwaR2Ov8/sZspA.3","action":"GetUpdates Response", "result":"Success", "context":Received 250 update(s). cV=EyW4WzNCAwaR2Ov8/sZspA.0;server=akswtt112000019;cloudType=Consumer;environment=Prod_eastus2_prod-s01-050-nam-eastus2;migrationStage=NotStarted Some updates remain.}
{"logTime": "0315/002344", "correlationVector":"klp40Vpx2tsbFXddmpORAA","action":"Initial GetUpdates", "result":"", "context":Reason: NEWLY_SUPPORTED_DATATYPE. cV=klp40Vpx2tsbFXddmpORAA}
{"logTime": "0315/002345", "correlationVector":"klp40Vpx2tsbFXddmpORAA.1","action":"SyncServerConnectionManagerRequest", "result":"SYNC_SERVER_OK", "context":{"environment":"Prod_eastus2_prod-s01-050-nam-eastus2", "migrationStage":"NotStarted", "server":"akswtt11200000h"}}
{"logTime": "0315/002345", "correlationVector":"klp40Vpx2tsbFXddmpORAA.2","action":"ProcessGetUpdates", "result":"Done", "context":{"dataType":"History", "deleted":"0", "process_failed_to_decrypt":"0", "process_pending_decryption":"0", "process_success":"250", "total":"250"}}
{"logTime": "0315/002345", "correlationVector":"klp40Vpx2tsbFXddmpORAA.3","action":"GetUpdates Response", "result":"Success", "context":Received 250 update(s). cV=klp40Vpx2tsbFXddmpORAA.0;server=akswtt11200000h;cloudType=Consumer;environment=Prod_eastus2_prod-s01-050-nam-eastus2;migrationStage=NotStarted Some updates remain.}
{"logTime": "0315/002345", "correlationVector":"0fGQlL9+OeNk2a+tgJSpZ0","action":"Initial GetUpdates", "result":"", "context":Reason: NEWLY_SUPPORTED_DATATYPE. cV=0fGQlL9+OeNk2a+tgJSpZ0}
{"logTime": "0315/002345", "correlationVector":"0fGQlL9+OeNk2a+tgJSpZ0.1","action":"SyncServerConnectionManagerRequest", "result":"SYNC_SERVER_OK", "context":{"environment":"Prod_eastus2_prod-s01-050-nam-eastus2", "migrationStage":"NotStarted", "server":"akswtt112000002"}}
{"logTime": "0315/002345", "correlationVector":"0fGQlL9+OeNk2a+tgJSpZ0.2","action":"ProcessGetUpdates", "result":"Done", "context":{"dataType":"History", "deleted":"0", "process_failed_to_decrypt":"0", "process_pending_decryption":"0", "process_success":"250", "total":"250"}}
{"logTime": "0315/002345", "correlationVector":"0fGQlL9+OeNk2a+tgJSpZ0.3","action":"GetUpdates Response", "result":"Success", "context":Received 250 update(s). cV=0fGQlL9+OeNk2a+tgJSpZ0.0;server=akswtt112000002;cloudType=Consumer;environment=Prod_eastus2_prod-s01-050-nam-eastus2;migrationStage=NotStarted Some updates remain.}
{"logTime": "0315/002345", "correlationVector":"1gd9QqlzjQ6pKFiMRWyL1d","action":"Initial GetUpdates", "result":"", "context":Reason: NEWLY_SUPPORTED_DATATYPE. cV=1gd9QqlzjQ6pKFiMRWyL1d}
{"logTime": "0315/002346", "correlationVector":"1gd9QqlzjQ6pKFiMRWyL1d.1","action":"SyncServerConnectionManagerRequest", "result":"SYNC_SERVER_OK", "context":{"environment":"Prod_eastus2_prod-s01-050-nam-eastus2", "migrationStage":"NotStarted", "server":"akswtt11200000h"}}
{"logTime": "0315/002346", "correlationVector":"1gd9QqlzjQ6pKFiMRWyL1d.2","action":"ProcessGetUpdates", "result":"Done", "context":{"dataType":"History", "deleted":"0", "process_failed_to_decrypt":"0", "process_pending_decryption":"0", "process_success":"250", "total":"250"}}
{"logTime": "0315/002346", "correlationVector":"1gd9QqlzjQ6pKFiMRWyL1d.3","action":"GetUpdates Response", "result":"Success", "context":Received 250 update(s). cV=1gd9QqlzjQ6pKFiMRWyL1d.0;server=akswtt11200000h;cloudType=Consumer;environment=Prod_eastus2_prod-s01-050-nam-eastus2;migrationStage=NotStarted Some updates remain.}
{"logTime": "0315/002346", "correlationVector":"Ecs4k1p3BvHNYsMyPHd/l/","action":"Initial GetUpdates", "result":"", "context":Reason: NEWLY_SUPPORTED_DATATYPE. cV=Ecs4k1p3BvHNYsMyPHd/l/}
{"logTime": "0315/002347", "correlationVector":"Ecs4k1p3BvHNYsMyPHd/l/.1","action":"SyncServerConnectionManagerRequest", "result":"SYNC_SERVER_OK", "context":{"environment":"Prod_eastus2_prod-s01-050-nam-eastus2", "migrationStage":"NotStarted", "server":"akswtt112000019"}}
{"logTime": "0315/002347", "correlationVector":"Ecs4k1p3BvHNYsMyPHd/l/.2","action":"ProcessGetUpdates", "result":"Done", "context":{"dataType":"History", "deleted":"0", "process_failed_to_decrypt":"0", "process_pending_decryption":"0", "process_success":"250", "total":"250"}}
{"logTime": "0315/002347", "correlationVector":"Ecs4k1p3BvHNYsMyPHd/l/.3","action":"GetUpdates Response", "result":"Success", "context":Received 250 update(s). cV=Ecs4k1p3BvHNYsMyPHd/l/.0;server=akswtt112000019;cloudType=Consumer;environment=Prod_eastus2_prod-s01-050-nam-eastus2;migrationStage=NotStarted Some updates remain.}
{"logTime": "0315/002347", "correlationVector":"1tA98jMXRumQIxOmhkM1Dh","action":"Initial GetUpdates", "result":"", "context":Reason: NEWLY_SUPPORTED_DATATYPE. cV=1tA98jMXRumQIxOmhkM1Dh}
{"logTime": "0315/002347", "correlationVector":"1tA98jMXRumQIxOmhkM1Dh.1","action":"SyncServerConnectionManagerRequest", "result":"SYNC_SERVER_OK", "context":{"environment":"Prod_eastus2_prod-s01-050-nam-eastus2", "migrationStage":"NotStarted", "server":"akswtt11200000i"}}
{"logTime": "0315/002347", "correlationVector":"1tA98jMXRumQIxOmhkM1Dh.2","action":"ProcessGetUpdates", "result":"Done", "context":{"dataType":"History", "deleted":"0", "process_failed_to_decrypt":"0", "process_pending_decryption":"0", "process_success":"250", "total":"250"}}
{"logTime": "0315/002347", "correlationVector":"1tA98jMXRumQIxOmhkM1Dh.3","action":"GetUpdates Response", "result":"Success", "context":Received 250 update(s). cV=1tA98jMXRumQIxOmhkM1Dh.0;server=akswtt11200000i;cloudType=Consumer;environment=Prod_eastus2_prod-s01-050-nam-eastus2;migrationStage=NotStarted Some updates remain.}
{"logTime": "0315/002347", "correlationVector":"gOuxmMVVLU5yInO5QD3bBa","action":"Initial GetUpdates", "result":"", "context":Reason: NEWLY_SUPPORTED_DATATYPE. cV=gOuxmMVVLU5yInO5QD3bBa}
{"logTime": "0315/002347", "correlationVector":"gOuxmMVVLU5yInO5QD3bBa.1","action":"SyncServerConnectionManagerRequest", "result":"SYNC_SERVER_OK", "context":{"environment":"Prod_eastus2_prod-s01-050-nam-eastus2", "migrationStage":"NotStarted", "server":"akswtt11200001e"}}
{"logTime": "0315/002347", "correlationVector":"gOuxmMVVLU5yInO5QD3bBa.2","action":"ProcessGetUpdates", "result":"Done", "context":{"dataType":"History", "deleted":"0", "process_failed_to_decrypt":"0", "process_pending_decryption":"0", "process_success":"22", "total":"22"}}
{"logTime": "0315/002347", "correlationVector":"gOuxmMVVLU5yInO5QD3bBa.3","action":"GetUpdates Response", "result":"Success", "context":Received 22 update(s). cV=gOuxmMVVLU5yInO5QD3bBa.0;server=akswtt11200001e;cloudType=Consumer;environment=Prod_eastus2_prod-s01-050-nam-eastus2;migrationStage=NotStarted}
{"logTime": "0315/002347", "correlationVector":"6P+ClSu7y3LR3etScTHKYF","action":"Normal GetUpdate request", "result":"", "context":cV=6P+ClSu7y3LR3etScTHKYF
Nudged types: Preferences, Passwords, Sessions, Device Info, History
Refresh requested types: Bookmarks, Preferences, Passwords, Autofill Profiles, Autofill, Extensions, Sessions, Extension settings, History Delete Directives, Device Info, User Consents, Send Tab To Self, Web Apps, History, Saved Tab Group, WebAuthn Credentials, Collection, Edge E Drop, Edge Hub App Usage, Edge Wallet, Edge Workspace, Encryption Keys}
{"logTime": "0315/002347", "correlationVector":"6P+ClSu7y3LR3etScTHKYF.1","action":"SyncServerConnectionManagerRequest", "result":"SYNC_SERVER_OK", "context":{"environment":"Prod_eastus2_prod-s01-050-nam-eastus2", "migrationStage":"NotStarted", "server":"akswtt11200000h"}}
{"logTime": "0315/002347", "correlationVector":"6P+ClSu7y3LR3etScTHKYF.2","action":"GetUpdates Response", "result":"Success", "context":Received 0 update(s). cV=6P+ClSu7y3LR3etScTHKYF.0;server=akswtt11200000h;cloudType=Consumer;environment=Prod_eastus2_prod-s01-050-nam-eastus2;migrationStage=NotStarted}
{"logTime": "0315/002347", "correlationVector":"e50wQx9XZ/+N88ymOttnC4","action":"Commit Request", "result":"", "context":Item count: 40
Contributing types: Preferences, Passwords, Sessions, Device Info}
{"logTime": "0315/002350", "correlationVector":"e50wQx9XZ/+N88ymOttnC4.1","action":"SyncServerConnectionManagerRequest", "result":"SYNC_SERVER_OK", "context":{"environment":"Prod_eastus2_prod-s01-050-nam-eastus2", "migrationStage":"NotStarted", "server":"akswtt112000019"}}
{"logTime": "0315/002350", "correlationVector":"e50wQx9XZ/+N88ymOttnC4.2","action":"Commit Response", "result":"Success", "context":Result: Success. cV=e50wQx9XZ/+N88ymOttnC4.0;server=akswtt112000019;cloudType=Consumer;environment=Prod_eastus2_prod-s01-050-nam-eastus2;migrationStage=NotStarted}
{"logTime": "0315/002350", "correlationVector":"l/ptrIfp5tqZvhQ61ZcnUe","action":"Commit Request", "result":"", "context":Item count: 2
Contributing types: Sessions, History}
{"logTime": "0315/002350", "correlationVector":"l/ptrIfp5tqZvhQ61ZcnUe.1","action":"SyncServerConnectionManagerRequest", "result":"SYNC_SERVER_OK", "context":{"environment":"Prod_eastus2_prod-s01-050-nam-eastus2", "migrationStage":"NotStarted", "server":"akswtt11200000y"}}
{"logTime": "0315/002350", "correlationVector":"l/ptrIfp5tqZvhQ61ZcnUe.2","action":"Commit Response", "result":"Success", "context":Result: Success. cV=l/ptrIfp5tqZvhQ61ZcnUe.0;server=akswtt11200000y;cloudType=Consumer;environment=Prod_eastus2_prod-s01-050-nam-eastus2;migrationStage=NotStarted}
{"logTime": "0315/002407", "correlationVector":"o4ecwvVq8Uyk0ZXdkXjpjB","action":"Commit Request", "result":"", "context":Item count: 3
Contributing types: Preferences, History}
{"logTime": "0315/002407", "correlationVector":"o4ecwvVq8Uyk0ZXdkXjpjB.1","action":"SyncServerConnectionManagerRequest", "result":"SYNC_SERVER_OK", "context":{"environment":"Prod_eastus2_prod-s01-050-nam-eastus2", "migrationStage":"NotStarted", "server":"akswtt112000002"}}
{"logTime": "0315/002407", "correlationVector":"o4ecwvVq8Uyk0ZXdkXjpjB.2","action":"Commit Response", "result":"Success", "context":Result: Success. cV=o4ecwvVq8Uyk0ZXdkXjpjB.0;server=akswtt112000002;cloudType=Consumer;environment=Prod_eastus2_prod-s01-050-nam-eastus2;migrationStage=NotStarted}
{"logTime": "0315/002900", "correlationVector":"hR9p/5Evs3m0ndmz7wQjeV.1","action":"SyncServerConnectionManagerRequest", "result":"SYNC_SERVER_OK", "context":{"environment":"Prod_eastus2_prod-s01-050-nam-eastus2", "migrationStage":"NotStarted", "server":"akswtt11200000z"}}
{"logTime": "0315/002900", "correlationVector":"hR9p/5Evs3m0ndmz7wQjeV.2","action":"ProcessGetUpdates", "result":"Done", "context":{"dataType":"Encryption Keys", "deleted":"0", "process_failed_to_decrypt":"0", "process_pending_decryption":"0", "process_success":"1", "total":"1"}}
{"logTime": "0315/002900", "correlationVector":"dYPLLvYfuxb3klRFGdMj1q","action":"SyncServerConnectionManagerRequest", "result":"SYNC_SERVER_OK", "context":{"environment":"", "migrationStage":"", "server":""}}
{"logTime": "0315/002900", "correlationVector":"dYPLLvYfuxb3klRFGdMj1q.0","action":"EncryptionKeysFetcher.DownloadKeys:", "result":"Success", "context":Key count: 8, Last key timestamp: 2025-10-04T00:12:20Z}
{"logTime": "0315/002900", "correlationVector":"dYPLLvYfuxb3klRFGdMj1q.1","action":"EncryptionKeysManager::SetEncryptionKeys:", "result":"Success", "context":Key names[8]:[EGGXjE+PVM5EwzV+pvoeYDKA/EDltoLnaZjx2zSq7oNcy3yNfn8sRPLfjaojio9kPWbO7rcWM9NVERTAPGGhMQ==][UklVCDxPptGIyLS7AW0orLS+2hIB06c3lGCBeOad1p1xF1m2ikZS8b5ZJr3jjhOhojfyRaxgftmUDDyWDmSKRg==][oIgWGLrOS2JgcAWyBj57QO99j2LBr9of7jZk42gNj2OJltJxV2i5S6uLmSoAhIt6Ll24ztRhm+V62560x2qYPg==][TCt2UFQ/mFxVvSRYVWGLVhrS8SGifDjaXLqg3rcO+Gi/kW/q1jSEaAKAvBmhKDr55bI2xb38NO2eqdg8sF0vmA==][yoKob5OdnZAht7sB4FnDWzDjoVV6vv0iaeCwX2a7eOfywj1Yocq4o7Z1+SJoBE8EMTjSdhW6zwPrA1FutePcwQ==][opYAj9MfCHRTCKrgcvPwENa7im2iV63JCmhgUUau9FWwnnF6mXL4wTckS3DtzAnsq40Rtf8sYvEj6DF6LInb6w==][KPX76tQV0TJM88kL6K77Q396h5trXAKd1Q6ZQdBzTiCHpToi5yb4cesDjT1Koc+LFd7Fr1jJN2Sho59vOmSziw==][gN76FAe4IcyP1pfFz9B98izgaDDJ3PjB5bM2g0vWMzCJ6KEkQ6YHTHGo52jLOG0cmngiFMkt0r3kObo56DrFkw==]}
{"logTime": "0315/002900", "correlationVector":"dYPLLvYfuxb3klRFGdMj1q.2","action":"EncryptionKeysManager::SetEncryptionKeysWithTimestamps:", "result":"Success", "context":Key timestamps[8]:[2021-05-02T17:43:11Z][2021-10-29T23:36:16Z][2022-05-29T23:03:52Z][2023-07-08T13:30:27Z][2024-01-04T15:15:01Z][2024-07-03T03:00:17Z][2025-04-04T20:00:32Z][2025-10-04T00:12:20Z]}
{"logTime": "0315/002900", "correlationVector":"hR9p/5Evs3m0ndmz7wQjeV","action":"Initial GetUpdates", "result":"", "context":Reason: NEW_CLIENT. cV=hR9p/5Evs3m0ndmz7wQjeV}
{"logTime": "0315/002900", "correlationVector":"hR9p/5Evs3m0ndmz7wQjeV.3","action":"GetUpdates Response", "result":"Success", "context":Received 1 update(s). cV=hR9p/5Evs3m0ndmz7wQjeV.0;server=akswtt11200000z;cloudType=Consumer;environment=Prod_eastus2_prod-s01-050-nam-eastus2;migrationStage=NotStarted}
{"logTime": "0315/002900", "correlationVector":"eniToQwcbbJxPJNgjPgp03","action":"Initial GetUpdates", "result":"", "context":Reason: NEWLY_SUPPORTED_DATATYPE. cV=eniToQwcbbJxPJNgjPgp03}
{"logTime": "0315/002900", "correlationVector":"eniToQwcbbJxPJNgjPgp03.1","action":"SyncServerConnectionManagerRequest", "result":"SYNC_SERVER_OK", "context":{"environment":"Prod_eastus2_prod-s01-050-nam-eastus2", "migrationStage":"NotStarted", "server":"akswtt11200000d"}}
{"logTime": "0315/002900", "correlationVector":"eniToQwcbbJxPJNgjPgp03.2","action":"ProcessGetUpdates", "result":"Done", "context":{"dataType":"Passwords", "deleted":"0", "process_failed_to_decrypt":"0", "process_pending_decryption":"0", "process_success":"54", "total":"54"}}
{"logTime": "0315/002900", "correlationVector":"eniToQwcbbJxPJNgjPgp03.3","action":"GetUpdates Response", "result":"Success", "context":Received 54 update(s). cV=eniToQwcbbJxPJNgjPgp03.0;server=akswtt11200000d;cloudType=Consumer;environment=Prod_eastus2_prod-s01-050-nam-eastus2;migrationStage=NotStarted}
{"logTime": "0315/002900", "correlationVector":"rUlmrPg5eCfTIg1p8ERGEM","action":"Normal GetUpdate request", "result":"", "context":cV=rUlmrPg5eCfTIg1p8ERGEM
Nudged types: Sessions, Device Info, History
Refresh requested types: Bookmarks, Preferences, Passwords, Autofill Profiles, Autofill, Extensions, Sessions, Extension settings, History Delete Directives, Device Info, User Consents, Send Tab To Self, Web Apps, History, Saved Tab Group, WebAuthn Credentials, Collection, Edge E Drop, Edge Hub App Usage, Edge Wallet, Edge Workspace, Encryption Keys}
{"logTime": "0315/002901", "correlationVector":"rUlmrPg5eCfTIg1p8ERGEM.1","action":"SyncServerConnectionManagerRequest", "result":"SYNC_SERVER_OK", "context":{"environment":"Prod_eastus2_prod-s01-050-nam-eastus2", "migrationStage":"NotStarted", "server":"akswtt11200001e"}}
{"logTime": "0315/002901", "correlationVector":"rUlmrPg5eCfTIg1p8ERGEM.2","action":"ProcessGetUpdates", "result":"Done", "context":{"dataType":"Preferences", "deleted":"0", "process_failed_to_decrypt":"0", "process_pending_decryption":"0", "process_success":"2", "total":"2"}}
{"logTime": "0315/002901", "correlationVector":"rUlmrPg5eCfTIg1p8ERGEM.3","action":"ProcessGetUpdates", "result":"Done", "context":{"dataType":"Sessions", "deleted":"0", "process_failed_to_decrypt":"0", "process_pending_decryption":"0", "process_success":"2", "total":"2"}}
{"logTime": "0315/002901", "correlationVector":"rUlmrPg5eCfTIg1p8ERGEM.4","action":"ProcessGetUpdates", "result":"Done", "context":{"dataType":"Device Info", "deleted":"0", "process_failed_to_decrypt":"0", "process_pending_decryption":"0", "process_success":"1", "total":"1"}}
{"logTime": "0315/002901", "correlationVector":"rUlmrPg5eCfTIg1p8ERGEM.5","action":"ProcessGetUpdates", "result":"Done", "context":{"dataType":"History", "deleted":"0", "process_failed_to_decrypt":"0", "process_pending_decryption":"0", "process_success":"2", "total":"2"}}
{"logTime": "0315/002901", "correlationVector":"rUlmrPg5eCfTIg1p8ERGEM.6","action":"GetUpdates Response", "result":"Success", "context":Received 7 update(s). cV=rUlmrPg5eCfTIg1p8ERGEM.0;server=akswtt11200001e;cloudType=Consumer;environment=Prod_eastus2_prod-s01-050-nam-eastus2;migrationStage=NotStarted}
{"logTime": "0315/002901", "correlationVector":"Y5I5wI6+SOKM++W0WSWwj6","action":"Commit Request", "result":"", "context":Item count: 5
Contributing types: Sessions, Device Info, History}
{"logTime": "0315/002902", "correlationVector":"Y5I5wI6+SOKM++W0WSWwj6.1","action":"SyncServerConnectionManagerRequest", "result":"SYNC_SERVER_OK", "context":{"environment":"Prod_eastus2_prod-s01-050-nam-eastus2", "migrationStage":"NotStarted", "server":"akswtt11200000d"}}
{"logTime": "0315/002902", "correlationVector":"Y5I5wI6+SOKM++W0WSWwj6.2","action":"Commit Response", "result":"Success", "context":Result: Success. cV=Y5I5wI6+SOKM++W0WSWwj6.0;server=akswtt11200000d;cloudType=Consumer;environment=Prod_eastus2_prod-s01-050-nam-eastus2;migrationStage=NotStarted}
{"logTime": "0315/002902", "correlationVector":"Y5I5wI6+SOKM++W0WSWwj6.3","action":"Commit.Sessions", "result":"Success", "context":{"id":"e8c8a1ff-f8ca-4c86-bba1-377645fa52da", "isDeleted":"true", "size":"0", "version":"1773534229949"}}
{"logTime": "0315/002904", "correlationVector":"eaf2SNL4jlxeNK9WbuydjK","action":"Commit Request", "result":"", "context":Item count: 40
Contributing types: Preferences, Passwords, Sessions}
{"logTime": "0315/002906", "correlationVector":"eaf2SNL4jlxeNK9WbuydjK.1","action":"SyncServerConnectionManagerRequest", "result":"SYNC_SERVER_OK", "context":{"environment":"Prod_eastus2_prod-s01-050-nam-eastus2", "migrationStage":"NotStarted", "server":"akswtt11200000v"}}
{"logTime": "0315/002906", "correlationVector":"eaf2SNL4jlxeNK9WbuydjK.2","action":"Commit Response", "result":"Success", "context":Result: Success. cV=eaf2SNL4jlxeNK9WbuydjK.0;server=akswtt11200000v;cloudType=Consumer;environment=Prod_eastus2_prod-s01-050-nam-eastus2;migrationStage=NotStarted}
{"logTime": "0315/002906", "correlationVector":"yTSvvZKaQUWmi0ecGCARB5","action":"Commit Request", "result":"", "context":Item count: 1
Contributing types: History}
{"logTime": "0315/002906", "correlationVector":"yTSvvZKaQUWmi0ecGCARB5.1","action":"SyncServerConnectionManagerRequest", "result":"SYNC_SERVER_OK", "context":{"environment":"Prod_eastus2_prod-s01-050-nam-eastus2", "migrationStage":"NotStarted", "server":"akswtt112000010"}}
{"logTime": "0315/002906", "correlationVector":"yTSvvZKaQUWmi0ecGCARB5.2","action":"Commit Response", "result":"Success", "context":Result: Success. cV=yTSvvZKaQUWmi0ecGCARB5.0;server=akswtt112000010;cloudType=Consumer;environment=Prod_eastus2_prod-s01-050-nam-eastus2;migrationStage=NotStarted}
{"logTime": "0315/002956", "correlationVector":"GnLGsm8PLEkT2K9M/luXCM","action":"Commit Request", "result":"", "context":Item count: 1
Contributing types: History}
{"logTime": "0315/002956", "correlationVector":"GnLGsm8PLEkT2K9M/luXCM.1","action":"SyncServerConnectionManagerRequest", "result":"SYNC_SERVER_OK", "context":{"environment":"Prod_eastus2_prod-s01-050-nam-eastus2", "migrationStage":"NotStarted", "server":"akswtt11200001a"}}
{"logTime": "0315/002956", "correlationVector":"GnLGsm8PLEkT2K9M/luXCM.2","action":"Commit Response", "result":"Success", "context":Result: Success. cV=GnLGsm8PLEkT2K9M/luXCM.0;server=akswtt11200001a;cloudType=Consumer;environment=Prod_eastus2_prod-s01-050-nam-eastus2;migrationStage=NotStarted}
