2026-03-15 04:01:10.314: [INFO][Sync] Reset engine, reason: 8
2026-03-15 04:01:10.314: [INFO][Sync] Stopped: Bookmarks
2026-03-15 04:01:10.314: [INFO][Sync] Stopped: Preferences
2026-03-15 04:01:10.314: [INFO][Sync] Stopped: Passwords
2026-03-15 04:01:10.314: [INFO][Sync] Stopped: Autofill Profiles
2026-03-15 04:01:10.314: [INFO][Sync] Stopped: Autofill
2026-03-15 04:01:10.314: [INFO][Sync] Stopped: Extensions
2026-03-15 04:01:10.314: [INFO][Sync] Stopped: Sessions
2026-03-15 04:01:10.314: [INFO][Sync] Stopped: Extension settings
2026-03-15 04:01:10.314: [INFO][Sync] Stopped: History Delete Directives
2026-03-15 04:01:10.314: [INFO][Sync] Stopped: Device Info
2026-03-15 04:01:10.314: [INFO][Sync] Stopped: User Consents
2026-03-15 04:01:10.314: [INFO][Sync] Stopped: Send Tab To Self
2026-03-15 04:01:10.314: [INFO][Sync] Stopped: Web Apps
2026-03-15 04:01:10.314: [INFO][Sync] Stopped: History
2026-03-15 04:01:10.314: [INFO][Sync] Stopped: Saved Tab Group
2026-03-15 04:01:10.314: [INFO][Sync] Stopped: WebAuthn Credentials
2026-03-15 04:01:10.314: [INFO][Sync] Stopped: Collection
2026-03-15 04:01:10.314: [INFO][Sync] Stopped: Edge E Drop
2026-03-15 04:01:10.314: [INFO][Sync] Stopped: Edge Hub App Usage
2026-03-15 04:01:10.314: [INFO][Sync] Stopped: Edge Wallet
2026-03-15 04:01:10.314: [INFO][Sync] Stopped: Edge Workspace
2026-03-15 04:01:10.314: [INFO][Sync] SyncState after authenticated was: NotSignedIn
2026-03-15 04:01:10.697: [INFO][Sync] Reset engine, reason: 8
2026-03-15 04:01:10.697: [INFO][Sync] Stopped: Bookmarks
2026-03-15 04:01:10.697: [INFO][Sync] Stopped: Preferences
2026-03-15 04:01:10.697: [INFO][Sync] Stopped: Passwords
2026-03-15 04:01:10.697: [INFO][Sync] Stopped: Autofill Profiles
2026-03-15 04:01:10.697: [INFO][Sync] Stopped: Autofill
2026-03-15 04:01:10.697: [INFO][Sync] Stopped: Extensions
2026-03-15 04:01:10.697: [INFO][Sync] Stopped: Sessions
2026-03-15 04:01:10.697: [INFO][Sync] Stopped: Extension settings
2026-03-15 04:01:10.697: [INFO][Sync] Stopped: History Delete Directives
2026-03-15 04:01:10.697: [INFO][Sync] Stopped: Device Info
2026-03-15 04:01:10.697: [INFO][Sync] Stopped: User Consents
2026-03-15 04:01:10.697: [INFO][Sync] Stopped: Send Tab To Self
2026-03-15 04:01:10.697: [INFO][Sync] Stopped: Web Apps
2026-03-15 04:01:10.697: [INFO][Sync] Stopped: History
2026-03-15 04:01:10.697: [INFO][Sync] Stopped: Saved Tab Group
2026-03-15 04:01:10.697: [INFO][Sync] Stopped: WebAuthn Credentials
2026-03-15 04:01:10.697: [INFO][Sync] Stopped: Collection
2026-03-15 04:01:10.697: [INFO][Sync] Stopped: Edge E Drop
2026-03-15 04:01:10.697: [INFO][Sync] Stopped: Edge Hub App Usage
2026-03-15 04:01:10.697: [INFO][Sync] Stopped: Edge Wallet
2026-03-15 04:01:10.697: [INFO][Sync] Stopped: Edge Workspace
2026-03-15 04:01:13.137: [INFO][Sync] Try to start sync engine
2026-03-15 04:01:13.139: [INFO][SyncManagerImpl::NudgeForInitialDownload] Initial download nudge for Encryption Keys
2026-03-15 04:01:13.139: [INFO][SyncEngineBackend::LoadAndConnectNigoriController] Load and connect Nigori controller
2026-03-15 04:01:13.139: [INFO][SyncEngineBackend::DoInitialize] Control Types added: Encryption Keys
2026-03-15 04:01:13.139: [INFO][SyncManagerImpl::ConfigureSyncer] Types to download: Encryption Keys with reason: 3
2026-03-15 04:01:13.139: [INFO][SyncSchedulerImpl::DoConfigurationSyncCycleJob] Configure job was blocked
2026-03-15 04:01:13.197: [INFO][SyncAuthManager::SetLastAuthError] Current auth error: None
2026-03-15 04:01:13.197: [INFO][SyncAuthManager::EdgeLogTokenErrorState] Token error with: None for account type: MSA
2026-03-15 04:01:13.197: [INFO][Sync] Credentials changed for: EdgeSyncScopeNew
2026-03-15 04:01:13.637: [INFO][SyncAuthManager::SetLastAuthError] Current auth error: None
2026-03-15 04:01:13.637: [INFO][SyncAuthManager::EdgeLogTokenErrorState] Token error with: None for account type: MSA
2026-03-15 04:01:13.637: [INFO][Sync] Credentials changed for: EdgeSyncKeyDataScope
2026-03-15 04:01:13.637: [INFO][SyncEngineBackend::DoUpdateKeyDataCredentials] Update key data credentials
2026-03-15 04:01:13.637: [INFO][SyncEngineBackend::DoUpdateCredentials] Update credentials
2026-03-15 04:01:13.637: [INFO][SyncSchedulerImpl::DoConfigurationSyncCycleJob] Blocked types:  and types to download: Encryption Keys
2026-03-15 04:01:14.247: [INFO][Sync] Started DataTypeManager configuration, reason: 4
2026-03-15 04:01:14.247: [INFO][Sync] Configuring for: Bookmarks, Preferences, Passwords, Autofill Profiles, Autofill, Extensions, Sessions, Extension settings, History Delete Directives, Device Info, User Consents, Send Tab To Self, Web Apps, History, Saved Tab Group, WebAuthn Credentials, Collection, Edge E Drop, Edge Hub App Usage, Edge Wallet, Edge Workspace, Encryption Keys, reason: 3, current state: 0
2026-03-15 04:01:14.247: [WARN][Sync] Crypto error data types: Passwords, Autofill Profiles, Autofill
2026-03-15 04:01:14.249: [INFO][Sync] Configure, desired: Bookmarks, Preferences, Extensions, Sessions, Extension settings, History Delete Directives, Device Info, User Consents, Send Tab To Self, Web Apps, History, Saved Tab Group, WebAuthn Credentials, Collection, Edge E Drop, Edge Hub App Usage, Edge Wallet, Edge Workspace, Encryption Keys; Allow fail: Passwords, Autofill Profiles, Autofill
2026-03-15 04:01:14.250: [INFO][Sync] Loading: Bookmarks
2026-03-15 04:01:14.250: [INFO][Sync] Loading: Preferences
2026-03-15 04:01:14.250: [INFO][Sync] Loading: Extensions
2026-03-15 04:01:14.250: [INFO][Sync] Loading: Sessions
2026-03-15 04:01:14.250: [INFO][Sync] Loading: Extension settings
2026-03-15 04:01:14.250: [INFO][Sync] Loading: History Delete Directives
2026-03-15 04:01:14.250: [INFO][Sync] Loading: Device Info
2026-03-15 04:01:14.250: [INFO][Sync] Loading: User Consents
2026-03-15 04:01:14.250: [INFO][Sync] Loading: Send Tab To Self
2026-03-15 04:01:14.250: [INFO][Sync] Loading: Web Apps
2026-03-15 04:01:14.250: [INFO][Sync] Loading: History
2026-03-15 04:01:14.250: [INFO][Sync] Loading: Saved Tab Group
2026-03-15 04:01:14.250: [INFO][Sync] Loading: WebAuthn Credentials
2026-03-15 04:01:14.250: [INFO][Sync] Loading: Collection
2026-03-15 04:01:14.250: [INFO][Sync] Loading: Edge E Drop
2026-03-15 04:01:14.250: [INFO][Sync] Loading: Edge Hub App Usage
2026-03-15 04:01:14.250: [INFO][Sync] Loading: Edge Wallet
2026-03-15 04:01:14.250: [INFO][Sync] Loading: Edge Workspace
2026-03-15 04:01:14.265: [INFO][Sync] All data types are ready for configure.
2026-03-15 04:01:14.672: [INFO][Sync] Started DataTypeManager configuration, reason: 5
2026-03-15 04:01:14.672: [INFO][Sync] Configuring for: Bookmarks, Preferences, Passwords, Autofill Profiles, Autofill, Extensions, Sessions, Extension settings, History Delete Directives, Device Info, User Consents, Send Tab To Self, Web Apps, History, Saved Tab Group, WebAuthn Credentials, Collection, Edge E Drop, Edge Hub App Usage, Edge Wallet, Edge Workspace, Encryption Keys, reason: 5, current state: 1
2026-03-15 04:01:14.673: [INFO][SyncEngineBackend::DoStartConfiguration] Start configuration
2026-03-15 04:01:14.673: [INFO][SyncManagerImpl::NudgeForInitialDownload] Initial download nudge for Bookmarks
2026-03-15 04:01:14.673: [INFO][SyncManagerImpl::NudgeForInitialDownload] Initial download nudge for Preferences
2026-03-15 04:01:14.673: [INFO][SyncManagerImpl::NudgeForInitialDownload] Initial download nudge for Extensions
2026-03-15 04:01:14.673: [INFO][SyncManagerImpl::NudgeForInitialDownload] Initial download nudge for Sessions
2026-03-15 04:01:14.673: [INFO][SyncManagerImpl::NudgeForInitialDownload] Initial download nudge for Extension settings
2026-03-15 04:01:14.673: [INFO][SyncManagerImpl::NudgeForInitialDownload] Initial download nudge for History Delete Directives
2026-03-15 04:01:14.673: [INFO][SyncManagerImpl::NudgeForInitialDownload] Initial download nudge for Device Info
2026-03-15 04:01:14.673: [INFO][SyncManagerImpl::NudgeForInitialDownload] Initial download nudge for Send Tab To Self
2026-03-15 04:01:14.673: [INFO][SyncManagerImpl::NudgeForInitialDownload] Initial download nudge for Web Apps
2026-03-15 04:01:14.673: [INFO][SyncManagerImpl::NudgeForInitialDownload] Initial download nudge for History
2026-03-15 04:01:14.673: [INFO][SyncManagerImpl::NudgeForInitialDownload] Initial download nudge for Saved Tab Group
2026-03-15 04:01:14.673: [INFO][SyncManagerImpl::NudgeForInitialDownload] Initial download nudge for WebAuthn Credentials
2026-03-15 04:01:14.673: [INFO][SyncManagerImpl::NudgeForInitialDownload] Initial download nudge for Collection
2026-03-15 04:01:14.673: [INFO][SyncManagerImpl::NudgeForInitialDownload] Initial download nudge for Edge E Drop
2026-03-15 04:01:14.673: [INFO][SyncManagerImpl::NudgeForInitialDownload] Initial download nudge for Edge Hub App Usage
2026-03-15 04:01:14.673: [INFO][SyncManagerImpl::NudgeForInitialDownload] Initial download nudge for Edge Wallet
2026-03-15 04:01:14.673: [INFO][SyncManagerImpl::NudgeForInitialDownload] Initial download nudge for Edge Workspace
2026-03-15 04:01:14.673: [INFO][SyncManagerImpl::ConfigureSyncer] Types to download:  with reason: 3
2026-03-15 04:01:14.673: [INFO][SyncEngineBackend::DoFinishConfigureDataTypes] Failed to download types:  and succeeded types: 
2026-03-15 04:01:14.674: [INFO][Sync] ConfigurationDone, failed: , succeeded: , remaining count: 4
2026-03-15 04:01:14.674: [WARN][Sync]     Reconfigure requested while configuration ongoing.
2026-03-15 04:01:14.674: [INFO][Sync] Configuring for: Bookmarks, Preferences, Passwords, Autofill Profiles, Autofill, Extensions, Sessions, Extension settings, History Delete Directives, Device Info, User Consents, Send Tab To Self, Web Apps, History, Saved Tab Group, WebAuthn Credentials, Collection, Edge E Drop, Edge Hub App Usage, Edge Wallet, Edge Workspace, Encryption Keys, reason: 5, current state: 2
2026-03-15 04:01:14.674: [INFO][Sync] Configure, desired: Bookmarks, Preferences, Passwords, Autofill Profiles, Autofill, Extensions, Sessions, Extension settings, History Delete Directives, Device Info, User Consents, Send Tab To Self, Web Apps, History, Saved Tab Group, WebAuthn Credentials, Collection, Edge E Drop, Edge Hub App Usage, Edge Wallet, Edge Workspace, Encryption Keys; Allow fail: 
2026-03-15 04:01:14.674: [INFO][Sync] Loading: Passwords
2026-03-15 04:01:14.674: [INFO][Sync] Loading: Autofill Profiles
2026-03-15 04:01:14.674: [INFO][Sync] Loading: Autofill
2026-03-15 04:01:14.674: [INFO][Sync] All data types are ready for configure.
2026-03-15 04:01:14.674: [INFO][SyncManagerImpl::NudgeForInitialDownload] Initial download nudge for Passwords
2026-03-15 04:01:14.674: [INFO][SyncManagerImpl::NudgeForInitialDownload] Initial download nudge for Autofill Profiles
2026-03-15 04:01:14.675: [INFO][SyncManagerImpl::NudgeForInitialDownload] Initial download nudge for Autofill
2026-03-15 04:01:14.675: [INFO][SyncManagerImpl::ConfigureSyncer] Types to download:  with reason: 5
2026-03-15 04:01:14.675: [INFO][SyncEngineBackend::DoFinishConfigureDataTypes] Failed to download types:  and succeeded types: 
2026-03-15 04:01:14.683: [INFO][Sync] ConfigurationDone, failed: , succeeded: , remaining count: 4
2026-03-15 04:01:14.683: [INFO][Sync] Prepare to configure types: Preferences, Passwords, Device Info, Send Tab To Self, Edge E Drop, Encryption Keys
2026-03-15 04:01:14.683: [INFO][SyncManagerImpl::ConfigureSyncer] Types to download: Preferences, Passwords, Device Info, Send Tab To Self, Edge E Drop, Encryption Keys with reason: 5
2026-03-15 04:01:14.683: [INFO][SyncSchedulerImpl::DoConfigurationSyncCycleJob] Blocked types:  and types to download: Preferences, Passwords, Device Info, Send Tab To Self, Edge E Drop, Encryption Keys
2026-03-15 04:01:15.072: [INFO][SyncEngineBackend::DoFinishConfigureDataTypes] Failed to download types:  and succeeded types: Preferences, Passwords, Device Info, Send Tab To Self, Edge E Drop, Encryption Keys
2026-03-15 04:01:15.079: [INFO][Sync] ConfigurationDone, failed: , succeeded: Preferences, Passwords, Device Info, Send Tab To Self, Edge E Drop, Encryption Keys, remaining count: 3
2026-03-15 04:01:15.079: [INFO][Sync] Prepare to configure types: Bookmarks, Encryption Keys
2026-03-15 04:01:15.079: [INFO][SyncManagerImpl::ConfigureSyncer] Types to download: Bookmarks, Encryption Keys with reason: 5
2026-03-15 04:01:15.079: [INFO][SyncSchedulerImpl::DoConfigurationSyncCycleJob] Blocked types:  and types to download: Bookmarks, Encryption Keys
2026-03-15 04:01:15.283: [INFO][SyncEngineBackend::DoFinishConfigureDataTypes] Failed to download types:  and succeeded types: Bookmarks, Encryption Keys
2026-03-15 04:01:15.288: [INFO][Sync] ConfigurationDone, failed: , succeeded: Bookmarks, Encryption Keys, remaining count: 2
2026-03-15 04:01:15.288: [INFO][Sync] Prepare to configure types: Autofill Profiles, Autofill, Extensions, Sessions, Extension settings, History Delete Directives, Web Apps, Saved Tab Group, WebAuthn Credentials, Collection, Edge Hub App Usage, Edge Wallet, Edge Workspace, Encryption Keys
2026-03-15 04:01:15.288: [INFO][SyncManagerImpl::ConfigureSyncer] Types to download: Autofill Profiles, Autofill, Extensions, Sessions, Extension settings, History Delete Directives, Web Apps, Saved Tab Group, WebAuthn Credentials, Collection, Edge Hub App Usage, Edge Wallet, Edge Workspace, Encryption Keys with reason: 5
2026-03-15 04:01:15.288: [INFO][SyncSchedulerImpl::DoConfigurationSyncCycleJob] Blocked types:  and types to download: Autofill Profiles, Autofill, Extensions, Sessions, Extension settings, History Delete Directives, Web Apps, Saved Tab Group, WebAuthn Credentials, Collection, Edge Hub App Usage, Edge Wallet, Edge Workspace, Encryption Keys
2026-03-15 04:01:16.535: [INFO][SyncEngineBackend::DoFinishConfigureDataTypes] Failed to download types:  and succeeded types: Autofill Profiles, Autofill, Extensions, Sessions, Extension settings, History Delete Directives, Web Apps, Saved Tab Group, WebAuthn Credentials, Collection, Edge Hub App Usage, Edge Wallet, Edge Workspace, Encryption Keys
2026-03-15 04:01:16.537: [INFO][Sync] ConfigurationDone, failed: , succeeded: Autofill Profiles, Autofill, Extensions, Sessions, Extension settings, History Delete Directives, Web Apps, Saved Tab Group, WebAuthn Credentials, Collection, Edge Hub App Usage, Edge Wallet, Edge Workspace, Encryption Keys, remaining count: 1
2026-03-15 04:01:16.539: [INFO][Sync] Prepare to configure types: History, Encryption Keys
2026-03-15 04:01:16.539: [INFO][SyncManagerImpl::ConfigureSyncer] Types to download: History, Encryption Keys with reason: 5
2026-03-15 04:01:16.539: [INFO][SyncSchedulerImpl::DoConfigurationSyncCycleJob] Blocked types:  and types to download: History, Encryption Keys
2026-03-15 04:01:21.462: [INFO][SyncEngineBackend::DoFinishConfigureDataTypes] Failed to download types:  and succeeded types: History, Encryption Keys
2026-03-15 04:01:21.465: [INFO][Sync] ConfigurationDone, failed: , succeeded: History, Encryption Keys, remaining count: 0
2026-03-15 04:01:21.466: [INFO][Sync]     Configuration completed, state: 7
2026-03-15 04:01:21.467: [INFO][Sync] Configured DataTypeManager: Ok
2026-03-15 04:01:21.469: [INFO][SyncEngineBackend::DoStartSyncing] Start syncing
2026-03-15 04:06:53.962: [INFO][Sync] Reset engine, reason: 0
2026-03-15 04:06:53.963: [INFO][Sync] Reset engine with reason: 0
2026-03-15 17:44:56.189: [INFO][Sync] SyncState after authenticated was: FeatureCanStart
2026-03-15 17:44:57.458: [INFO][SyncAuthManager::SetLastAuthError] Current auth error: None
2026-03-15 17:44:57.458: [INFO][SyncAuthManager::EdgeLogTokenErrorState] Token error with: None for account type: MSA
2026-03-15 17:44:57.458: [INFO][Sync] Credentials changed for: EdgeSyncKeyDataScope
2026-03-15 17:45:02.231: [INFO][Sync] Try to start sync engine
2026-03-15 17:45:02.232: [INFO][SyncManagerImpl::NudgeForInitialDownload] Initial download nudge for Encryption Keys
2026-03-15 17:45:02.232: [INFO][SyncEngineBackend::LoadAndConnectNigoriController] Load and connect Nigori controller
2026-03-15 17:45:02.232: [INFO][SyncEngineBackend::DoInitialize] Control Types added: Encryption Keys
2026-03-15 17:45:02.232: [INFO][SyncManagerImpl::ConfigureSyncer] Types to download: Encryption Keys with reason: 3
2026-03-15 17:45:02.232: [INFO][SyncEngineBackend::DoUpdateKeyDataCredentials] Update key data credentials
2026-03-15 17:45:02.232: [INFO][SyncSchedulerImpl::DoConfigurationSyncCycleJob] Configure job was blocked
2026-03-15 17:45:02.563: [INFO][SyncAuthManager::SetLastAuthError] Current auth error: None
2026-03-15 17:45:02.563: [INFO][SyncAuthManager::EdgeLogTokenErrorState] Token error with: None for account type: MSA
2026-03-15 17:45:02.563: [INFO][Sync] Credentials changed for: EdgeSyncScopeNew
2026-03-15 17:45:02.563: [INFO][SyncEngineBackend::DoUpdateCredentials] Update credentials
2026-03-15 17:45:02.563: [INFO][SyncEngineBackend::DoUpdateKeyDataCredentials] Update key data credentials
2026-03-15 17:45:02.563: [INFO][SyncSchedulerImpl::DoConfigurationSyncCycleJob] Blocked types:  and types to download: Encryption Keys
2026-03-15 17:45:03.135: [INFO][Sync] Started DataTypeManager configuration, reason: 4
2026-03-15 17:45:03.135: [INFO][Sync] Configuring for: Bookmarks, Preferences, Passwords, Autofill Profiles, Autofill, Extensions, Sessions, Extension settings, History Delete Directives, Device Info, User Consents, Send Tab To Self, Web Apps, History, Saved Tab Group, WebAuthn Credentials, Collection, Edge E Drop, Edge Hub App Usage, Edge Wallet, Edge Workspace, Encryption Keys, reason: 4, current state: 0
2026-03-15 17:45:03.135: [WARN][Sync] Crypto error data types: Passwords, Autofill Profiles, Autofill
2026-03-15 17:45:03.136: [INFO][Sync] Configure, desired: Bookmarks, Preferences, Extensions, Sessions, Extension settings, History Delete Directives, Device Info, User Consents, Send Tab To Self, Web Apps, History, Saved Tab Group, WebAuthn Credentials, Collection, Edge E Drop, Edge Hub App Usage, Edge Wallet, Edge Workspace, Encryption Keys; Allow fail: Passwords, Autofill Profiles, Autofill
2026-03-15 17:45:03.136: [INFO][Sync] Loading: Bookmarks
2026-03-15 17:45:03.136: [INFO][Sync] Loading: Preferences
2026-03-15 17:45:03.136: [INFO][Sync] Loading: Extensions
2026-03-15 17:45:03.136: [INFO][Sync] Loading: Sessions
2026-03-15 17:45:03.136: [INFO][Sync] Loading: Extension settings
2026-03-15 17:45:03.136: [INFO][Sync] Loading: History Delete Directives
2026-03-15 17:45:03.136: [INFO][Sync] Loading: Device Info
2026-03-15 17:45:03.136: [INFO][Sync] Loading: User Consents
2026-03-15 17:45:03.136: [INFO][Sync] Loading: Send Tab To Self
2026-03-15 17:45:03.136: [INFO][Sync] Loading: Web Apps
2026-03-15 17:45:03.136: [INFO][Sync] Loading: History
2026-03-15 17:45:03.136: [INFO][Sync] Loading: Saved Tab Group
2026-03-15 17:45:03.136: [INFO][Sync] Loading: WebAuthn Credentials
2026-03-15 17:45:03.136: [INFO][Sync] Loading: Collection
2026-03-15 17:45:03.136: [INFO][Sync] Loading: Edge E Drop
2026-03-15 17:45:03.137: [INFO][Sync] Loading: Edge Hub App Usage
2026-03-15 17:45:03.137: [INFO][Sync] Loading: Edge Wallet
2026-03-15 17:45:03.137: [INFO][Sync] Loading: Edge Workspace
2026-03-15 17:45:03.140: [INFO][Sync] All data types are ready for configure.
2026-03-15 17:45:03.694: [INFO][Sync] Started DataTypeManager configuration, reason: 5
2026-03-15 17:45:03.694: [INFO][Sync] Configuring for: Bookmarks, Preferences, Passwords, Autofill Profiles, Autofill, Extensions, Sessions, Extension settings, History Delete Directives, Device Info, User Consents, Send Tab To Self, Web Apps, History, Saved Tab Group, WebAuthn Credentials, Collection, Edge E Drop, Edge Hub App Usage, Edge Wallet, Edge Workspace, Encryption Keys, reason: 5, current state: 1
2026-03-15 17:45:03.697: [INFO][SyncEngineBackend::DoStartConfiguration] Start configuration
2026-03-15 17:45:03.697: [INFO][SyncManagerImpl::ConfigureSyncer] Types to download:  with reason: 4
2026-03-15 17:45:03.697: [INFO][SyncEngineBackend::DoFinishConfigureDataTypes] Failed to download types:  and succeeded types: 
2026-03-15 17:45:03.699: [INFO][Sync] ConfigurationDone, failed: , succeeded: , remaining count: 4
2026-03-15 17:45:03.699: [WARN][Sync]     Reconfigure requested while configuration ongoing.
2026-03-15 17:45:03.699: [INFO][Sync] Configuring for: Bookmarks, Preferences, Passwords, Autofill Profiles, Autofill, Extensions, Sessions, Extension settings, History Delete Directives, Device Info, User Consents, Send Tab To Self, Web Apps, History, Saved Tab Group, WebAuthn Credentials, Collection, Edge E Drop, Edge Hub App Usage, Edge Wallet, Edge Workspace, Encryption Keys, reason: 5, current state: 2
2026-03-15 17:45:03.699: [INFO][Sync] Configure, desired: Bookmarks, Preferences, Passwords, Autofill Profiles, Autofill, Extensions, Sessions, Extension settings, History Delete Directives, Device Info, User Consents, Send Tab To Self, Web Apps, History, Saved Tab Group, WebAuthn Credentials, Collection, Edge E Drop, Edge Hub App Usage, Edge Wallet, Edge Workspace, Encryption Keys; Allow fail: 
2026-03-15 17:45:03.699: [INFO][Sync] Loading: Passwords
2026-03-15 17:45:03.699: [INFO][Sync] Loading: Autofill Profiles
2026-03-15 17:45:03.699: [INFO][Sync] Loading: Autofill
2026-03-15 17:45:03.699: [INFO][Sync] All data types are ready for configure.
2026-03-15 17:45:03.699: [INFO][SyncManagerImpl::NudgeForInitialDownload] Initial download nudge for Passwords
2026-03-15 17:45:03.699: [INFO][SyncManagerImpl::ConfigureSyncer] Types to download:  with reason: 5
2026-03-15 17:45:03.699: [INFO][SyncEngineBackend::DoFinishConfigureDataTypes] Failed to download types:  and succeeded types: 
2026-03-15 17:45:03.700: [INFO][Sync] ConfigurationDone, failed: , succeeded: , remaining count: 4
2026-03-15 17:45:03.700: [INFO][Sync] Prepare to configure types: Passwords, Encryption Keys
2026-03-15 17:45:03.700: [INFO][SyncManagerImpl::ConfigureSyncer] Types to download: Passwords, Encryption Keys with reason: 5
2026-03-15 17:45:03.700: [INFO][SyncSchedulerImpl::DoConfigurationSyncCycleJob] Blocked types:  and types to download: Passwords, Encryption Keys
2026-03-15 17:45:04.018: [INFO][SyncEngineBackend::DoFinishConfigureDataTypes] Failed to download types:  and succeeded types: Passwords, Encryption Keys
2026-03-15 17:45:04.019: [INFO][Sync] ConfigurationDone, failed: , succeeded: Passwords, Encryption Keys, remaining count: 3
2026-03-15 17:45:04.019: [INFO][SyncManagerImpl::ConfigureSyncer] Types to download:  with reason: 5
2026-03-15 17:45:04.019: [INFO][SyncEngineBackend::DoFinishConfigureDataTypes] Failed to download types:  and succeeded types: 
2026-03-15 17:45:04.019: [INFO][Sync] ConfigurationDone, failed: , succeeded: , remaining count: 2
2026-03-15 17:45:04.019: [INFO][SyncManagerImpl::ConfigureSyncer] Types to download:  with reason: 5
2026-03-15 17:45:04.019: [INFO][SyncEngineBackend::DoFinishConfigureDataTypes] Failed to download types:  and succeeded types: 
2026-03-15 17:45:04.021: [INFO][Sync] ConfigurationDone, failed: , succeeded: , remaining count: 1
2026-03-15 17:45:04.022: [INFO][SyncManagerImpl::ConfigureSyncer] Types to download:  with reason: 5
2026-03-15 17:45:04.022: [INFO][SyncEngineBackend::DoFinishConfigureDataTypes] Failed to download types:  and succeeded types: 
2026-03-15 17:45:04.023: [INFO][Sync] ConfigurationDone, failed: , succeeded: , remaining count: 0
2026-03-15 17:45:04.024: [INFO][Sync]     Configuration completed, state: 7
2026-03-15 17:45:04.024: [INFO][Sync] Configured DataTypeManager: Ok
2026-03-15 17:45:04.025: [INFO][SyncEngineBackend::DoStartSyncing] Start syncing
2026-03-15 18:50:11.890: [INFO][Sync] Reset engine, reason: 0
2026-03-15 18:50:11.890: [INFO][Sync] Reset engine with reason: 0
2026-03-15 19:30:40.924: [INFO][Sync] Reset engine, reason: 8
2026-03-15 19:30:40.924: [INFO][Sync] Stopped: Bookmarks
2026-03-15 19:30:40.924: [INFO][Sync] Stopped: Preferences
2026-03-15 19:30:40.924: [INFO][Sync] Stopped: Passwords
2026-03-15 19:30:40.924: [INFO][Sync] Stopped: Autofill Profiles
2026-03-15 19:30:40.924: [INFO][Sync] Stopped: Autofill
2026-03-15 19:30:40.924: [INFO][Sync] Stopped: Extensions
2026-03-15 19:30:40.924: [INFO][Sync] Stopped: Sessions
2026-03-15 19:30:40.924: [INFO][Sync] Stopped: Extension settings
2026-03-15 19:30:40.924: [INFO][Sync] Stopped: History Delete Directives
2026-03-15 19:30:40.924: [INFO][Sync] Stopped: Device Info
2026-03-15 19:30:40.924: [INFO][Sync] Stopped: User Consents
2026-03-15 19:30:40.924: [INFO][Sync] Stopped: Send Tab To Self
2026-03-15 19:30:40.924: [INFO][Sync] Stopped: Web Apps
2026-03-15 19:30:40.924: [INFO][Sync] Stopped: History
2026-03-15 19:30:40.924: [INFO][Sync] Stopped: Saved Tab Group
2026-03-15 19:30:40.924: [INFO][Sync] Stopped: WebAuthn Credentials
2026-03-15 19:30:40.924: [INFO][Sync] Stopped: Collection
2026-03-15 19:30:40.924: [INFO][Sync] Stopped: Edge E Drop
2026-03-15 19:30:40.924: [INFO][Sync] Stopped: Edge Hub App Usage
2026-03-15 19:30:40.924: [INFO][Sync] Stopped: Edge Wallet
2026-03-15 19:30:40.924: [INFO][Sync] Stopped: Edge Workspace
2026-03-15 19:30:40.924: [INFO][Sync] SyncState after authenticated was: NotSignedIn
2026-03-15 19:30:41.066: [INFO][Sync] Reset engine, reason: 8
2026-03-15 19:30:41.066: [INFO][Sync] Stopped: Bookmarks
2026-03-15 19:30:41.066: [INFO][Sync] Stopped: Preferences
2026-03-15 19:30:41.066: [INFO][Sync] Stopped: Passwords
2026-03-15 19:30:41.066: [INFO][Sync] Stopped: Autofill Profiles
2026-03-15 19:30:41.066: [INFO][Sync] Stopped: Autofill
2026-03-15 19:30:41.066: [INFO][Sync] Stopped: Extensions
2026-03-15 19:30:41.066: [INFO][Sync] Stopped: Sessions
2026-03-15 19:30:41.066: [INFO][Sync] Stopped: Extension settings
2026-03-15 19:30:41.066: [INFO][Sync] Stopped: History Delete Directives
2026-03-15 19:30:41.066: [INFO][Sync] Stopped: Device Info
2026-03-15 19:30:41.066: [INFO][Sync] Stopped: User Consents
2026-03-15 19:30:41.066: [INFO][Sync] Stopped: Send Tab To Self
2026-03-15 19:30:41.066: [INFO][Sync] Stopped: Web Apps
2026-03-15 19:30:41.066: [INFO][Sync] Stopped: History
2026-03-15 19:30:41.066: [INFO][Sync] Stopped: Saved Tab Group
2026-03-15 19:30:41.066: [INFO][Sync] Stopped: WebAuthn Credentials
2026-03-15 19:30:41.066: [INFO][Sync] Stopped: Collection
2026-03-15 19:30:41.066: [INFO][Sync] Stopped: Edge E Drop
2026-03-15 19:30:41.066: [INFO][Sync] Stopped: Edge Hub App Usage
2026-03-15 19:30:41.066: [INFO][Sync] Stopped: Edge Wallet
2026-03-15 19:30:41.066: [INFO][Sync] Stopped: Edge Workspace
2026-03-15 19:30:42.877: [INFO][Sync] Try to start sync engine
2026-03-15 19:30:42.878: [INFO][SyncManagerImpl::NudgeForInitialDownload] Initial download nudge for Encryption Keys
2026-03-15 19:30:42.878: [INFO][SyncEngineBackend::LoadAndConnectNigoriController] Load and connect Nigori controller
2026-03-15 19:30:42.878: [INFO][SyncEngineBackend::DoInitialize] Control Types added: Encryption Keys
2026-03-15 19:30:42.878: [INFO][SyncManagerImpl::ConfigureSyncer] Types to download: Encryption Keys with reason: 3
2026-03-15 19:30:42.878: [INFO][SyncSchedulerImpl::DoConfigurationSyncCycleJob] Configure job was blocked
2026-03-15 19:30:42.897: [INFO][SyncAuthManager::SetLastAuthError] Current auth error: None
2026-03-15 19:30:42.897: [INFO][SyncAuthManager::EdgeLogTokenErrorState] Token error with: None for account type: MSA
2026-03-15 19:30:42.897: [INFO][Sync] Credentials changed for: EdgeSyncScopeNew
2026-03-15 19:30:43.957: [INFO][SyncAuthManager::SetLastAuthError] Current auth error: None
2026-03-15 19:30:43.957: [INFO][SyncAuthManager::EdgeLogTokenErrorState] Token error with: None for account type: MSA
2026-03-15 19:30:43.957: [INFO][Sync] Credentials changed for: EdgeSyncKeyDataScope
2026-03-15 19:30:43.958: [INFO][SyncEngineBackend::DoUpdateKeyDataCredentials] Update key data credentials
2026-03-15 19:30:43.958: [INFO][SyncEngineBackend::DoUpdateCredentials] Update credentials
2026-03-15 19:30:43.958: [INFO][SyncSchedulerImpl::DoConfigurationSyncCycleJob] Blocked types:  and types to download: Encryption Keys
2026-03-15 19:30:44.672: [INFO][Sync] Started DataTypeManager configuration, reason: 4
2026-03-15 19:30:44.672: [INFO][Sync] Configuring for: Bookmarks, Preferences, Passwords, Autofill Profiles, Autofill, Extensions, Sessions, Extension settings, History Delete Directives, Device Info, User Consents, Send Tab To Self, Web Apps, History, Saved Tab Group, WebAuthn Credentials, Collection, Edge E Drop, Edge Hub App Usage, Edge Wallet, Edge Workspace, Encryption Keys, reason: 4, current state: 0
2026-03-15 19:30:44.672: [WARN][Sync] Crypto error data types: Passwords, Autofill Profiles, Autofill
2026-03-15 19:30:44.673: [INFO][Sync] Configure, desired: Bookmarks, Preferences, Extensions, Sessions, Extension settings, History Delete Directives, Device Info, User Consents, Send Tab To Self, Web Apps, History, Saved Tab Group, WebAuthn Credentials, Collection, Edge E Drop, Edge Hub App Usage, Edge Wallet, Edge Workspace, Encryption Keys; Allow fail: Passwords, Autofill Profiles, Autofill
2026-03-15 19:30:44.673: [INFO][Sync] Loading: Bookmarks
2026-03-15 19:30:44.673: [INFO][Sync] Loading: Preferences
2026-03-15 19:30:44.673: [INFO][Sync] Loading: Extensions
2026-03-15 19:30:44.673: [INFO][Sync] Loading: Sessions
2026-03-15 19:30:44.673: [INFO][Sync] Loading: Extension settings
2026-03-15 19:30:44.673: [INFO][Sync] Loading: History Delete Directives
2026-03-15 19:30:44.674: [INFO][Sync] Loading: Device Info
2026-03-15 19:30:44.674: [INFO][Sync] Loading: User Consents
2026-03-15 19:30:44.674: [INFO][Sync] Loading: Send Tab To Self
2026-03-15 19:30:44.674: [INFO][Sync] Loading: Web Apps
2026-03-15 19:30:44.674: [INFO][Sync] Loading: History
2026-03-15 19:30:44.674: [INFO][Sync] Loading: Saved Tab Group
2026-03-15 19:30:44.674: [INFO][Sync] Loading: WebAuthn Credentials
2026-03-15 19:30:44.674: [INFO][Sync] Loading: Collection
2026-03-15 19:30:44.674: [INFO][Sync] Loading: Edge E Drop
2026-03-15 19:30:44.674: [INFO][Sync] Loading: Edge Hub App Usage
2026-03-15 19:30:44.674: [INFO][Sync] Loading: Edge Wallet
2026-03-15 19:30:44.674: [INFO][Sync] Loading: Edge Workspace
2026-03-15 19:30:44.675: [INFO][Sync] All data types are ready for configure.
2026-03-15 19:30:45.138: [INFO][Sync] Started DataTypeManager configuration, reason: 5
2026-03-15 19:30:45.138: [INFO][Sync] Configuring for: Bookmarks, Preferences, Passwords, Autofill Profiles, Autofill, Extensions, Sessions, Extension settings, History Delete Directives, Device Info, User Consents, Send Tab To Self, Web Apps, History, Saved Tab Group, WebAuthn Credentials, Collection, Edge E Drop, Edge Hub App Usage, Edge Wallet, Edge Workspace, Encryption Keys, reason: 5, current state: 1
2026-03-15 19:30:45.139: [INFO][SyncEngineBackend::DoStartConfiguration] Start configuration
2026-03-15 19:30:45.139: [INFO][SyncManagerImpl::NudgeForInitialDownload] Initial download nudge for Bookmarks
2026-03-15 19:30:45.139: [INFO][SyncManagerImpl::NudgeForInitialDownload] Initial download nudge for Preferences
2026-03-15 19:30:45.139: [INFO][SyncManagerImpl::NudgeForInitialDownload] Initial download nudge for Extensions
2026-03-15 19:30:45.139: [INFO][SyncManagerImpl::NudgeForInitialDownload] Initial download nudge for Sessions
2026-03-15 19:30:45.139: [INFO][SyncManagerImpl::NudgeForInitialDownload] Initial download nudge for Extension settings
2026-03-15 19:30:45.139: [INFO][SyncManagerImpl::NudgeForInitialDownload] Initial download nudge for History Delete Directives
2026-03-15 19:30:45.139: [INFO][SyncManagerImpl::NudgeForInitialDownload] Initial download nudge for Device Info
2026-03-15 19:30:45.139: [INFO][SyncManagerImpl::NudgeForInitialDownload] Initial download nudge for Send Tab To Self
2026-03-15 19:30:45.139: [INFO][SyncManagerImpl::NudgeForInitialDownload] Initial download nudge for Web Apps
2026-03-15 19:30:45.139: [INFO][SyncManagerImpl::NudgeForInitialDownload] Initial download nudge for History
2026-03-15 19:30:45.139: [INFO][SyncManagerImpl::NudgeForInitialDownload] Initial download nudge for Saved Tab Group
2026-03-15 19:30:45.139: [INFO][SyncManagerImpl::NudgeForInitialDownload] Initial download nudge for WebAuthn Credentials
2026-03-15 19:30:45.139: [INFO][SyncManagerImpl::NudgeForInitialDownload] Initial download nudge for Collection
2026-03-15 19:30:45.139: [INFO][SyncManagerImpl::NudgeForInitialDownload] Initial download nudge for Edge E Drop
2026-03-15 19:30:45.139: [INFO][SyncManagerImpl::NudgeForInitialDownload] Initial download nudge for Edge Hub App Usage
2026-03-15 19:30:45.139: [INFO][SyncManagerImpl::NudgeForInitialDownload] Initial download nudge for Edge Wallet
2026-03-15 19:30:45.139: [INFO][SyncManagerImpl::NudgeForInitialDownload] Initial download nudge for Edge Workspace
2026-03-15 19:30:45.139: [INFO][SyncManagerImpl::ConfigureSyncer] Types to download:  with reason: 4
2026-03-15 19:30:45.139: [INFO][SyncEngineBackend::DoFinishConfigureDataTypes] Failed to download types:  and succeeded types: 
2026-03-15 19:30:45.140: [INFO][Sync] ConfigurationDone, failed: , succeeded: , remaining count: 4
2026-03-15 19:30:45.140: [WARN][Sync]     Reconfigure requested while configuration ongoing.
2026-03-15 19:30:45.140: [INFO][Sync] Configuring for: Bookmarks, Preferences, Passwords, Autofill Profiles, Autofill, Extensions, Sessions, Extension settings, History Delete Directives, Device Info, User Consents, Send Tab To Self, Web Apps, History, Saved Tab Group, WebAuthn Credentials, Collection, Edge E Drop, Edge Hub App Usage, Edge Wallet, Edge Workspace, Encryption Keys, reason: 5, current state: 2
2026-03-15 19:30:45.140: [INFO][Sync] Configure, desired: Bookmarks, Preferences, Passwords, Autofill Profiles, Autofill, Extensions, Sessions, Extension settings, History Delete Directives, Device Info, User Consents, Send Tab To Self, Web Apps, History, Saved Tab Group, WebAuthn Credentials, Collection, Edge E Drop, Edge Hub App Usage, Edge Wallet, Edge Workspace, Encryption Keys; Allow fail: 
2026-03-15 19:30:45.140: [INFO][Sync] Loading: Passwords
2026-03-15 19:30:45.140: [INFO][Sync] Loading: Autofill Profiles
2026-03-15 19:30:45.140: [INFO][Sync] Loading: Autofill
2026-03-15 19:30:45.140: [INFO][Sync] All data types are ready for configure.
2026-03-15 19:30:45.140: [INFO][SyncManagerImpl::NudgeForInitialDownload] Initial download nudge for Passwords
2026-03-15 19:30:45.140: [INFO][SyncManagerImpl::NudgeForInitialDownload] Initial download nudge for Autofill Profiles
2026-03-15 19:30:45.140: [INFO][SyncManagerImpl::NudgeForInitialDownload] Initial download nudge for Autofill
2026-03-15 19:30:45.140: [INFO][SyncManagerImpl::ConfigureSyncer] Types to download:  with reason: 5
2026-03-15 19:30:45.140: [INFO][SyncEngineBackend::DoFinishConfigureDataTypes] Failed to download types:  and succeeded types: 
2026-03-15 19:30:45.141: [INFO][Sync] ConfigurationDone, failed: , succeeded: , remaining count: 4
2026-03-15 19:30:45.141: [INFO][Sync] Prepare to configure types: Preferences, Passwords, Device Info, Send Tab To Self, Edge E Drop, Encryption Keys
2026-03-15 19:30:45.141: [INFO][SyncManagerImpl::ConfigureSyncer] Types to download: Preferences, Passwords, Device Info, Send Tab To Self, Edge E Drop, Encryption Keys with reason: 5
2026-03-15 19:30:45.141: [INFO][SyncSchedulerImpl::DoConfigurationSyncCycleJob] Blocked types:  and types to download: Preferences, Passwords, Device Info, Send Tab To Self, Edge E Drop, Encryption Keys
2026-03-15 19:30:45.615: [INFO][SyncEngineBackend::DoFinishConfigureDataTypes] Failed to download types:  and succeeded types: Preferences, Passwords, Device Info, Send Tab To Self, Edge E Drop, Encryption Keys
2026-03-15 19:30:45.617: [INFO][Sync] ConfigurationDone, failed: , succeeded: Preferences, Passwords, Device Info, Send Tab To Self, Edge E Drop, Encryption Keys, remaining count: 3
2026-03-15 19:30:45.617: [INFO][Sync] Prepare to configure types: Bookmarks, Encryption Keys
2026-03-15 19:30:45.617: [INFO][SyncManagerImpl::ConfigureSyncer] Types to download: Bookmarks, Encryption Keys with reason: 5
2026-03-15 19:30:45.617: [INFO][SyncSchedulerImpl::DoConfigurationSyncCycleJob] Blocked types:  and types to download: Bookmarks, Encryption Keys
2026-03-15 19:30:45.837: [INFO][SyncEngineBackend::DoFinishConfigureDataTypes] Failed to download types:  and succeeded types: Bookmarks, Encryption Keys
2026-03-15 19:30:45.838: [INFO][Sync] ConfigurationDone, failed: , succeeded: Bookmarks, Encryption Keys, remaining count: 2
2026-03-15 19:30:45.838: [INFO][Sync] Prepare to configure types: Autofill Profiles, Autofill, Extensions, Sessions, Extension settings, History Delete Directives, Web Apps, Saved Tab Group, WebAuthn Credentials, Collection, Edge Hub App Usage, Edge Wallet, Edge Workspace, Encryption Keys
2026-03-15 19:30:45.838: [INFO][SyncManagerImpl::ConfigureSyncer] Types to download: Autofill Profiles, Autofill, Extensions, Sessions, Extension settings, History Delete Directives, Web Apps, Saved Tab Group, WebAuthn Credentials, Collection, Edge Hub App Usage, Edge Wallet, Edge Workspace, Encryption Keys with reason: 5
2026-03-15 19:30:45.838: [INFO][SyncSchedulerImpl::DoConfigurationSyncCycleJob] Blocked types:  and types to download: Autofill Profiles, Autofill, Extensions, Sessions, Extension settings, History Delete Directives, Web Apps, Saved Tab Group, WebAuthn Credentials, Collection, Edge Hub App Usage, Edge Wallet, Edge Workspace, Encryption Keys
2026-03-15 19:30:47.233: [INFO][SyncEngineBackend::DoFinishConfigureDataTypes] Failed to download types:  and succeeded types: Autofill Profiles, Autofill, Extensions, Sessions, Extension settings, History Delete Directives, Web Apps, Saved Tab Group, WebAuthn Credentials, Collection, Edge Hub App Usage, Edge Wallet, Edge Workspace, Encryption Keys
2026-03-15 19:30:47.234: [INFO][Sync] ConfigurationDone, failed: , succeeded: Autofill Profiles, Autofill, Extensions, Sessions, Extension settings, History Delete Directives, Web Apps, Saved Tab Group, WebAuthn Credentials, Collection, Edge Hub App Usage, Edge Wallet, Edge Workspace, Encryption Keys, remaining count: 1
2026-03-15 19:30:47.235: [INFO][Sync] Prepare to configure types: History, Encryption Keys
2026-03-15 19:30:47.235: [INFO][SyncManagerImpl::ConfigureSyncer] Types to download: History, Encryption Keys with reason: 5
2026-03-15 19:30:47.235: [INFO][SyncSchedulerImpl::DoConfigurationSyncCycleJob] Blocked types:  and types to download: History, Encryption Keys
2026-03-15 19:30:51.904: [INFO][SyncEngineBackend::DoFinishConfigureDataTypes] Failed to download types:  and succeeded types: History, Encryption Keys
2026-03-15 19:30:51.906: [INFO][Sync] ConfigurationDone, failed: , succeeded: History, Encryption Keys, remaining count: 0
2026-03-15 19:30:51.907: [INFO][Sync]     Configuration completed, state: 7
2026-03-15 19:30:51.907: [INFO][Sync] Configured DataTypeManager: Ok
2026-03-15 19:30:51.909: [INFO][SyncEngineBackend::DoStartSyncing] Start syncing
2026-03-15 19:32:53.803: [INFO][Sync] Reset engine, reason: 0
2026-03-15 19:32:53.803: [INFO][Sync] Reset engine with reason: 0
2026-03-15 19:45:37.427: [INFO][Sync] SyncState after authenticated was: FeatureCanStart
2026-03-15 19:45:38.814: [INFO][SyncAuthManager::SetLastAuthError] Current auth error: None
2026-03-15 19:45:38.814: [INFO][SyncAuthManager::EdgeLogTokenErrorState] Token error with: None for account type: MSA
2026-03-15 19:45:38.814: [INFO][Sync] Credentials changed for: EdgeSyncKeyDataScope
2026-03-15 19:45:42.861: [INFO][Sync] Try to start sync engine
2026-03-15 19:45:42.861: [INFO][SyncManagerImpl::NudgeForInitialDownload] Initial download nudge for Encryption Keys
2026-03-15 19:45:42.861: [INFO][SyncEngineBackend::LoadAndConnectNigoriController] Load and connect Nigori controller
2026-03-15 19:45:42.861: [INFO][SyncEngineBackend::DoInitialize] Control Types added: Encryption Keys
2026-03-15 19:45:42.861: [INFO][SyncManagerImpl::ConfigureSyncer] Types to download: Encryption Keys with reason: 3
2026-03-15 19:45:42.862: [INFO][SyncEngineBackend::DoUpdateKeyDataCredentials] Update key data credentials
2026-03-15 19:45:42.862: [INFO][SyncSchedulerImpl::DoConfigurationSyncCycleJob] Configure job was blocked
2026-03-15 19:45:42.866: [INFO][SyncAuthManager::SetLastAuthError] Current auth error: None
2026-03-15 19:45:42.866: [INFO][SyncAuthManager::EdgeLogTokenErrorState] Token error with: None for account type: MSA
2026-03-15 19:45:42.866: [INFO][Sync] Credentials changed for: EdgeSyncScopeNew
2026-03-15 19:45:42.866: [INFO][SyncEngineBackend::DoUpdateCredentials] Update credentials
2026-03-15 19:45:42.866: [INFO][SyncEngineBackend::DoUpdateKeyDataCredentials] Update key data credentials
2026-03-15 19:45:42.866: [INFO][SyncSchedulerImpl::DoConfigurationSyncCycleJob] Blocked types:  and types to download: Encryption Keys
2026-03-15 19:45:43.274: [INFO][Sync] Started DataTypeManager configuration, reason: 4
2026-03-15 19:45:43.274: [INFO][Sync] Configuring for: Bookmarks, Preferences, Passwords, Autofill Profiles, Autofill, Extensions, Sessions, Extension settings, History Delete Directives, Device Info, User Consents, Send Tab To Self, Web Apps, History, Saved Tab Group, WebAuthn Credentials, Collection, Edge E Drop, Edge Hub App Usage, Edge Wallet, Edge Workspace, Encryption Keys, reason: 4, current state: 0
2026-03-15 19:45:43.275: [WARN][Sync] Crypto error data types: Passwords, Autofill Profiles, Autofill
2026-03-15 19:45:43.276: [INFO][Sync] Configure, desired: Bookmarks, Preferences, Extensions, Sessions, Extension settings, History Delete Directives, Device Info, User Consents, Send Tab To Self, Web Apps, History, Saved Tab Group, WebAuthn Credentials, Collection, Edge E Drop, Edge Hub App Usage, Edge Wallet, Edge Workspace, Encryption Keys; Allow fail: Passwords, Autofill Profiles, Autofill
2026-03-15 19:45:43.276: [INFO][Sync] Loading: Bookmarks
2026-03-15 19:45:43.276: [INFO][Sync] Loading: Preferences
2026-03-15 19:45:43.276: [INFO][Sync] Loading: Extensions
2026-03-15 19:45:43.276: [INFO][Sync] Loading: Sessions
2026-03-15 19:45:43.276: [INFO][Sync] Loading: Extension settings
2026-03-15 19:45:43.276: [INFO][Sync] Loading: History Delete Directives
2026-03-15 19:45:43.276: [INFO][Sync] Loading: Device Info
2026-03-15 19:45:43.276: [INFO][Sync] Loading: User Consents
2026-03-15 19:45:43.276: [INFO][Sync] Loading: Send Tab To Self
2026-03-15 19:45:43.276: [INFO][Sync] Loading: Web Apps
2026-03-15 19:45:43.276: [INFO][Sync] Loading: History
2026-03-15 19:45:43.276: [INFO][Sync] Loading: Saved Tab Group
2026-03-15 19:45:43.276: [INFO][Sync] Loading: WebAuthn Credentials
2026-03-15 19:45:43.276: [INFO][Sync] Loading: Collection
2026-03-15 19:45:43.276: [INFO][Sync] Loading: Edge E Drop
2026-03-15 19:45:43.276: [INFO][Sync] Loading: Edge Hub App Usage
2026-03-15 19:45:43.276: [INFO][Sync] Loading: Edge Wallet
2026-03-15 19:45:43.276: [INFO][Sync] Loading: Edge Workspace
2026-03-15 19:45:43.279: [INFO][Sync] All data types are ready for configure.
2026-03-15 19:45:43.923: [INFO][Sync] Started DataTypeManager configuration, reason: 5
2026-03-15 19:45:43.923: [INFO][Sync] Configuring for: Bookmarks, Preferences, Passwords, Autofill Profiles, Autofill, Extensions, Sessions, Extension settings, History Delete Directives, Device Info, User Consents, Send Tab To Self, Web Apps, History, Saved Tab Group, WebAuthn Credentials, Collection, Edge E Drop, Edge Hub App Usage, Edge Wallet, Edge Workspace, Encryption Keys, reason: 5, current state: 1
2026-03-15 19:45:43.927: [INFO][SyncEngineBackend::DoStartConfiguration] Start configuration
2026-03-15 19:45:43.927: [INFO][SyncManagerImpl::ConfigureSyncer] Types to download:  with reason: 4
2026-03-15 19:45:43.927: [INFO][SyncEngineBackend::DoFinishConfigureDataTypes] Failed to download types:  and succeeded types: 
2026-03-15 19:45:43.927: [INFO][Sync] ConfigurationDone, failed: , succeeded: , remaining count: 4
2026-03-15 19:45:43.927: [WARN][Sync]     Reconfigure requested while configuration ongoing.
2026-03-15 19:45:43.927: [INFO][Sync] Configuring for: Bookmarks, Preferences, Passwords, Autofill Profiles, Autofill, Extensions, Sessions, Extension settings, History Delete Directives, Device Info, User Consents, Send Tab To Self, Web Apps, History, Saved Tab Group, WebAuthn Credentials, Collection, Edge E Drop, Edge Hub App Usage, Edge Wallet, Edge Workspace, Encryption Keys, reason: 5, current state: 2
2026-03-15 19:45:43.927: [INFO][Sync] Configure, desired: Bookmarks, Preferences, Passwords, Autofill Profiles, Autofill, Extensions, Sessions, Extension settings, History Delete Directives, Device Info, User Consents, Send Tab To Self, Web Apps, History, Saved Tab Group, WebAuthn Credentials, Collection, Edge E Drop, Edge Hub App Usage, Edge Wallet, Edge Workspace, Encryption Keys; Allow fail: 
2026-03-15 19:45:43.927: [INFO][Sync] Loading: Passwords
2026-03-15 19:45:43.927: [INFO][Sync] Loading: Autofill Profiles
2026-03-15 19:45:43.927: [INFO][Sync] Loading: Autofill
2026-03-15 19:45:43.928: [INFO][Sync] All data types are ready for configure.
2026-03-15 19:45:43.928: [INFO][SyncManagerImpl::NudgeForInitialDownload] Initial download nudge for Passwords
2026-03-15 19:45:43.928: [INFO][SyncManagerImpl::ConfigureSyncer] Types to download:  with reason: 5
2026-03-15 19:45:43.928: [INFO][SyncEngineBackend::DoFinishConfigureDataTypes] Failed to download types:  and succeeded types: 
2026-03-15 19:45:43.928: [INFO][Sync] ConfigurationDone, failed: , succeeded: , remaining count: 4
2026-03-15 19:45:43.928: [INFO][Sync] Prepare to configure types: Passwords, Encryption Keys
2026-03-15 19:45:43.928: [INFO][SyncManagerImpl::ConfigureSyncer] Types to download: Passwords, Encryption Keys with reason: 5
2026-03-15 19:45:43.928: [INFO][SyncSchedulerImpl::DoConfigurationSyncCycleJob] Blocked types:  and types to download: Passwords, Encryption Keys
2026-03-15 19:45:44.186: [INFO][SyncEngineBackend::DoFinishConfigureDataTypes] Failed to download types:  and succeeded types: Passwords, Encryption Keys
2026-03-15 19:45:44.187: [INFO][Sync] ConfigurationDone, failed: , succeeded: Passwords, Encryption Keys, remaining count: 3
2026-03-15 19:45:44.187: [INFO][SyncManagerImpl::ConfigureSyncer] Types to download:  with reason: 5
2026-03-15 19:45:44.187: [INFO][SyncEngineBackend::DoFinishConfigureDataTypes] Failed to download types:  and succeeded types: 
2026-03-15 19:45:44.187: [INFO][Sync] ConfigurationDone, failed: , succeeded: , remaining count: 2
2026-03-15 19:45:44.187: [INFO][SyncManagerImpl::ConfigureSyncer] Types to download:  with reason: 5
2026-03-15 19:45:44.187: [INFO][SyncEngineBackend::DoFinishConfigureDataTypes] Failed to download types:  and succeeded types: 
2026-03-15 19:45:44.189: [INFO][Sync] ConfigurationDone, failed: , succeeded: , remaining count: 1
2026-03-15 19:45:44.191: [INFO][SyncManagerImpl::ConfigureSyncer] Types to download:  with reason: 5
2026-03-15 19:45:44.191: [INFO][SyncEngineBackend::DoFinishConfigureDataTypes] Failed to download types:  and succeeded types: 
2026-03-15 19:45:44.191: [INFO][Sync] ConfigurationDone, failed: , succeeded: , remaining count: 0
2026-03-15 19:45:44.192: [INFO][Sync]     Configuration completed, state: 7
2026-03-15 19:45:44.192: [INFO][Sync] Configured DataTypeManager: Ok
2026-03-15 19:45:44.194: [INFO][SyncEngineBackend::DoStartSyncing] Start syncing
2026-03-15 19:46:27.294: [INFO][Sync] Reset engine, reason: 0
2026-03-15 19:46:27.294: [INFO][Sync] Reset engine with reason: 0
2026-03-15 20:16:26.348: [INFO][Sync] Reset engine, reason: 8
2026-03-15 20:16:26.348: [INFO][Sync] Stopped: Bookmarks
2026-03-15 20:16:26.348: [INFO][Sync] Stopped: Preferences
2026-03-15 20:16:26.348: [INFO][Sync] Stopped: Passwords
2026-03-15 20:16:26.348: [INFO][Sync] Stopped: Autofill Profiles
2026-03-15 20:16:26.348: [INFO][Sync] Stopped: Autofill
2026-03-15 20:16:26.348: [INFO][Sync] Stopped: Extensions
2026-03-15 20:16:26.348: [INFO][Sync] Stopped: Sessions
2026-03-15 20:16:26.348: [INFO][Sync] Stopped: Extension settings
2026-03-15 20:16:26.348: [INFO][Sync] Stopped: History Delete Directives
2026-03-15 20:16:26.348: [INFO][Sync] Stopped: Device Info
2026-03-15 20:16:26.348: [INFO][Sync] Stopped: User Consents
2026-03-15 20:16:26.348: [INFO][Sync] Stopped: Send Tab To Self
2026-03-15 20:16:26.348: [INFO][Sync] Stopped: Web Apps
2026-03-15 20:16:26.348: [INFO][Sync] Stopped: History
2026-03-15 20:16:26.348: [INFO][Sync] Stopped: Saved Tab Group
2026-03-15 20:16:26.348: [INFO][Sync] Stopped: WebAuthn Credentials
2026-03-15 20:16:26.348: [INFO][Sync] Stopped: Collection
2026-03-15 20:16:26.348: [INFO][Sync] Stopped: Edge E Drop
2026-03-15 20:16:26.348: [INFO][Sync] Stopped: Edge Hub App Usage
2026-03-15 20:16:26.348: [INFO][Sync] Stopped: Edge Wallet
2026-03-15 20:16:26.348: [INFO][Sync] Stopped: Edge Workspace
2026-03-15 20:16:26.348: [INFO][Sync] SyncState after authenticated was: NotSignedIn
2026-03-15 20:16:26.519: [INFO][Sync] Reset engine, reason: 8
2026-03-15 20:16:26.519: [INFO][Sync] Stopped: Bookmarks
2026-03-15 20:16:26.519: [INFO][Sync] Stopped: Preferences
2026-03-15 20:16:26.519: [INFO][Sync] Stopped: Passwords
2026-03-15 20:16:26.519: [INFO][Sync] Stopped: Autofill Profiles
2026-03-15 20:16:26.519: [INFO][Sync] Stopped: Autofill
2026-03-15 20:16:26.519: [INFO][Sync] Stopped: Extensions
2026-03-15 20:16:26.519: [INFO][Sync] Stopped: Sessions
2026-03-15 20:16:26.519: [INFO][Sync] Stopped: Extension settings
2026-03-15 20:16:26.519: [INFO][Sync] Stopped: History Delete Directives
2026-03-15 20:16:26.519: [INFO][Sync] Stopped: Device Info
2026-03-15 20:16:26.519: [INFO][Sync] Stopped: User Consents
2026-03-15 20:16:26.519: [INFO][Sync] Stopped: Send Tab To Self
2026-03-15 20:16:26.519: [INFO][Sync] Stopped: Web Apps
2026-03-15 20:16:26.519: [INFO][Sync] Stopped: History
2026-03-15 20:16:26.519: [INFO][Sync] Stopped: Saved Tab Group
2026-03-15 20:16:26.519: [INFO][Sync] Stopped: WebAuthn Credentials
2026-03-15 20:16:26.519: [INFO][Sync] Stopped: Collection
2026-03-15 20:16:26.519: [INFO][Sync] Stopped: Edge E Drop
2026-03-15 20:16:26.519: [INFO][Sync] Stopped: Edge Hub App Usage
2026-03-15 20:16:26.519: [INFO][Sync] Stopped: Edge Wallet
2026-03-15 20:16:26.519: [INFO][Sync] Stopped: Edge Workspace
2026-03-15 20:16:28.727: [INFO][Sync] Try to start sync engine
2026-03-15 20:16:28.732: [INFO][SyncManagerImpl::NudgeForInitialDownload] Initial download nudge for Encryption Keys
2026-03-15 20:16:28.732: [INFO][SyncEngineBackend::LoadAndConnectNigoriController] Load and connect Nigori controller
2026-03-15 20:16:28.732: [INFO][SyncEngineBackend::DoInitialize] Control Types added: Encryption Keys
2026-03-15 20:16:28.732: [INFO][SyncManagerImpl::ConfigureSyncer] Types to download: Encryption Keys with reason: 3
2026-03-15 20:16:28.732: [INFO][SyncSchedulerImpl::DoConfigurationSyncCycleJob] Configure job was blocked
2026-03-15 20:16:28.743: [INFO][SyncAuthManager::SetLastAuthError] Current auth error: None
2026-03-15 20:16:28.743: [INFO][SyncAuthManager::EdgeLogTokenErrorState] Token error with: None for account type: MSA
2026-03-15 20:16:28.743: [INFO][Sync] Credentials changed for: EdgeSyncScopeNew
2026-03-15 20:16:29.195: [INFO][SyncAuthManager::SetLastAuthError] Current auth error: None
2026-03-15 20:16:29.195: [INFO][SyncAuthManager::EdgeLogTokenErrorState] Token error with: None for account type: MSA
2026-03-15 20:16:29.195: [INFO][Sync] Credentials changed for: EdgeSyncKeyDataScope
2026-03-15 20:16:29.195: [INFO][SyncEngineBackend::DoUpdateKeyDataCredentials] Update key data credentials
2026-03-15 20:16:29.195: [INFO][SyncEngineBackend::DoUpdateCredentials] Update credentials
2026-03-15 20:16:29.195: [INFO][SyncSchedulerImpl::DoConfigurationSyncCycleJob] Blocked types:  and types to download: Encryption Keys
2026-03-15 20:16:29.785: [INFO][Sync] Started DataTypeManager configuration, reason: 4
2026-03-15 20:16:29.785: [INFO][Sync] Configuring for: Bookmarks, Preferences, Passwords, Autofill Profiles, Autofill, Extensions, Sessions, Extension settings, History Delete Directives, Device Info, User Consents, Send Tab To Self, Web Apps, History, Saved Tab Group, WebAuthn Credentials, Collection, Edge E Drop, Edge Hub App Usage, Edge Wallet, Edge Workspace, Encryption Keys, reason: 4, current state: 0
2026-03-15 20:16:29.785: [WARN][Sync] Crypto error data types: Passwords, Autofill Profiles, Autofill
2026-03-15 20:16:29.787: [INFO][Sync] Configure, desired: Bookmarks, Preferences, Extensions, Sessions, Extension settings, History Delete Directives, Device Info, User Consents, Send Tab To Self, Web Apps, History, Saved Tab Group, WebAuthn Credentials, Collection, Edge E Drop, Edge Hub App Usage, Edge Wallet, Edge Workspace, Encryption Keys; Allow fail: Passwords, Autofill Profiles, Autofill
2026-03-15 20:16:29.787: [INFO][Sync] Loading: Bookmarks
2026-03-15 20:16:29.787: [INFO][Sync] Loading: Preferences
2026-03-15 20:16:29.787: [INFO][Sync] Loading: Extensions
2026-03-15 20:16:29.787: [INFO][Sync] Loading: Sessions
2026-03-15 20:16:29.787: [INFO][Sync] Loading: Extension settings
2026-03-15 20:16:29.787: [INFO][Sync] Loading: History Delete Directives
2026-03-15 20:16:29.787: [INFO][Sync] Loading: Device Info
2026-03-15 20:16:29.787: [INFO][Sync] Loading: User Consents
2026-03-15 20:16:29.787: [INFO][Sync] Loading: Send Tab To Self
2026-03-15 20:16:29.787: [INFO][Sync] Loading: Web Apps
2026-03-15 20:16:29.787: [INFO][Sync] Loading: History
2026-03-15 20:16:29.787: [INFO][Sync] Loading: Saved Tab Group
2026-03-15 20:16:29.787: [INFO][Sync] Loading: WebAuthn Credentials
2026-03-15 20:16:29.787: [INFO][Sync] Loading: Collection
2026-03-15 20:16:29.787: [INFO][Sync] Loading: Edge E Drop
2026-03-15 20:16:29.787: [INFO][Sync] Loading: Edge Hub App Usage
2026-03-15 20:16:29.787: [INFO][Sync] Loading: Edge Wallet
2026-03-15 20:16:29.787: [INFO][Sync] Loading: Edge Workspace
2026-03-15 20:16:29.800: [INFO][Sync] All data types are ready for configure.
2026-03-15 20:16:30.500: [INFO][Sync] Started DataTypeManager configuration, reason: 5
2026-03-15 20:16:30.500: [INFO][Sync] Configuring for: Bookmarks, Preferences, Passwords, Autofill Profiles, Autofill, Extensions, Sessions, Extension settings, History Delete Directives, Device Info, User Consents, Send Tab To Self, Web Apps, History, Saved Tab Group, WebAuthn Credentials, Collection, Edge E Drop, Edge Hub App Usage, Edge Wallet, Edge Workspace, Encryption Keys, reason: 5, current state: 1
2026-03-15 20:16:30.502: [INFO][SyncEngineBackend::DoStartConfiguration] Start configuration
2026-03-15 20:16:30.502: [INFO][SyncManagerImpl::NudgeForInitialDownload] Initial download nudge for Bookmarks
2026-03-15 20:16:30.502: [INFO][SyncManagerImpl::NudgeForInitialDownload] Initial download nudge for Preferences
2026-03-15 20:16:30.502: [INFO][SyncManagerImpl::NudgeForInitialDownload] Initial download nudge for Extensions
2026-03-15 20:16:30.502: [INFO][SyncManagerImpl::NudgeForInitialDownload] Initial download nudge for Sessions
2026-03-15 20:16:30.502: [INFO][SyncManagerImpl::NudgeForInitialDownload] Initial download nudge for Extension settings
2026-03-15 20:16:30.502: [INFO][SyncManagerImpl::NudgeForInitialDownload] Initial download nudge for History Delete Directives
2026-03-15 20:16:30.502: [INFO][SyncManagerImpl::NudgeForInitialDownload] Initial download nudge for Device Info
2026-03-15 20:16:30.502: [INFO][SyncManagerImpl::NudgeForInitialDownload] Initial download nudge for Send Tab To Self
2026-03-15 20:16:30.502: [INFO][SyncManagerImpl::NudgeForInitialDownload] Initial download nudge for Web Apps
2026-03-15 20:16:30.502: [INFO][SyncManagerImpl::NudgeForInitialDownload] Initial download nudge for History
2026-03-15 20:16:30.503: [INFO][SyncManagerImpl::NudgeForInitialDownload] Initial download nudge for Saved Tab Group
2026-03-15 20:16:30.503: [INFO][SyncManagerImpl::NudgeForInitialDownload] Initial download nudge for WebAuthn Credentials
2026-03-15 20:16:30.503: [INFO][SyncManagerImpl::NudgeForInitialDownload] Initial download nudge for Collection
2026-03-15 20:16:30.503: [INFO][SyncManagerImpl::NudgeForInitialDownload] Initial download nudge for Edge E Drop
2026-03-15 20:16:30.503: [INFO][SyncManagerImpl::NudgeForInitialDownload] Initial download nudge for Edge Hub App Usage
2026-03-15 20:16:30.503: [INFO][SyncManagerImpl::NudgeForInitialDownload] Initial download nudge for Edge Wallet
2026-03-15 20:16:30.503: [INFO][SyncManagerImpl::NudgeForInitialDownload] Initial download nudge for Edge Workspace
2026-03-15 20:16:30.503: [INFO][SyncManagerImpl::ConfigureSyncer] Types to download:  with reason: 4
2026-03-15 20:16:30.503: [INFO][SyncEngineBackend::DoFinishConfigureDataTypes] Failed to download types:  and succeeded types: 
2026-03-15 20:16:30.503: [INFO][Sync] ConfigurationDone, failed: , succeeded: , remaining count: 4
2026-03-15 20:16:30.503: [WARN][Sync]     Reconfigure requested while configuration ongoing.
2026-03-15 20:16:30.503: [INFO][Sync] Configuring for: Bookmarks, Preferences, Passwords, Autofill Profiles, Autofill, Extensions, Sessions, Extension settings, History Delete Directives, Device Info, User Consents, Send Tab To Self, Web Apps, History, Saved Tab Group, WebAuthn Credentials, Collection, Edge E Drop, Edge Hub App Usage, Edge Wallet, Edge Workspace, Encryption Keys, reason: 5, current state: 2
2026-03-15 20:16:30.503: [INFO][Sync] Configure, desired: Bookmarks, Preferences, Passwords, Autofill Profiles, Autofill, Extensions, Sessions, Extension settings, History Delete Directives, Device Info, User Consents, Send Tab To Self, Web Apps, History, Saved Tab Group, WebAuthn Credentials, Collection, Edge E Drop, Edge Hub App Usage, Edge Wallet, Edge Workspace, Encryption Keys; Allow fail: 
2026-03-15 20:16:30.503: [INFO][Sync] Loading: Passwords
2026-03-15 20:16:30.503: [INFO][Sync] Loading: Autofill Profiles
2026-03-15 20:16:30.503: [INFO][Sync] Loading: Autofill
2026-03-15 20:16:30.503: [INFO][Sync] All data types are ready for configure.
2026-03-15 20:16:30.503: [INFO][SyncManagerImpl::NudgeForInitialDownload] Initial download nudge for Passwords
2026-03-15 20:16:30.503: [INFO][SyncManagerImpl::NudgeForInitialDownload] Initial download nudge for Autofill Profiles
2026-03-15 20:16:30.503: [INFO][SyncManagerImpl::NudgeForInitialDownload] Initial download nudge for Autofill
2026-03-15 20:16:30.503: [INFO][SyncManagerImpl::ConfigureSyncer] Types to download:  with reason: 5
2026-03-15 20:16:30.503: [INFO][SyncEngineBackend::DoFinishConfigureDataTypes] Failed to download types:  and succeeded types: 
2026-03-15 20:16:30.503: [INFO][Sync] ConfigurationDone, failed: , succeeded: , remaining count: 4
2026-03-15 20:16:30.503: [INFO][Sync] Prepare to configure types: Preferences, Passwords, Device Info, Send Tab To Self, Edge E Drop, Encryption Keys
2026-03-15 20:16:30.503: [INFO][SyncManagerImpl::ConfigureSyncer] Types to download: Preferences, Passwords, Device Info, Send Tab To Self, Edge E Drop, Encryption Keys with reason: 5
2026-03-15 20:16:30.503: [INFO][SyncSchedulerImpl::DoConfigurationSyncCycleJob] Blocked types:  and types to download: Preferences, Passwords, Device Info, Send Tab To Self, Edge E Drop, Encryption Keys
2026-03-15 20:16:30.907: [INFO][SyncEngineBackend::DoFinishConfigureDataTypes] Failed to download types:  and succeeded types: Preferences, Passwords, Device Info, Send Tab To Self, Edge E Drop, Encryption Keys
2026-03-15 20:16:30.911: [INFO][Sync] ConfigurationDone, failed: , succeeded: Preferences, Passwords, Device Info, Send Tab To Self, Edge E Drop, Encryption Keys, remaining count: 3
2026-03-15 20:16:30.911: [INFO][Sync] Prepare to configure types: Bookmarks, Encryption Keys
2026-03-15 20:16:30.911: [INFO][SyncManagerImpl::ConfigureSyncer] Types to download: Bookmarks, Encryption Keys with reason: 5
2026-03-15 20:16:30.911: [INFO][SyncSchedulerImpl::DoConfigurationSyncCycleJob] Blocked types:  and types to download: Bookmarks, Encryption Keys
2026-03-15 20:16:31.124: [INFO][SyncEngineBackend::DoFinishConfigureDataTypes] Failed to download types:  and succeeded types: Bookmarks, Encryption Keys
2026-03-15 20:16:31.127: [INFO][Sync] ConfigurationDone, failed: , succeeded: Bookmarks, Encryption Keys, remaining count: 2
2026-03-15 20:16:31.127: [INFO][Sync] Prepare to configure types: Autofill Profiles, Autofill, Extensions, Sessions, Extension settings, History Delete Directives, Web Apps, Saved Tab Group, WebAuthn Credentials, Collection, Edge Hub App Usage, Edge Wallet, Edge Workspace, Encryption Keys
2026-03-15 20:16:31.127: [INFO][SyncManagerImpl::ConfigureSyncer] Types to download: Autofill Profiles, Autofill, Extensions, Sessions, Extension settings, History Delete Directives, Web Apps, Saved Tab Group, WebAuthn Credentials, Collection, Edge Hub App Usage, Edge Wallet, Edge Workspace, Encryption Keys with reason: 5
2026-03-15 20:16:31.127: [INFO][SyncSchedulerImpl::DoConfigurationSyncCycleJob] Blocked types:  and types to download: Autofill Profiles, Autofill, Extensions, Sessions, Extension settings, History Delete Directives, Web Apps, Saved Tab Group, WebAuthn Credentials, Collection, Edge Hub App Usage, Edge Wallet, Edge Workspace, Encryption Keys
2026-03-15 20:16:32.435: [INFO][SyncEngineBackend::DoFinishConfigureDataTypes] Failed to download types:  and succeeded types: Autofill Profiles, Autofill, Extensions, Sessions, Extension settings, History Delete Directives, Web Apps, Saved Tab Group, WebAuthn Credentials, Collection, Edge Hub App Usage, Edge Wallet, Edge Workspace, Encryption Keys
2026-03-15 20:16:32.436: [INFO][Sync] ConfigurationDone, failed: , succeeded: Autofill Profiles, Autofill, Extensions, Sessions, Extension settings, History Delete Directives, Web Apps, Saved Tab Group, WebAuthn Credentials, Collection, Edge Hub App Usage, Edge Wallet, Edge Workspace, Encryption Keys, remaining count: 1
2026-03-15 20:16:32.437: [INFO][Sync] Prepare to configure types: History, Encryption Keys
2026-03-15 20:16:32.437: [INFO][SyncManagerImpl::ConfigureSyncer] Types to download: History, Encryption Keys with reason: 5
2026-03-15 20:16:32.437: [INFO][SyncSchedulerImpl::DoConfigurationSyncCycleJob] Blocked types:  and types to download: History, Encryption Keys
2026-03-15 20:16:36.637: [INFO][SyncEngineBackend::DoFinishConfigureDataTypes] Failed to download types:  and succeeded types: History, Encryption Keys
2026-03-15 20:16:36.638: [INFO][Sync] ConfigurationDone, failed: , succeeded: History, Encryption Keys, remaining count: 0
2026-03-15 20:16:36.640: [INFO][Sync]     Configuration completed, state: 7
2026-03-15 20:16:36.640: [INFO][Sync] Configured DataTypeManager: Ok
2026-03-15 20:16:36.644: [INFO][SyncEngineBackend::DoStartSyncing] Start syncing
2026-03-15 20:26:44.300: [INFO][Sync] Reset engine, reason: 0
2026-03-15 20:26:44.300: [INFO][Sync] Reset engine with reason: 0
2026-03-15 20:39:04.034: [INFO][Sync] SyncState after authenticated was: FeatureCanStart
2026-03-15 20:39:05.537: [INFO][SyncAuthManager::SetLastAuthError] Current auth error: None
2026-03-15 20:39:05.537: [INFO][SyncAuthManager::EdgeLogTokenErrorState] Token error with: None for account type: MSA
2026-03-15 20:39:05.537: [INFO][Sync] Credentials changed for: EdgeSyncKeyDataScope
2026-03-15 20:39:11.069: [INFO][Sync] Try to start sync engine
2026-03-15 20:39:11.081: [INFO][SyncAuthManager::SetLastAuthError] Current auth error: None
2026-03-15 20:39:11.081: [INFO][SyncAuthManager::EdgeLogTokenErrorState] Token error with: None for account type: MSA
2026-03-15 20:39:11.081: [INFO][Sync] Credentials changed for: EdgeSyncScopeNew
2026-03-15 20:39:11.093: [INFO][SyncManagerImpl::NudgeForInitialDownload] Initial download nudge for Encryption Keys
2026-03-15 20:39:11.093: [INFO][SyncEngineBackend::LoadAndConnectNigoriController] Load and connect Nigori controller
2026-03-15 20:39:11.094: [INFO][SyncEngineBackend::DoInitialize] Control Types added: Encryption Keys
2026-03-15 20:39:11.094: [INFO][SyncManagerImpl::ConfigureSyncer] Types to download: Encryption Keys with reason: 3
2026-03-15 20:39:11.095: [INFO][SyncEngineBackend::DoUpdateKeyDataCredentials] Update key data credentials
2026-03-15 20:39:11.095: [INFO][SyncEngineBackend::DoUpdateCredentials] Update credentials
2026-03-15 20:39:11.095: [INFO][SyncEngineBackend::DoUpdateKeyDataCredentials] Update key data credentials
2026-03-15 20:39:11.096: [INFO][SyncSchedulerImpl::DoConfigurationSyncCycleJob] Blocked types:  and types to download: Encryption Keys
2026-03-15 20:39:11.617: [INFO][Sync] Started DataTypeManager configuration, reason: 4
2026-03-15 20:39:11.619: [INFO][Sync] Configuring for: Bookmarks, Preferences, Passwords, Autofill Profiles, Autofill, Extensions, Sessions, Extension settings, History Delete Directives, Device Info, User Consents, Send Tab To Self, Web Apps, History, Saved Tab Group, WebAuthn Credentials, Collection, Edge E Drop, Edge Hub App Usage, Edge Wallet, Edge Workspace, Encryption Keys, reason: 4, current state: 0
2026-03-15 20:39:11.619: [WARN][Sync] Crypto error data types: Passwords, Autofill Profiles, Autofill
2026-03-15 20:39:11.623: [INFO][Sync] Configure, desired: Bookmarks, Preferences, Extensions, Sessions, Extension settings, History Delete Directives, Device Info, User Consents, Send Tab To Self, Web Apps, History, Saved Tab Group, WebAuthn Credentials, Collection, Edge E Drop, Edge Hub App Usage, Edge Wallet, Edge Workspace, Encryption Keys; Allow fail: Passwords, Autofill Profiles, Autofill
2026-03-15 20:39:11.624: [INFO][Sync] Loading: Bookmarks
2026-03-15 20:39:11.624: [INFO][Sync] Loading: Preferences
2026-03-15 20:39:11.624: [INFO][Sync] Loading: Extensions
2026-03-15 20:39:11.625: [INFO][Sync] Loading: Sessions
2026-03-15 20:39:11.627: [INFO][Sync] Loading: Extension settings
2026-03-15 20:39:11.627: [INFO][Sync] Loading: History Delete Directives
2026-03-15 20:39:11.627: [INFO][Sync] Loading: Device Info
2026-03-15 20:39:11.627: [INFO][Sync] Loading: User Consents
2026-03-15 20:39:11.627: [INFO][Sync] Loading: Send Tab To Self
2026-03-15 20:39:11.627: [INFO][Sync] Loading: Web Apps
2026-03-15 20:39:11.627: [INFO][Sync] Loading: History
2026-03-15 20:39:11.627: [INFO][Sync] Loading: Saved Tab Group
2026-03-15 20:39:11.627: [INFO][Sync] Loading: WebAuthn Credentials
2026-03-15 20:39:11.627: [INFO][Sync] Loading: Collection
2026-03-15 20:39:11.627: [INFO][Sync] Loading: Edge E Drop
2026-03-15 20:39:11.627: [INFO][Sync] Loading: Edge Hub App Usage
2026-03-15 20:39:11.627: [INFO][Sync] Loading: Edge Wallet
2026-03-15 20:39:11.627: [INFO][Sync] Loading: Edge Workspace
2026-03-15 20:39:11.652: [INFO][Sync] All data types are ready for configure.
2026-03-15 20:39:12.147: [INFO][Sync] Started DataTypeManager configuration, reason: 5
2026-03-15 20:39:12.147: [INFO][Sync] Configuring for: Bookmarks, Preferences, Passwords, Autofill Profiles, Autofill, Extensions, Sessions, Extension settings, History Delete Directives, Device Info, User Consents, Send Tab To Self, Web Apps, History, Saved Tab Group, WebAuthn Credentials, Collection, Edge E Drop, Edge Hub App Usage, Edge Wallet, Edge Workspace, Encryption Keys, reason: 5, current state: 1
2026-03-15 20:39:12.151: [INFO][SyncEngineBackend::DoStartConfiguration] Start configuration
2026-03-15 20:39:12.153: [INFO][SyncManagerImpl::ConfigureSyncer] Types to download:  with reason: 4
2026-03-15 20:39:12.153: [INFO][SyncEngineBackend::DoFinishConfigureDataTypes] Failed to download types:  and succeeded types: 
2026-03-15 20:39:12.154: [INFO][Sync] ConfigurationDone, failed: , succeeded: , remaining count: 4
2026-03-15 20:39:12.154: [WARN][Sync]     Reconfigure requested while configuration ongoing.
2026-03-15 20:39:12.154: [INFO][Sync] Configuring for: Bookmarks, Preferences, Passwords, Autofill Profiles, Autofill, Extensions, Sessions, Extension settings, History Delete Directives, Device Info, User Consents, Send Tab To Self, Web Apps, History, Saved Tab Group, WebAuthn Credentials, Collection, Edge E Drop, Edge Hub App Usage, Edge Wallet, Edge Workspace, Encryption Keys, reason: 5, current state: 2
2026-03-15 20:39:12.154: [INFO][Sync] Configure, desired: Bookmarks, Preferences, Passwords, Autofill Profiles, Autofill, Extensions, Sessions, Extension settings, History Delete Directives, Device Info, User Consents, Send Tab To Self, Web Apps, History, Saved Tab Group, WebAuthn Credentials, Collection, Edge E Drop, Edge Hub App Usage, Edge Wallet, Edge Workspace, Encryption Keys; Allow fail: 
2026-03-15 20:39:12.154: [INFO][Sync] Loading: Passwords
2026-03-15 20:39:12.154: [INFO][Sync] Loading: Autofill Profiles
2026-03-15 20:39:12.154: [INFO][Sync] Loading: Autofill
2026-03-15 20:39:12.155: [INFO][Sync] All data types are ready for configure.
2026-03-15 20:39:12.155: [INFO][SyncManagerImpl::NudgeForInitialDownload] Initial download nudge for Passwords
2026-03-15 20:39:12.156: [INFO][SyncManagerImpl::ConfigureSyncer] Types to download:  with reason: 5
2026-03-15 20:39:12.156: [INFO][SyncEngineBackend::DoFinishConfigureDataTypes] Failed to download types:  and succeeded types: 
2026-03-15 20:39:12.156: [INFO][Sync] ConfigurationDone, failed: , succeeded: , remaining count: 4
2026-03-15 20:39:12.156: [INFO][Sync] Prepare to configure types: Passwords, Encryption Keys
2026-03-15 20:39:12.156: [INFO][SyncManagerImpl::ConfigureSyncer] Types to download: Passwords, Encryption Keys with reason: 5
2026-03-15 20:39:12.156: [INFO][SyncSchedulerImpl::DoConfigurationSyncCycleJob] Blocked types:  and types to download: Passwords, Encryption Keys
2026-03-15 20:39:12.403: [INFO][SyncEngineBackend::DoFinishConfigureDataTypes] Failed to download types:  and succeeded types: Passwords, Encryption Keys
2026-03-15 20:39:12.406: [INFO][Sync] ConfigurationDone, failed: , succeeded: Passwords, Encryption Keys, remaining count: 3
2026-03-15 20:39:12.406: [INFO][SyncManagerImpl::ConfigureSyncer] Types to download:  with reason: 5
2026-03-15 20:39:12.406: [INFO][SyncEngineBackend::DoFinishConfigureDataTypes] Failed to download types:  and succeeded types: 
2026-03-15 20:39:12.406: [INFO][Sync] ConfigurationDone, failed: , succeeded: , remaining count: 2
2026-03-15 20:39:12.406: [INFO][SyncManagerImpl::ConfigureSyncer] Types to download:  with reason: 5
2026-03-15 20:39:12.406: [INFO][SyncEngineBackend::DoFinishConfigureDataTypes] Failed to download types:  and succeeded types: 
2026-03-15 20:39:12.408: [INFO][Sync] ConfigurationDone, failed: , succeeded: , remaining count: 1
2026-03-15 20:39:12.412: [INFO][SyncManagerImpl::ConfigureSyncer] Types to download:  with reason: 5
2026-03-15 20:39:12.412: [INFO][SyncEngineBackend::DoFinishConfigureDataTypes] Failed to download types:  and succeeded types: 
2026-03-15 20:39:12.414: [INFO][Sync] ConfigurationDone, failed: , succeeded: , remaining count: 0
2026-03-15 20:39:12.416: [INFO][Sync]     Configuration completed, state: 7
2026-03-15 20:39:12.419: [INFO][Sync] Configured DataTypeManager: Ok
2026-03-15 20:39:12.428: [INFO][SyncEngineBackend::DoStartSyncing] Start syncing
2026-03-15 20:42:45.570: [INFO][Sync] Reset engine, reason: 0
2026-03-15 20:42:45.570: [INFO][Sync] Reset engine with reason: 0
2026-03-15 21:05:42.499: [INFO][Sync] Reset engine, reason: 8
2026-03-15 21:05:42.499: [INFO][Sync] Stopped: Bookmarks
2026-03-15 21:05:42.499: [INFO][Sync] Stopped: Preferences
2026-03-15 21:05:42.499: [INFO][Sync] Stopped: Passwords
2026-03-15 21:05:42.499: [INFO][Sync] Stopped: Autofill Profiles
2026-03-15 21:05:42.499: [INFO][Sync] Stopped: Autofill
2026-03-15 21:05:42.499: [INFO][Sync] Stopped: Extensions
2026-03-15 21:05:42.499: [INFO][Sync] Stopped: Sessions
2026-03-15 21:05:42.499: [INFO][Sync] Stopped: Extension settings
2026-03-15 21:05:42.499: [INFO][Sync] Stopped: History Delete Directives
2026-03-15 21:05:42.499: [INFO][Sync] Stopped: Device Info
2026-03-15 21:05:42.499: [INFO][Sync] Stopped: User Consents
2026-03-15 21:05:42.499: [INFO][Sync] Stopped: Send Tab To Self
2026-03-15 21:05:42.499: [INFO][Sync] Stopped: Web Apps
2026-03-15 21:05:42.499: [INFO][Sync] Stopped: History
2026-03-15 21:05:42.499: [INFO][Sync] Stopped: Saved Tab Group
2026-03-15 21:05:42.499: [INFO][Sync] Stopped: WebAuthn Credentials
2026-03-15 21:05:42.499: [INFO][Sync] Stopped: Collection
2026-03-15 21:05:42.499: [INFO][Sync] Stopped: Edge E Drop
2026-03-15 21:05:42.499: [INFO][Sync] Stopped: Edge Hub App Usage
2026-03-15 21:05:42.499: [INFO][Sync] Stopped: Edge Wallet
2026-03-15 21:05:42.499: [INFO][Sync] Stopped: Edge Workspace
2026-03-15 21:05:42.499: [INFO][Sync] SyncState after authenticated was: NotSignedIn
2026-03-15 21:05:42.680: [INFO][Sync] Reset engine, reason: 8
2026-03-15 21:05:42.681: [INFO][Sync] Stopped: Bookmarks
2026-03-15 21:05:42.681: [INFO][Sync] Stopped: Preferences
2026-03-15 21:05:42.681: [INFO][Sync] Stopped: Passwords
2026-03-15 21:05:42.681: [INFO][Sync] Stopped: Autofill Profiles
2026-03-15 21:05:42.681: [INFO][Sync] Stopped: Autofill
2026-03-15 21:05:42.681: [INFO][Sync] Stopped: Extensions
2026-03-15 21:05:42.681: [INFO][Sync] Stopped: Sessions
2026-03-15 21:05:42.681: [INFO][Sync] Stopped: Extension settings
2026-03-15 21:05:42.681: [INFO][Sync] Stopped: History Delete Directives
2026-03-15 21:05:42.681: [INFO][Sync] Stopped: Device Info
2026-03-15 21:05:42.681: [INFO][Sync] Stopped: User Consents
2026-03-15 21:05:42.681: [INFO][Sync] Stopped: Send Tab To Self
2026-03-15 21:05:42.681: [INFO][Sync] Stopped: Web Apps
2026-03-15 21:05:42.681: [INFO][Sync] Stopped: History
2026-03-15 21:05:42.681: [INFO][Sync] Stopped: Saved Tab Group
2026-03-15 21:05:42.681: [INFO][Sync] Stopped: WebAuthn Credentials
2026-03-15 21:05:42.681: [INFO][Sync] Stopped: Collection
2026-03-15 21:05:42.681: [INFO][Sync] Stopped: Edge E Drop
2026-03-15 21:05:42.681: [INFO][Sync] Stopped: Edge Hub App Usage
2026-03-15 21:05:42.681: [INFO][Sync] Stopped: Edge Wallet
2026-03-15 21:05:42.681: [INFO][Sync] Stopped: Edge Workspace
2026-03-15 21:05:45.025: [INFO][Sync] Try to start sync engine
2026-03-15 21:05:45.027: [INFO][SyncManagerImpl::NudgeForInitialDownload] Initial download nudge for Encryption Keys
2026-03-15 21:05:45.027: [INFO][SyncEngineBackend::LoadAndConnectNigoriController] Load and connect Nigori controller
2026-03-15 21:05:45.027: [INFO][SyncEngineBackend::DoInitialize] Control Types added: Encryption Keys
2026-03-15 21:05:45.027: [INFO][SyncManagerImpl::ConfigureSyncer] Types to download: Encryption Keys with reason: 3
2026-03-15 21:05:45.027: [INFO][SyncSchedulerImpl::DoConfigurationSyncCycleJob] Configure job was blocked
2026-03-15 21:05:45.047: [INFO][SyncAuthManager::SetLastAuthError] Current auth error: None
2026-03-15 21:05:45.047: [INFO][SyncAuthManager::EdgeLogTokenErrorState] Token error with: None for account type: MSA
2026-03-15 21:05:45.047: [INFO][Sync] Credentials changed for: EdgeSyncScopeNew
2026-03-15 21:05:45.450: [INFO][SyncAuthManager::SetLastAuthError] Current auth error: None
2026-03-15 21:05:45.450: [INFO][SyncAuthManager::EdgeLogTokenErrorState] Token error with: None for account type: MSA
2026-03-15 21:05:45.450: [INFO][Sync] Credentials changed for: EdgeSyncKeyDataScope
2026-03-15 21:05:45.450: [INFO][SyncEngineBackend::DoUpdateKeyDataCredentials] Update key data credentials
2026-03-15 21:05:45.450: [INFO][SyncEngineBackend::DoUpdateCredentials] Update credentials
2026-03-15 21:05:45.450: [INFO][SyncSchedulerImpl::DoConfigurationSyncCycleJob] Blocked types:  and types to download: Encryption Keys
2026-03-15 21:05:46.100: [INFO][Sync] Started DataTypeManager configuration, reason: 4
2026-03-15 21:05:46.100: [INFO][Sync] Configuring for: Bookmarks, Preferences, Passwords, Autofill Profiles, Autofill, Extensions, Sessions, Extension settings, History Delete Directives, Device Info, User Consents, Send Tab To Self, Web Apps, History, Saved Tab Group, WebAuthn Credentials, Collection, Edge E Drop, Edge Hub App Usage, Edge Wallet, Edge Workspace, Encryption Keys, reason: 4, current state: 0
2026-03-15 21:05:46.100: [WARN][Sync] Crypto error data types: Passwords, Autofill Profiles, Autofill
2026-03-15 21:05:46.101: [INFO][Sync] Configure, desired: Bookmarks, Preferences, Extensions, Sessions, Extension settings, History Delete Directives, Device Info, User Consents, Send Tab To Self, Web Apps, History, Saved Tab Group, WebAuthn Credentials, Collection, Edge E Drop, Edge Hub App Usage, Edge Wallet, Edge Workspace, Encryption Keys; Allow fail: Passwords, Autofill Profiles, Autofill
2026-03-15 21:05:46.101: [INFO][Sync] Loading: Bookmarks
2026-03-15 21:05:46.101: [INFO][Sync] Loading: Preferences
2026-03-15 21:05:46.101: [INFO][Sync] Loading: Extensions
2026-03-15 21:05:46.101: [INFO][Sync] Loading: Sessions
2026-03-15 21:05:46.101: [INFO][Sync] Loading: Extension settings
2026-03-15 21:05:46.101: [INFO][Sync] Loading: History Delete Directives
2026-03-15 21:05:46.102: [INFO][Sync] Loading: Device Info
2026-03-15 21:05:46.102: [INFO][Sync] Loading: User Consents
2026-03-15 21:05:46.102: [INFO][Sync] Loading: Send Tab To Self
2026-03-15 21:05:46.102: [INFO][Sync] Loading: Web Apps
2026-03-15 21:05:46.102: [INFO][Sync] Loading: History
2026-03-15 21:05:46.102: [INFO][Sync] Loading: Saved Tab Group
2026-03-15 21:05:46.102: [INFO][Sync] Loading: WebAuthn Credentials
2026-03-15 21:05:46.102: [INFO][Sync] Loading: Collection
2026-03-15 21:05:46.102: [INFO][Sync] Loading: Edge E Drop
2026-03-15 21:05:46.102: [INFO][Sync] Loading: Edge Hub App Usage
2026-03-15 21:05:46.102: [INFO][Sync] Loading: Edge Wallet
2026-03-15 21:05:46.102: [INFO][Sync] Loading: Edge Workspace
2026-03-15 21:05:46.114: [INFO][Sync] All data types are ready for configure.
2026-03-15 21:05:46.599: [INFO][Sync] Started DataTypeManager configuration, reason: 5
2026-03-15 21:05:46.599: [INFO][Sync] Configuring for: Bookmarks, Preferences, Passwords, Autofill Profiles, Autofill, Extensions, Sessions, Extension settings, History Delete Directives, Device Info, User Consents, Send Tab To Self, Web Apps, History, Saved Tab Group, WebAuthn Credentials, Collection, Edge E Drop, Edge Hub App Usage, Edge Wallet, Edge Workspace, Encryption Keys, reason: 5, current state: 1
2026-03-15 21:05:46.603: [INFO][SyncEngineBackend::DoStartConfiguration] Start configuration
2026-03-15 21:05:46.603: [INFO][SyncManagerImpl::NudgeForInitialDownload] Initial download nudge for Bookmarks
2026-03-15 21:05:46.603: [INFO][SyncManagerImpl::NudgeForInitialDownload] Initial download nudge for Preferences
2026-03-15 21:05:46.603: [INFO][SyncManagerImpl::NudgeForInitialDownload] Initial download nudge for Extensions
2026-03-15 21:05:46.603: [INFO][SyncManagerImpl::NudgeForInitialDownload] Initial download nudge for Sessions
2026-03-15 21:05:46.603: [INFO][SyncManagerImpl::NudgeForInitialDownload] Initial download nudge for Extension settings
2026-03-15 21:05:46.603: [INFO][SyncManagerImpl::NudgeForInitialDownload] Initial download nudge for History Delete Directives
2026-03-15 21:05:46.603: [INFO][SyncManagerImpl::NudgeForInitialDownload] Initial download nudge for Device Info
2026-03-15 21:05:46.603: [INFO][SyncManagerImpl::NudgeForInitialDownload] Initial download nudge for Send Tab To Self
2026-03-15 21:05:46.603: [INFO][SyncManagerImpl::NudgeForInitialDownload] Initial download nudge for Web Apps
2026-03-15 21:05:46.603: [INFO][SyncManagerImpl::NudgeForInitialDownload] Initial download nudge for History
2026-03-15 21:05:46.603: [INFO][SyncManagerImpl::NudgeForInitialDownload] Initial download nudge for Saved Tab Group
2026-03-15 21:05:46.603: [INFO][SyncManagerImpl::NudgeForInitialDownload] Initial download nudge for WebAuthn Credentials
2026-03-15 21:05:46.603: [INFO][SyncManagerImpl::NudgeForInitialDownload] Initial download nudge for Collection
2026-03-15 21:05:46.603: [INFO][SyncManagerImpl::NudgeForInitialDownload] Initial download nudge for Edge E Drop
2026-03-15 21:05:46.603: [INFO][SyncManagerImpl::NudgeForInitialDownload] Initial download nudge for Edge Hub App Usage
2026-03-15 21:05:46.603: [INFO][SyncManagerImpl::NudgeForInitialDownload] Initial download nudge for Edge Wallet
2026-03-15 21:05:46.603: [INFO][SyncManagerImpl::NudgeForInitialDownload] Initial download nudge for Edge Workspace
2026-03-15 21:05:46.603: [INFO][SyncManagerImpl::ConfigureSyncer] Types to download:  with reason: 4
2026-03-15 21:05:46.603: [INFO][SyncEngineBackend::DoFinishConfigureDataTypes] Failed to download types:  and succeeded types: 
2026-03-15 21:05:46.603: [INFO][Sync] ConfigurationDone, failed: , succeeded: , remaining count: 4
2026-03-15 21:05:46.603: [WARN][Sync]     Reconfigure requested while configuration ongoing.
2026-03-15 21:05:46.603: [INFO][Sync] Configuring for: Bookmarks, Preferences, Passwords, Autofill Profiles, Autofill, Extensions, Sessions, Extension settings, History Delete Directives, Device Info, User Consents, Send Tab To Self, Web Apps, History, Saved Tab Group, WebAuthn Credentials, Collection, Edge E Drop, Edge Hub App Usage, Edge Wallet, Edge Workspace, Encryption Keys, reason: 5, current state: 2
2026-03-15 21:05:46.604: [INFO][Sync] Configure, desired: Bookmarks, Preferences, Passwords, Autofill Profiles, Autofill, Extensions, Sessions, Extension settings, History Delete Directives, Device Info, User Consents, Send Tab To Self, Web Apps, History, Saved Tab Group, WebAuthn Credentials, Collection, Edge E Drop, Edge Hub App Usage, Edge Wallet, Edge Workspace, Encryption Keys; Allow fail: 
2026-03-15 21:05:46.604: [INFO][Sync] Loading: Passwords
2026-03-15 21:05:46.604: [INFO][Sync] Loading: Autofill Profiles
2026-03-15 21:05:46.604: [INFO][Sync] Loading: Autofill
2026-03-15 21:05:46.604: [INFO][Sync] All data types are ready for configure.
2026-03-15 21:05:46.604: [INFO][SyncManagerImpl::NudgeForInitialDownload] Initial download nudge for Passwords
2026-03-15 21:05:46.604: [INFO][SyncManagerImpl::NudgeForInitialDownload] Initial download nudge for Autofill Profiles
2026-03-15 21:05:46.604: [INFO][SyncManagerImpl::NudgeForInitialDownload] Initial download nudge for Autofill
2026-03-15 21:05:46.604: [INFO][SyncManagerImpl::ConfigureSyncer] Types to download:  with reason: 5
2026-03-15 21:05:46.604: [INFO][SyncEngineBackend::DoFinishConfigureDataTypes] Failed to download types:  and succeeded types: 
2026-03-15 21:05:46.604: [INFO][Sync] ConfigurationDone, failed: , succeeded: , remaining count: 4
2026-03-15 21:05:46.604: [INFO][Sync] Prepare to configure types: Preferences, Passwords, Device Info, Send Tab To Self, Edge E Drop, Encryption Keys
2026-03-15 21:05:46.604: [INFO][SyncManagerImpl::ConfigureSyncer] Types to download: Preferences, Passwords, Device Info, Send Tab To Self, Edge E Drop, Encryption Keys with reason: 5
2026-03-15 21:05:46.604: [INFO][SyncSchedulerImpl::DoConfigurationSyncCycleJob] Blocked types:  and types to download: Preferences, Passwords, Device Info, Send Tab To Self, Edge E Drop, Encryption Keys
2026-03-15 21:05:47.093: [INFO][SyncEngineBackend::DoFinishConfigureDataTypes] Failed to download types:  and succeeded types: Preferences, Passwords, Device Info, Send Tab To Self, Edge E Drop, Encryption Keys
2026-03-15 21:05:47.095: [INFO][Sync] ConfigurationDone, failed: , succeeded: Preferences, Passwords, Device Info, Send Tab To Self, Edge E Drop, Encryption Keys, remaining count: 3
2026-03-15 21:05:47.095: [INFO][Sync] Prepare to configure types: Bookmarks, Encryption Keys
2026-03-15 21:05:47.095: [INFO][SyncManagerImpl::ConfigureSyncer] Types to download: Bookmarks, Encryption Keys with reason: 5
2026-03-15 21:05:47.095: [INFO][SyncSchedulerImpl::DoConfigurationSyncCycleJob] Blocked types:  and types to download: Bookmarks, Encryption Keys
2026-03-15 21:05:47.319: [INFO][SyncEngineBackend::DoFinishConfigureDataTypes] Failed to download types:  and succeeded types: Bookmarks, Encryption Keys
2026-03-15 21:05:47.321: [INFO][Sync] ConfigurationDone, failed: , succeeded: Bookmarks, Encryption Keys, remaining count: 2
2026-03-15 21:05:47.321: [INFO][Sync] Prepare to configure types: Autofill Profiles, Autofill, Extensions, Sessions, Extension settings, History Delete Directives, Web Apps, Saved Tab Group, WebAuthn Credentials, Collection, Edge Hub App Usage, Edge Wallet, Edge Workspace, Encryption Keys
2026-03-15 21:05:47.321: [INFO][SyncManagerImpl::ConfigureSyncer] Types to download: Autofill Profiles, Autofill, Extensions, Sessions, Extension settings, History Delete Directives, Web Apps, Saved Tab Group, WebAuthn Credentials, Collection, Edge Hub App Usage, Edge Wallet, Edge Workspace, Encryption Keys with reason: 5
2026-03-15 21:05:47.321: [INFO][SyncSchedulerImpl::DoConfigurationSyncCycleJob] Blocked types:  and types to download: Autofill Profiles, Autofill, Extensions, Sessions, Extension settings, History Delete Directives, Web Apps, Saved Tab Group, WebAuthn Credentials, Collection, Edge Hub App Usage, Edge Wallet, Edge Workspace, Encryption Keys
2026-03-15 21:05:48.519: [INFO][SyncEngineBackend::DoFinishConfigureDataTypes] Failed to download types:  and succeeded types: Autofill Profiles, Autofill, Extensions, Sessions, Extension settings, History Delete Directives, Web Apps, Saved Tab Group, WebAuthn Credentials, Collection, Edge Hub App Usage, Edge Wallet, Edge Workspace, Encryption Keys
2026-03-15 21:05:48.530: [INFO][Sync] ConfigurationDone, failed: , succeeded: Autofill Profiles, Autofill, Extensions, Sessions, Extension settings, History Delete Directives, Web Apps, Saved Tab Group, WebAuthn Credentials, Collection, Edge Hub App Usage, Edge Wallet, Edge Workspace, Encryption Keys, remaining count: 1
2026-03-15 21:05:48.531: [INFO][Sync] Prepare to configure types: History, Encryption Keys
2026-03-15 21:05:48.531: [INFO][SyncManagerImpl::ConfigureSyncer] Types to download: History, Encryption Keys with reason: 5
2026-03-15 21:05:48.531: [INFO][SyncSchedulerImpl::DoConfigurationSyncCycleJob] Blocked types:  and types to download: History, Encryption Keys
2026-03-15 21:05:52.466: [INFO][SyncEngineBackend::DoFinishConfigureDataTypes] Failed to download types:  and succeeded types: History, Encryption Keys
2026-03-15 21:05:52.467: [INFO][Sync] ConfigurationDone, failed: , succeeded: History, Encryption Keys, remaining count: 0
2026-03-15 21:05:52.469: [INFO][Sync]     Configuration completed, state: 7
2026-03-15 21:05:52.469: [INFO][Sync] Configured DataTypeManager: Ok
2026-03-15 21:05:52.478: [INFO][SyncEngineBackend::DoStartSyncing] Start syncing
2026-03-15 21:07:02.895: [INFO][Sync] Reset engine, reason: 0
2026-03-15 21:07:02.895: [INFO][Sync] Reset engine with reason: 0
2026-03-15 21:35:55.763: [INFO][Sync] SyncState after authenticated was: FeatureCanStart
2026-03-15 21:35:57.203: [INFO][SyncAuthManager::SetLastAuthError] Current auth error: None
2026-03-15 21:35:57.203: [INFO][SyncAuthManager::EdgeLogTokenErrorState] Token error with: None for account type: MSA
2026-03-15 21:35:57.203: [INFO][Sync] Credentials changed for: EdgeSyncKeyDataScope
2026-03-15 21:36:03.135: [INFO][Sync] Try to start sync engine
2026-03-15 21:36:03.146: [INFO][SyncAuthManager::SetLastAuthError] Current auth error: None
2026-03-15 21:36:03.146: [INFO][SyncAuthManager::EdgeLogTokenErrorState] Token error with: None for account type: MSA
2026-03-15 21:36:03.146: [INFO][Sync] Credentials changed for: EdgeSyncScopeNew
2026-03-15 21:36:03.158: [INFO][SyncManagerImpl::NudgeForInitialDownload] Initial download nudge for Encryption Keys
2026-03-15 21:36:03.158: [INFO][SyncEngineBackend::LoadAndConnectNigoriController] Load and connect Nigori controller
2026-03-15 21:36:03.159: [INFO][SyncEngineBackend::DoInitialize] Control Types added: Encryption Keys
2026-03-15 21:36:03.159: [INFO][SyncManagerImpl::ConfigureSyncer] Types to download: Encryption Keys with reason: 3
2026-03-15 21:36:03.160: [INFO][SyncEngineBackend::DoUpdateKeyDataCredentials] Update key data credentials
2026-03-15 21:36:03.160: [INFO][SyncEngineBackend::DoUpdateCredentials] Update credentials
2026-03-15 21:36:03.160: [INFO][SyncEngineBackend::DoUpdateKeyDataCredentials] Update key data credentials
2026-03-15 21:36:03.161: [INFO][SyncSchedulerImpl::DoConfigurationSyncCycleJob] Blocked types:  and types to download: Encryption Keys
2026-03-15 21:36:03.750: [INFO][Sync] Started DataTypeManager configuration, reason: 4
2026-03-15 21:36:03.751: [INFO][Sync] Configuring for: Bookmarks, Preferences, Passwords, Autofill Profiles, Autofill, Extensions, Sessions, Extension settings, History Delete Directives, Device Info, User Consents, Send Tab To Self, Web Apps, History, Saved Tab Group, WebAuthn Credentials, Collection, Edge E Drop, Edge Hub App Usage, Edge Wallet, Edge Workspace, Encryption Keys, reason: 4, current state: 0
2026-03-15 21:36:03.752: [WARN][Sync] Crypto error data types: Passwords, Autofill Profiles, Autofill
2026-03-15 21:36:03.756: [INFO][Sync] Configure, desired: Bookmarks, Preferences, Extensions, Sessions, Extension settings, History Delete Directives, Device Info, User Consents, Send Tab To Self, Web Apps, History, Saved Tab Group, WebAuthn Credentials, Collection, Edge E Drop, Edge Hub App Usage, Edge Wallet, Edge Workspace, Encryption Keys; Allow fail: Passwords, Autofill Profiles, Autofill
2026-03-15 21:36:03.757: [INFO][Sync] Loading: Bookmarks
2026-03-15 21:36:03.757: [INFO][Sync] Loading: Preferences
2026-03-15 21:36:03.757: [INFO][Sync] Loading: Extensions
2026-03-15 21:36:03.758: [INFO][Sync] Loading: Sessions
2026-03-15 21:36:03.759: [INFO][Sync] Loading: Extension settings
2026-03-15 21:36:03.760: [INFO][Sync] Loading: History Delete Directives
2026-03-15 21:36:03.760: [INFO][Sync] Loading: Device Info
2026-03-15 21:36:03.760: [INFO][Sync] Loading: User Consents
2026-03-15 21:36:03.760: [INFO][Sync] Loading: Send Tab To Self
2026-03-15 21:36:03.760: [INFO][Sync] Loading: Web Apps
2026-03-15 21:36:03.760: [INFO][Sync] Loading: History
2026-03-15 21:36:03.760: [INFO][Sync] Loading: Saved Tab Group
2026-03-15 21:36:03.760: [INFO][Sync] Loading: WebAuthn Credentials
2026-03-15 21:36:03.760: [INFO][Sync] Loading: Collection
2026-03-15 21:36:03.760: [INFO][Sync] Loading: Edge E Drop
2026-03-15 21:36:03.760: [INFO][Sync] Loading: Edge Hub App Usage
2026-03-15 21:36:03.760: [INFO][Sync] Loading: Edge Wallet
2026-03-15 21:36:03.760: [INFO][Sync] Loading: Edge Workspace
2026-03-15 21:36:03.784: [INFO][Sync] All data types are ready for configure.
2026-03-15 21:36:04.232: [INFO][Sync] Started DataTypeManager configuration, reason: 5
2026-03-15 21:36:04.232: [INFO][Sync] Configuring for: Bookmarks, Preferences, Passwords, Autofill Profiles, Autofill, Extensions, Sessions, Extension settings, History Delete Directives, Device Info, User Consents, Send Tab To Self, Web Apps, History, Saved Tab Group, WebAuthn Credentials, Collection, Edge E Drop, Edge Hub App Usage, Edge Wallet, Edge Workspace, Encryption Keys, reason: 5, current state: 1
2026-03-15 21:36:04.237: [INFO][SyncEngineBackend::DoStartConfiguration] Start configuration
2026-03-15 21:36:04.238: [INFO][SyncManagerImpl::ConfigureSyncer] Types to download:  with reason: 4
2026-03-15 21:36:04.238: [INFO][SyncEngineBackend::DoFinishConfigureDataTypes] Failed to download types:  and succeeded types: 
2026-03-15 21:36:04.239: [INFO][Sync] ConfigurationDone, failed: , succeeded: , remaining count: 4
2026-03-15 21:36:04.239: [WARN][Sync]     Reconfigure requested while configuration ongoing.
2026-03-15 21:36:04.239: [INFO][Sync] Configuring for: Bookmarks, Preferences, Passwords, Autofill Profiles, Autofill, Extensions, Sessions, Extension settings, History Delete Directives, Device Info, User Consents, Send Tab To Self, Web Apps, History, Saved Tab Group, WebAuthn Credentials, Collection, Edge E Drop, Edge Hub App Usage, Edge Wallet, Edge Workspace, Encryption Keys, reason: 5, current state: 2
2026-03-15 21:36:04.239: [INFO][Sync] Configure, desired: Bookmarks, Preferences, Passwords, Autofill Profiles, Autofill, Extensions, Sessions, Extension settings, History Delete Directives, Device Info, User Consents, Send Tab To Self, Web Apps, History, Saved Tab Group, WebAuthn Credentials, Collection, Edge E Drop, Edge Hub App Usage, Edge Wallet, Edge Workspace, Encryption Keys; Allow fail: 
2026-03-15 21:36:04.239: [INFO][Sync] Loading: Passwords
2026-03-15 21:36:04.239: [INFO][Sync] Loading: Autofill Profiles
2026-03-15 21:36:04.239: [INFO][Sync] Loading: Autofill
2026-03-15 21:36:04.240: [INFO][Sync] All data types are ready for configure.
2026-03-15 21:36:04.240: [INFO][SyncManagerImpl::NudgeForInitialDownload] Initial download nudge for Passwords
2026-03-15 21:36:04.241: [INFO][SyncManagerImpl::ConfigureSyncer] Types to download:  with reason: 5
2026-03-15 21:36:04.241: [INFO][SyncEngineBackend::DoFinishConfigureDataTypes] Failed to download types:  and succeeded types: 
2026-03-15 21:36:04.241: [INFO][Sync] ConfigurationDone, failed: , succeeded: , remaining count: 4
2026-03-15 21:36:04.241: [INFO][Sync] Prepare to configure types: Passwords, Encryption Keys
2026-03-15 21:36:04.241: [INFO][SyncManagerImpl::ConfigureSyncer] Types to download: Passwords, Encryption Keys with reason: 5
2026-03-15 21:36:04.241: [INFO][SyncSchedulerImpl::DoConfigurationSyncCycleJob] Blocked types:  and types to download: Passwords, Encryption Keys
2026-03-15 21:36:04.485: [INFO][SyncEngineBackend::DoFinishConfigureDataTypes] Failed to download types:  and succeeded types: Passwords, Encryption Keys
2026-03-15 21:36:04.489: [INFO][Sync] ConfigurationDone, failed: , succeeded: Passwords, Encryption Keys, remaining count: 3
2026-03-15 21:36:04.489: [INFO][SyncManagerImpl::ConfigureSyncer] Types to download:  with reason: 5
2026-03-15 21:36:04.489: [INFO][SyncEngineBackend::DoFinishConfigureDataTypes] Failed to download types:  and succeeded types: 
2026-03-15 21:36:04.492: [INFO][Sync] ConfigurationDone, failed: , succeeded: , remaining count: 2
2026-03-15 21:36:04.492: [INFO][SyncManagerImpl::ConfigureSyncer] Types to download:  with reason: 5
2026-03-15 21:36:04.492: [INFO][SyncEngineBackend::DoFinishConfigureDataTypes] Failed to download types:  and succeeded types: 
2026-03-15 21:36:04.492: [INFO][Sync] ConfigurationDone, failed: , succeeded: , remaining count: 1
2026-03-15 21:36:04.497: [INFO][SyncManagerImpl::ConfigureSyncer] Types to download:  with reason: 5
2026-03-15 21:36:04.497: [INFO][SyncEngineBackend::DoFinishConfigureDataTypes] Failed to download types:  and succeeded types: 
2026-03-15 21:36:04.497: [INFO][Sync] ConfigurationDone, failed: , succeeded: , remaining count: 0
2026-03-15 21:36:04.498: [INFO][Sync]     Configuration completed, state: 7
2026-03-15 21:36:04.502: [INFO][Sync] Configured DataTypeManager: Ok
2026-03-15 21:36:04.513: [INFO][SyncEngineBackend::DoStartSyncing] Start syncing
2026-03-15 21:37:12.857: [INFO][Sync] Reset engine, reason: 0
2026-03-15 21:37:12.857: [INFO][Sync] Reset engine with reason: 0
